[INFO] Scanning for projects...
[INFO] 
[INFO] -----------------------< com.example:DeployFast >-----------------------
[INFO] Building DeployFast 0.0.1-SNAPSHOT
[INFO]   from pom.xml
[INFO] --------------------------------[ jar ]---------------------------------
[INFO] 
[INFO] --- jacoco:0.8.12:prepare-agent (default) @ DeployFast ---
[INFO] argLine set to "-javaagent:C:\\Users\\FLORINDA KEVINE\\.m2\\repository\\org\\jacoco\\org.jacoco.agent\\0.8.12\\org.jacoco.agent-0.8.12-runtime.jar=destfile=C:\\Users\\FLORINDA KEVINE\\Desktop\\Audrey\\DeployFast\\target\\jacoco.exec"
[INFO] 
[INFO] --- resources:3.3.1:resources (default-resources) @ DeployFast ---
[INFO] Copying 1 resource from src\main\resources to target\classes
[INFO] Copying 0 resource from src\main\resources to target\classes
[INFO] 
[INFO] --- compiler:3.13.0:compile (default-compile) @ DeployFast ---
[INFO] Nothing to compile - all classes are up to date.
[INFO] 
[INFO] --- resources:3.3.1:testResources (default-testResources) @ DeployFast ---
[INFO] skip non existing resourceDirectory C:\Users\FLORINDA KEVINE\Desktop\Audrey\DeployFast\src\test\resources
[INFO] 
[INFO] --- compiler:3.13.0:testCompile (default-testCompile) @ DeployFast ---
[INFO] Nothing to compile - all classes are up to date.
[INFO] 
[INFO] --- surefire:3.5.2:test (default-test) @ DeployFast ---
[WARNING]  Parameter 'systemProperties' is deprecated: Use systemPropertyVariables instead.
[INFO] Using auto detected provider org.apache.maven.surefire.junitplatform.JUnitPlatformProvider
[INFO] 
[INFO] -------------------------------------------------------
[INFO]  T E S T S
[INFO] -------------------------------------------------------
[INFO] Running com.example.deployfast.AuthAndTaskIntegrationTest
13:02:51.147 [main] INFO org.springframework.test.context.support.AnnotationConfigContextLoaderUtils -- Could not detect default configuration classes for test class [com.example.deployfast.AuthAndTaskIntegrationTest]: AuthAndTaskIntegrationTest does not declare any static, non-private, non-final, nested classes annotated with @Configuration.
13:02:54.047 [main] INFO org.springframework.boot.test.context.SpringBootTestContextBootstrapper -- Found @SpringBootConfiguration com.example.deployfast.DeployFastApplication for test class com.example.deployfast.AuthAndTaskIntegrationTest
13:02:57.222 [main] INFO org.springframework.boot.devtools.restart.RestartApplicationListener -- Restart disabled due to context in which it is running

  .   ____          _            __ _ _
 /\\ / ___'_ __ _ _(_)_ __  __ _ \ \ \ \
( ( )\___ | '_ | '_| | '_ \/ _` | \ \ \ \
 \\/  ___)| |_)| | | | | || (_| |  ) ) ) )
  '  |____| .__|_| |_|_| |_\__, | / / / /
 =========|_|==============|___/=/_/_/_/

 :: Spring Boot ::                (v3.4.3)

2026-03-09T13:03:00.986+01:00  INFO 24624 --- [DeployFast] [           main] c.e.d.AuthAndTaskIntegrationTest         : Starting AuthAndTaskIntegrationTest using Java 21.0.1 with PID 24624 (started by FLORINDA KEVINE in C:\Users\FLORINDA KEVINE\Desktop\Audrey\DeployFast)
2026-03-09T13:03:01.000+01:00  INFO 24624 --- [DeployFast] [           main] c.e.d.AuthAndTaskIntegrationTest         : No active profile set, falling back to 1 default profile: "default"
2026-03-09T13:03:09.428+01:00  INFO 24624 --- [DeployFast] [           main] .s.d.r.c.RepositoryConfigurationDelegate : Bootstrapping Spring Data JPA repositories in DEFAULT mode.
2026-03-09T13:03:09.929+01:00  INFO 24624 --- [DeployFast] [           main] .s.d.r.c.RepositoryConfigurationDelegate : Finished Spring Data repository scanning in 423 ms. Found 2 JPA repository interfaces.
2026-03-09T13:03:16.149+01:00  INFO 24624 --- [DeployFast] [           main] o.hibernate.jpa.internal.util.LogHelper  : HHH000204: Processing PersistenceUnitInfo [name: default]
2026-03-09T13:03:17.622+01:00  INFO 24624 --- [DeployFast] [           main] org.hibernate.Version                    : HHH000412: Hibernate ORM core version 6.6.8.Final
2026-03-09T13:03:18.063+01:00  INFO 24624 --- [DeployFast] [           main] o.h.c.internal.RegionFactoryInitiator    : HHH000026: Second-level cache disabled
2026-03-09T13:03:21.491+01:00  INFO 24624 --- [DeployFast] [           main] o.s.o.j.p.SpringPersistenceUnitInfo      : No LoadTimeWeaver setup: ignoring JPA class transformer
2026-03-09T13:03:21.905+01:00  INFO 24624 --- [DeployFast] [           main] com.zaxxer.hikari.HikariDataSource       : HikariPool-1 - Starting...
2026-03-09T13:03:24.571+01:00  WARN 24624 --- [DeployFast] [           main] o.h.engine.jdbc.spi.SqlExceptionHelper   : SQL Error: 0, SQLState: 28P01
2026-03-09T13:03:24.572+01:00 ERROR 24624 --- [DeployFast] [           main] o.h.engine.jdbc.spi.SqlExceptionHelper   : FATAL: authentification par mot de passe ?chou?e pour l'utilisateur  ? postgres ?
2026-03-09T13:03:24.593+01:00  WARN 24624 --- [DeployFast] [           main] o.h.e.j.e.i.JdbcEnvironmentInitiator     : HHH000342: Could not obtain connection to query metadata

org.hibernate.exception.GenericJDBCException: unable to obtain isolated JDBC connection [FATAL: authentification par mot de passe ?chou?e pour l'utilisateur  ? postgres ?] [n/a]
	at org.hibernate.exception.internal.StandardSQLExceptionConverter.convert(StandardSQLExceptionConverter.java:63) ~[hibernate-core-6.6.8.Final.jar:6.6.8.Final]
	at org.hibernate.engine.jdbc.spi.SqlExceptionHelper.convert(SqlExceptionHelper.java:108) ~[hibernate-core-6.6.8.Final.jar:6.6.8.Final]
	at org.hibernate.engine.jdbc.spi.SqlExceptionHelper.convert(SqlExceptionHelper.java:94) ~[hibernate-core-6.6.8.Final.jar:6.6.8.Final]
	at org.hibernate.resource.transaction.backend.jdbc.internal.JdbcIsolationDelegate.delegateWork(JdbcIsolationDelegate.java:116) ~[hibernate-core-6.6.8.Final.jar:6.6.8.Final]
	at org.hibernate.engine.jdbc.env.internal.JdbcEnvironmentInitiator.getJdbcEnvironmentUsingJdbcMetadata(JdbcEnvironmentInitiator.java:320) ~[hibernate-core-6.6.8.Final.jar:6.6.8.Final]
	at org.hibernate.engine.jdbc.env.internal.JdbcEnvironmentInitiator.initiateService(JdbcEnvironmentInitiator.java:129) ~[hibernate-core-6.6.8.Final.jar:6.6.8.Final]
	at org.hibernate.engine.jdbc.env.internal.JdbcEnvironmentInitiator.initiateService(JdbcEnvironmentInitiator.java:81) ~[hibernate-core-6.6.8.Final.jar:6.6.8.Final]
	at org.hibernate.boot.registry.internal.StandardServiceRegistryImpl.initiateService(StandardServiceRegistryImpl.java:130) ~[hibernate-core-6.6.8.Final.jar:6.6.8.Final]
	at org.hibernate.service.internal.AbstractServiceRegistryImpl.createService(AbstractServiceRegistryImpl.java:263) ~[hibernate-core-6.6.8.Final.jar:6.6.8.Final]
	at org.hibernate.service.internal.AbstractServiceRegistryImpl.initializeService(AbstractServiceRegistryImpl.java:238) ~[hibernate-core-6.6.8.Final.jar:6.6.8.Final]
	at org.hibernate.service.internal.AbstractServiceRegistryImpl.getService(AbstractServiceRegistryImpl.java:215) ~[hibernate-core-6.6.8.Final.jar:6.6.8.Final]
	at org.hibernate.boot.model.relational.Database.<init>(Database.java:45) ~[hibernate-core-6.6.8.Final.jar:6.6.8.Final]
	at org.hibernate.boot.internal.InFlightMetadataCollectorImpl.getDatabase(InFlightMetadataCollectorImpl.java:226) ~[hibernate-core-6.6.8.Final.jar:6.6.8.Final]
	at org.hibernate.boot.internal.InFlightMetadataCollectorImpl.<init>(InFlightMetadataCollectorImpl.java:194) ~[hibernate-core-6.6.8.Final.jar:6.6.8.Final]
	at org.hibernate.boot.model.process.spi.MetadataBuildingProcess.complete(MetadataBuildingProcess.java:171) ~[hibernate-core-6.6.8.Final.jar:6.6.8.Final]
	at org.hibernate.jpa.boot.internal.EntityManagerFactoryBuilderImpl.metadata(EntityManagerFactoryBuilderImpl.java:1442) ~[hibernate-core-6.6.8.Final.jar:6.6.8.Final]
	at org.hibernate.jpa.boot.internal.EntityManagerFactoryBuilderImpl.build(EntityManagerFactoryBuilderImpl.java:1513) ~[hibernate-core-6.6.8.Final.jar:6.6.8.Final]
	at org.springframework.orm.jpa.vendor.SpringHibernateJpaPersistenceProvider.createContainerEntityManagerFactory(SpringHibernateJpaPersistenceProvider.java:66) ~[spring-orm-6.2.3.jar:6.2.3]
	at org.springframework.orm.jpa.LocalContainerEntityManagerFactoryBean.createNativeEntityManagerFactory(LocalContainerEntityManagerFactoryBean.java:390) ~[spring-orm-6.2.3.jar:6.2.3]
	at org.springframework.orm.jpa.AbstractEntityManagerFactoryBean.buildNativeEntityManagerFactory(AbstractEntityManagerFactoryBean.java:419) ~[spring-orm-6.2.3.jar:6.2.3]
	at org.springframework.orm.jpa.AbstractEntityManagerFactoryBean.afterPropertiesSet(AbstractEntityManagerFactoryBean.java:400) ~[spring-orm-6.2.3.jar:6.2.3]
	at org.springframework.orm.jpa.LocalContainerEntityManagerFactoryBean.afterPropertiesSet(LocalContainerEntityManagerFactoryBean.java:366) ~[spring-orm-6.2.3.jar:6.2.3]
	at org.springframework.beans.factory.support.AbstractAutowireCapableBeanFactory.invokeInitMethods(AbstractAutowireCapableBeanFactory.java:1859) ~[spring-beans-6.2.3.jar:6.2.3]
	at org.springframework.beans.factory.support.AbstractAutowireCapableBeanFactory.initializeBean(AbstractAutowireCapableBeanFactory.java:1808) ~[spring-beans-6.2.3.jar:6.2.3]
	at org.springframework.beans.factory.support.AbstractAutowireCapableBeanFactory.doCreateBean(AbstractAutowireCapableBeanFactory.java:601) ~[spring-beans-6.2.3.jar:6.2.3]
	at org.springframework.beans.factory.support.AbstractAutowireCapableBeanFactory.createBean(AbstractAutowireCapableBeanFactory.java:523) ~[spring-beans-6.2.3.jar:6.2.3]
	at org.springframework.beans.factory.support.AbstractBeanFactory.lambda$doGetBean$0(AbstractBeanFactory.java:339) ~[spring-beans-6.2.3.jar:6.2.3]
	at org.springframework.beans.factory.support.DefaultSingletonBeanRegistry.getSingleton(DefaultSingletonBeanRegistry.java:346) ~[spring-beans-6.2.3.jar:6.2.3]
	at org.springframework.beans.factory.support.AbstractBeanFactory.doGetBean(AbstractBeanFactory.java:337) ~[spring-beans-6.2.3.jar:6.2.3]
	at org.springframework.beans.factory.support.AbstractBeanFactory.getBean(AbstractBeanFactory.java:207) ~[spring-beans-6.2.3.jar:6.2.3]
	at org.springframework.context.support.AbstractApplicationContext.finishBeanFactoryInitialization(AbstractApplicationContext.java:970) ~[spring-context-6.2.3.jar:6.2.3]
	at org.springframework.context.support.AbstractApplicationContext.refresh(AbstractApplicationContext.java:627) ~[spring-context-6.2.3.jar:6.2.3]
	at org.springframework.boot.SpringApplication.refresh(SpringApplication.java:752) ~[spring-boot-3.4.3.jar:3.4.3]
	at org.springframework.boot.SpringApplication.refreshContext(SpringApplication.java:439) ~[spring-boot-3.4.3.jar:3.4.3]
	at org.springframework.boot.SpringApplication.run(SpringApplication.java:318) ~[spring-boot-3.4.3.jar:3.4.3]
	at org.springframework.boot.test.context.SpringBootContextLoader.lambda$loadContext$3(SpringBootContextLoader.java:137) ~[spring-boot-test-3.4.3.jar:3.4.3]
	at org.springframework.util.function.ThrowingSupplier.get(ThrowingSupplier.java:58) ~[spring-core-6.2.3.jar:6.2.3]
	at org.springframework.util.function.ThrowingSupplier.get(ThrowingSupplier.java:46) ~[spring-core-6.2.3.jar:6.2.3]
	at org.springframework.boot.SpringApplication.withHook(SpringApplication.java:1461) ~[spring-boot-3.4.3.jar:3.4.3]
	at org.springframework.boot.test.context.SpringBootContextLoader$ContextLoaderHook.run(SpringBootContextLoader.java:553) ~[spring-boot-test-3.4.3.jar:3.4.3]
	at org.springframework.boot.test.context.SpringBootContextLoader.loadContext(SpringBootContextLoader.java:137) ~[spring-boot-test-3.4.3.jar:3.4.3]
	at org.springframework.boot.test.context.SpringBootContextLoader.loadContext(SpringBootContextLoader.java:108) ~[spring-boot-test-3.4.3.jar:3.4.3]
	at org.springframework.test.context.cache.DefaultCacheAwareContextLoaderDelegate.loadContextInternal(DefaultCacheAwareContextLoaderDelegate.java:225) ~[spring-test-6.2.3.jar:6.2.3]
	at org.springframework.test.context.cache.DefaultCacheAwareContextLoaderDelegate.loadContext(DefaultCacheAwareContextLoaderDelegate.java:152) ~[spring-test-6.2.3.jar:6.2.3]
	at org.springframework.test.context.support.DefaultTestContext.getApplicationContext(DefaultTestContext.java:130) ~[spring-test-6.2.3.jar:6.2.3]
	at org.springframework.test.context.web.ServletTestExecutionListener.setUpRequestContextIfNecessary(ServletTestExecutionListener.java:200) ~[spring-test-6.2.3.jar:6.2.3]
	at org.springframework.test.context.web.ServletTestExecutionListener.prepareTestInstance(ServletTestExecutionListener.java:139) ~[spring-test-6.2.3.jar:6.2.3]
	at org.springframework.test.context.TestContextManager.prepareTestInstance(TestContextManager.java:260) ~[spring-test-6.2.3.jar:6.2.3]
	at org.springframework.test.context.junit.jupiter.SpringExtension.postProcessTestInstance(SpringExtension.java:160) ~[spring-test-6.2.3.jar:6.2.3]
	at org.junit.jupiter.engine.descriptor.ClassBasedTestDescriptor.lambda$invokeTestInstancePostProcessors$11(ClassBasedTestDescriptor.java:378) ~[junit-jupiter-engine-5.11.4.jar:5.11.4]
	at org.junit.jupiter.engine.descriptor.ClassBasedTestDescriptor.executeAndMaskThrowable(ClassBasedTestDescriptor.java:383) ~[junit-jupiter-engine-5.11.4.jar:5.11.4]
	at org.junit.jupiter.engine.descriptor.ClassBasedTestDescriptor.lambda$invokeTestInstancePostProcessors$12(ClassBasedTestDescriptor.java:378) ~[junit-jupiter-engine-5.11.4.jar:5.11.4]
	at java.base/java.util.stream.ForEachOps$ForEachOp$OfRef.accept(ForEachOps.java:184) ~[na:na]
	at java.base/java.util.stream.ReferencePipeline$3$1.accept(ReferencePipeline.java:197) ~[na:na]
	at java.base/java.util.stream.ReferencePipeline$2$1.accept(ReferencePipeline.java:179) ~[na:na]
	at java.base/java.util.stream.ReferencePipeline$3$1.accept(ReferencePipeline.java:197) ~[na:na]
	at java.base/java.util.ArrayList$ArrayListSpliterator.forEachRemaining(ArrayList.java:1708) ~[na:na]
	at java.base/java.util.stream.AbstractPipeline.copyInto(AbstractPipeline.java:509) ~[na:na]
	at java.base/java.util.stream.AbstractPipeline.wrapAndCopyInto(AbstractPipeline.java:499) ~[na:na]
	at java.base/java.util.stream.ForEachOps$ForEachOp.evaluateSequential(ForEachOps.java:151) ~[na:na]
	at java.base/java.util.stream.ForEachOps$ForEachOp$OfRef.evaluateSequential(ForEachOps.java:174) ~[na:na]
	at java.base/java.util.stream.AbstractPipeline.evaluate(AbstractPipeline.java:234) ~[na:na]
	at java.base/java.util.stream.ReferencePipeline.forEach(ReferencePipeline.java:596) ~[na:na]
	at org.junit.jupiter.engine.descriptor.ClassBasedTestDescriptor.invokeTestInstancePostProcessors(ClassBasedTestDescriptor.java:377) ~[junit-jupiter-engine-5.11.4.jar:5.11.4]
	at org.junit.jupiter.engine.descriptor.ClassBasedTestDescriptor.lambda$instantiateAndPostProcessTestInstance$7(ClassBasedTestDescriptor.java:290) ~[junit-jupiter-engine-5.11.4.jar:5.11.4]
	at org.junit.platform.engine.support.hierarchical.ThrowableCollector.execute(ThrowableCollector.java:73) ~[junit-platform-engine-1.11.4.jar:1.11.4]
	at org.junit.jupiter.engine.descriptor.ClassBasedTestDescriptor.instantiateAndPostProcessTestInstance(ClassBasedTestDescriptor.java:289) ~[junit-jupiter-engine-5.11.4.jar:5.11.4]
	at org.junit.jupiter.engine.descriptor.ClassBasedTestDescriptor.lambda$testInstancesProvider$5(ClassBasedTestDescriptor.java:279) ~[junit-jupiter-engine-5.11.4.jar:5.11.4]
	at java.base/java.util.Optional.orElseGet(Optional.java:364) ~[na:na]
	at org.junit.jupiter.engine.descriptor.ClassBasedTestDescriptor.lambda$testInstancesProvider$6(ClassBasedTestDescriptor.java:278) ~[junit-jupiter-engine-5.11.4.jar:5.11.4]
	at org.junit.jupiter.engine.execution.TestInstancesProvider.getTestInstances(TestInstancesProvider.java:31) ~[junit-jupiter-engine-5.11.4.jar:5.11.4]
	at org.junit.jupiter.engine.descriptor.TestMethodTestDescriptor.lambda$prepare$1(TestMethodTestDescriptor.java:105) ~[junit-jupiter-engine-5.11.4.jar:5.11.4]
	at org.junit.platform.engine.support.hierarchical.ThrowableCollector.execute(ThrowableCollector.java:73) ~[junit-platform-engine-1.11.4.jar:1.11.4]
	at org.junit.jupiter.engine.descriptor.TestMethodTestDescriptor.prepare(TestMethodTestDescriptor.java:104) ~[junit-jupiter-engine-5.11.4.jar:5.11.4]
	at org.junit.jupiter.engine.descriptor.TestMethodTestDescriptor.prepare(TestMethodTestDescriptor.java:68) ~[junit-jupiter-engine-5.11.4.jar:5.11.4]
	at org.junit.platform.engine.support.hierarchical.NodeTestTask.lambda$prepare$2(NodeTestTask.java:128) ~[junit-platform-engine-1.11.4.jar:1.11.4]
	at org.junit.platform.engine.support.hierarchical.ThrowableCollector.execute(ThrowableCollector.java:73) ~[junit-platform-engine-1.11.4.jar:1.11.4]
	at org.junit.platform.engine.support.hierarchical.NodeTestTask.prepare(NodeTestTask.java:128) ~[junit-platform-engine-1.11.4.jar:1.11.4]
	at org.junit.platform.engine.support.hierarchical.NodeTestTask.execute(NodeTestTask.java:95) ~[junit-platform-engine-1.11.4.jar:1.11.4]
	at java.base/java.util.ArrayList.forEach(ArrayList.java:1596) ~[na:na]
	at org.junit.platform.engine.support.hierarchical.SameThreadHierarchicalTestExecutorService.invokeAll(SameThreadHierarchicalTestExecutorService.java:41) ~[junit-platform-engine-1.11.4.jar:1.11.4]
	at org.junit.platform.engine.support.hierarchical.NodeTestTask.lambda$executeRecursively$6(NodeTestTask.java:160) ~[junit-platform-engine-1.11.4.jar:1.11.4]
	at org.junit.platform.engine.support.hierarchical.ThrowableCollector.execute(ThrowableCollector.java:73) ~[junit-platform-engine-1.11.4.jar:1.11.4]
	at org.junit.platform.engine.support.hierarchical.NodeTestTask.lambda$executeRecursively$8(NodeTestTask.java:146) ~[junit-platform-engine-1.11.4.jar:1.11.4]
	at org.junit.platform.engine.support.hierarchical.Node.around(Node.java:137) ~[junit-platform-engine-1.11.4.jar:1.11.4]
	at org.junit.platform.engine.support.hierarchical.NodeTestTask.lambda$executeRecursively$9(NodeTestTask.java:144) ~[junit-platform-engine-1.11.4.jar:1.11.4]
	at org.junit.platform.engine.support.hierarchical.ThrowableCollector.execute(ThrowableCollector.java:73) ~[junit-platform-engine-1.11.4.jar:1.11.4]
	at org.junit.platform.engine.support.hierarchical.NodeTestTask.executeRecursively(NodeTestTask.java:143) ~[junit-platform-engine-1.11.4.jar:1.11.4]
	at org.junit.platform.engine.support.hierarchical.NodeTestTask.execute(NodeTestTask.java:100) ~[junit-platform-engine-1.11.4.jar:1.11.4]
	at java.base/java.util.ArrayList.forEach(ArrayList.java:1596) ~[na:na]
	at org.junit.platform.engine.support.hierarchical.SameThreadHierarchicalTestExecutorService.invokeAll(SameThreadHierarchicalTestExecutorService.java:41) ~[junit-platform-engine-1.11.4.jar:1.11.4]
	at org.junit.platform.engine.support.hierarchical.NodeTestTask.lambda$executeRecursively$6(NodeTestTask.java:160) ~[junit-platform-engine-1.11.4.jar:1.11.4]
	at org.junit.platform.engine.support.hierarchical.ThrowableCollector.execute(ThrowableCollector.java:73) ~[junit-platform-engine-1.11.4.jar:1.11.4]
	at org.junit.platform.engine.support.hierarchical.NodeTestTask.lambda$executeRecursively$8(NodeTestTask.java:146) ~[junit-platform-engine-1.11.4.jar:1.11.4]
	at org.junit.platform.engine.support.hierarchical.Node.around(Node.java:137) ~[junit-platform-engine-1.11.4.jar:1.11.4]
	at org.junit.platform.engine.support.hierarchical.NodeTestTask.lambda$executeRecursively$9(NodeTestTask.java:144) ~[junit-platform-engine-1.11.4.jar:1.11.4]
	at org.junit.platform.engine.support.hierarchical.ThrowableCollector.execute(ThrowableCollector.java:73) ~[junit-platform-engine-1.11.4.jar:1.11.4]
	at org.junit.platform.engine.support.hierarchical.NodeTestTask.executeRecursively(NodeTestTask.java:143) ~[junit-platform-engine-1.11.4.jar:1.11.4]
	at org.junit.platform.engine.support.hierarchical.NodeTestTask.execute(NodeTestTask.java:100) ~[junit-platform-engine-1.11.4.jar:1.11.4]
	at org.junit.platform.engine.support.hierarchical.SameThreadHierarchicalTestExecutorService.submit(SameThreadHierarchicalTestExecutorService.java:35) ~[junit-platform-engine-1.11.4.jar:1.11.4]
	at org.junit.platform.engine.support.hierarchical.HierarchicalTestExecutor.execute(HierarchicalTestExecutor.java:57) ~[junit-platform-engine-1.11.4.jar:1.11.4]
	at org.junit.platform.engine.support.hierarchical.HierarchicalTestEngine.execute(HierarchicalTestEngine.java:54) ~[junit-platform-engine-1.11.4.jar:1.11.4]
	at org.junit.platform.launcher.core.EngineExecutionOrchestrator.execute(EngineExecutionOrchestrator.java:198) ~[junit-platform-launcher-1.11.4.jar:1.11.4]
	at org.junit.platform.launcher.core.EngineExecutionOrchestrator.execute(EngineExecutionOrchestrator.java:169) ~[junit-platform-launcher-1.11.4.jar:1.11.4]
	at org.junit.platform.launcher.core.EngineExecutionOrchestrator.execute(EngineExecutionOrchestrator.java:93) ~[junit-platform-launcher-1.11.4.jar:1.11.4]
	at org.junit.platform.launcher.core.EngineExecutionOrchestrator.lambda$execute$0(EngineExecutionOrchestrator.java:58) ~[junit-platform-launcher-1.11.4.jar:1.11.4]
	at org.junit.platform.launcher.core.EngineExecutionOrchestrator.withInterceptedStreams(EngineExecutionOrchestrator.java:141) ~[junit-platform-launcher-1.11.4.jar:1.11.4]
	at org.junit.platform.launcher.core.EngineExecutionOrchestrator.execute(EngineExecutionOrchestrator.java:57) ~[junit-platform-launcher-1.11.4.jar:1.11.4]
	at org.junit.platform.launcher.core.DefaultLauncher.execute(DefaultLauncher.java:103) ~[junit-platform-launcher-1.11.4.jar:1.11.4]
	at org.junit.platform.launcher.core.DefaultLauncher.execute(DefaultLauncher.java:85) ~[junit-platform-launcher-1.11.4.jar:1.11.4]
	at org.junit.platform.launcher.core.DelegatingLauncher.execute(DelegatingLauncher.java:47) ~[junit-platform-launcher-1.11.4.jar:1.11.4]
	at org.apache.maven.surefire.junitplatform.LazyLauncher.execute(LazyLauncher.java:56) ~[surefire-junit-platform-3.5.2.jar:3.5.2]
	at org.apache.maven.surefire.junitplatform.JUnitPlatformProvider.execute(JUnitPlatformProvider.java:184) ~[surefire-junit-platform-3.5.2.jar:3.5.2]
	at org.apache.maven.surefire.junitplatform.JUnitPlatformProvider.invokeAllTests(JUnitPlatformProvider.java:148) ~[surefire-junit-platform-3.5.2.jar:3.5.2]
	at org.apache.maven.surefire.junitplatform.JUnitPlatformProvider.invoke(JUnitPlatformProvider.java:122) ~[surefire-junit-platform-3.5.2.jar:3.5.2]
	at org.apache.maven.surefire.booter.ForkedBooter.runSuitesInProcess(ForkedBooter.java:385) ~[surefire-booter-3.5.2.jar:3.5.2]
	at org.apache.maven.surefire.booter.ForkedBooter.execute(ForkedBooter.java:162) ~[surefire-booter-3.5.2.jar:3.5.2]
	at org.apache.maven.surefire.booter.ForkedBooter.run(ForkedBooter.java:507) ~[surefire-booter-3.5.2.jar:3.5.2]
	at org.apache.maven.surefire.booter.ForkedBooter.main(ForkedBooter.java:495) ~[surefire-booter-3.5.2.jar:3.5.2]
Caused by: org.postgresql.util.PSQLException: FATAL: authentification par mot de passe ?chou?e pour l'utilisateur  ? postgres ?
	at org.postgresql.core.v3.ConnectionFactoryImpl.doAuthentication(ConnectionFactoryImpl.java:704) ~[postgresql-42.7.5.jar:42.7.5]
	at org.postgresql.core.v3.ConnectionFactoryImpl.tryConnect(ConnectionFactoryImpl.java:213) ~[postgresql-42.7.5.jar:42.7.5]
	at org.postgresql.core.v3.ConnectionFactoryImpl.openConnectionImpl(ConnectionFactoryImpl.java:268) ~[postgresql-42.7.5.jar:42.7.5]
	at org.postgresql.core.ConnectionFactory.openConnection(ConnectionFactory.java:54) ~[postgresql-42.7.5.jar:42.7.5]
	at org.postgresql.jdbc.PgConnection.<init>(PgConnection.java:273) ~[postgresql-42.7.5.jar:42.7.5]
	at org.postgresql.Driver.makeConnection(Driver.java:446) ~[postgresql-42.7.5.jar:42.7.5]
	at org.postgresql.Driver.connect(Driver.java:298) ~[postgresql-42.7.5.jar:42.7.5]
	at com.zaxxer.hikari.util.DriverDataSource.getConnection(DriverDataSource.java:137) ~[HikariCP-5.1.0.jar:na]
	at com.zaxxer.hikari.pool.PoolBase.newConnection(PoolBase.java:360) ~[HikariCP-5.1.0.jar:na]
	at com.zaxxer.hikari.pool.PoolBase.newPoolEntry(PoolBase.java:202) ~[HikariCP-5.1.0.jar:na]
	at com.zaxxer.hikari.pool.HikariPool.createPoolEntry(HikariPool.java:461) ~[HikariCP-5.1.0.jar:na]
	at com.zaxxer.hikari.pool.HikariPool.checkFailFast(HikariPool.java:550) ~[HikariCP-5.1.0.jar:na]
	at com.zaxxer.hikari.pool.HikariPool.<init>(HikariPool.java:98) ~[HikariCP-5.1.0.jar:na]
	at com.zaxxer.hikari.HikariDataSource.getConnection(HikariDataSource.java:111) ~[HikariCP-5.1.0.jar:na]
	at org.hibernate.engine.jdbc.connections.internal.DatasourceConnectionProviderImpl.getConnection(DatasourceConnectionProviderImpl.java:126) ~[hibernate-core-6.6.8.Final.jar:6.6.8.Final]
	at org.hibernate.engine.jdbc.env.internal.JdbcEnvironmentInitiator$ConnectionProviderJdbcConnectionAccess.obtainConnection(JdbcEnvironmentInitiator.java:467) ~[hibernate-core-6.6.8.Final.jar:6.6.8.Final]
	at org.hibernate.resource.transaction.backend.jdbc.internal.JdbcIsolationDelegate.delegateWork(JdbcIsolationDelegate.java:61) ~[hibernate-core-6.6.8.Final.jar:6.6.8.Final]
	... 115 common frames omitted

2026-03-09T13:03:24.656+01:00 ERROR 24624 --- [DeployFast] [           main] j.LocalContainerEntityManagerFactoryBean : Failed to initialize JPA EntityManagerFactory: Unable to create requested service [org.hibernate.engine.jdbc.env.spi.JdbcEnvironment] due to: Unable to determine Dialect without JDBC metadata (please set 'jakarta.persistence.jdbc.url' for common cases or 'hibernate.dialect' when a custom Dialect implementation must be provided)
2026-03-09T13:03:24.659+01:00  WARN 24624 --- [DeployFast] [           main] o.s.w.c.s.GenericWebApplicationContext   : Exception encountered during context initialization - cancelling refresh attempt: org.springframework.beans.factory.BeanCreationException: Error creating bean with name 'entityManagerFactory' defined in class path resource [org/springframework/boot/autoconfigure/orm/jpa/HibernateJpaConfiguration.class]: Unable to create requested service [org.hibernate.engine.jdbc.env.spi.JdbcEnvironment] due to: Unable to determine Dialect without JDBC metadata (please set 'jakarta.persistence.jdbc.url' for common cases or 'hibernate.dialect' when a custom Dialect implementation must be provided)
./mvnw : 
Au caractère Ligne:1 
: 1
+ ./mvnw test > 
test_output.txt 2>&1
+ ~~~~~~~~~~~~~~~~~~~~
~~~~~~~~~~~~~~
    + CategoryInfo    
          : NotSpeci  
  fied: (:String) [   
 ], RemoteExceptio    
n
    + FullyQualifiedE 
   rrorId : NativeCo  
  mmandError
 


======================
======
CONDITIONS EVALUATION 
REPORT
======================
======


Positive matches:
-----------------

   
AopAutoConfiguration 
matched:
      - @ConditionalOn
Property (spring.aop.a
uto=true) matched 
(OnPropertyCondition)

   AopAutoConfiguratio
n.AspectJAutoProxyingC
onfiguration matched:
      - 
@ConditionalOnClass 
found required class '
org.aspectj.weaver.Adv
ice' 
(OnClassCondition)

   AopAutoConfiguratio
n.AspectJAutoProxyingC
onfiguration.CglibAuto
ProxyConfiguration 
matched:
      - @ConditionalOn
Property (spring.aop.p
roxy-target-class=true
) matched 
(OnPropertyCondition)

   ApplicationAvailabi
lityAutoConfiguration#
applicationAvailabilit
y matched:
      - @ConditionalOn
MissingBean (types: or
g.springframework.boot
.availability.Applicat
ionAvailability; 
SearchStrategy: all) 
did not find any 
beans 
(OnBeanCondition)

   DataSourceAutoConfi
guration matched:
      - 
@ConditionalOnClass 
found required 
classes 'javax.sql.Dat
aSource', 'org.springf
ramework.jdbc.datasour
ce.embedded.EmbeddedDa
tabaseType' 
(OnClassCondition)
      - @ConditionalOn
MissingBean (types: io
.r2dbc.spi.ConnectionF
actory; 
SearchStrategy: all) 
did not find any 
beans 
(OnBeanCondition)

   DataSourceAutoConfi
guration.PooledDataSou
rceConfiguration 
matched:
      - 
AnyNestedCondition 1 
matched 1 did not; 
NestedCondition on Dat
aSourceAutoConfigurati
on.PooledDataSourceCon
dition.PooledDataSourc
eAvailable 
PooledDataSource 
found supported 
DataSource; 
NestedCondition on Dat
aSourceAutoConfigurati
on.PooledDataSourceCon
dition.ExplicitType @C
onditionalOnProperty (
spring.datasource.type
) did not find 
property 'type' (DataS
ourceAutoConfiguration
.PooledDataSourceCondi
tion)
      - @ConditionalOn
MissingBean (types: ja
vax.sql.DataSource,jav
ax.sql.XADataSource; 
SearchStrategy: all) 
did not find any 
beans 
(OnBeanCondition)

   DataSourceAutoConfi
guration.PooledDataSou
rceConfiguration#jdbcC
onnectionDetails 
matched:
      - @ConditionalOn
MissingBean (types: or
g.springframework.boot
.autoconfigure.jdbc.Jd
bcConnectionDetails; 
SearchStrategy: all) 
did not find any 
beans 
(OnBeanCondition)

   DataSourceConfigura
tion.Hikari matched:
      - 
@ConditionalOnClass 
found required class '
com.zaxxer.hikari.Hika
riDataSource' 
(OnClassCondition)
      - @ConditionalOn
Property (spring.datas
ource.type=com.zaxxer.
hikari.HikariDataSourc
e) matched 
(OnPropertyCondition)
      - @ConditionalOn
MissingBean (types: 
javax.sql.DataSource; 
SearchStrategy: all) 
did not find any 
beans 
(OnBeanCondition)

   DataSourceInitializ
ationConfiguration 
matched:
      - 
@ConditionalOnClass 
found required class '
org.springframework.jd
bc.datasource.init.Dat
abasePopulator' 
(OnClassCondition)
      - @ConditionalOn
SingleCandidate 
(types: 
javax.sql.DataSource; 
SearchStrategy: all) 
found a single bean 
'dataSource'; @Conditi
onalOnMissingBean 
(types: org.springfram
ework.boot.autoconfigu
re.sql.init.SqlDataSou
rceScriptDatabaseIniti
alizer,org.springframe
work.boot.autoconfigur
e.sql.init.SqlR2dbcScr
iptDatabaseInitializer
; SearchStrategy: 
all) did not find any 
beans 
(OnBeanCondition)

   DataSourcePoolMetad
ataProvidersConfigurat
ion.HikariPoolDataSour
ceMetadataProviderConf
iguration matched:
      - 
@ConditionalOnClass 
found required class '
com.zaxxer.hikari.Hika
riDataSource' 
(OnClassCondition)

   DataSourceTransacti
onManagerAutoConfigura
tion matched:
      - 
@ConditionalOnClass 
found required 
classes 'javax.sql.Dat
aSource', 'org.springf
ramework.jdbc.core.Jdb
cTemplate', 'org.sprin
gframework.transaction
.TransactionManager' 
(OnClassCondition)

   DataSourceTransacti
onManagerAutoConfigura
tion.JdbcTransactionMa
nagerConfiguration 
matched:
      - @ConditionalOn
SingleCandidate 
(types: 
javax.sql.DataSource; 
SearchStrategy: all) 
found a single bean 
'dataSource' 
(OnBeanCondition)

   DispatcherServletAu
toConfiguration 
matched:
      - 
@ConditionalOnClass 
found required class '
org.springframework.we
b.servlet.DispatcherSe
rvlet' 
(OnClassCondition)
      - found 
'session' scope (OnWeb
ApplicationCondition)

   DispatcherServletAu
toConfiguration.Dispat
cherServletConfigurati
on matched:
      - 
@ConditionalOnClass 
found required class '
jakarta.servlet.Servle
tRegistration' 
(OnClassCondition)
      - Default 
DispatcherServlet did 
not find dispatcher 
servlet beans (Dispatc
herServletAutoConfigur
ation.DefaultDispatche
rServletCondition)

   DispatcherServletAu
toConfiguration.Dispat
cherServletRegistratio
nConfiguration 
matched:
      - 
@ConditionalOnClass 
found required class '
jakarta.servlet.Servle
tRegistration' 
(OnClassCondition)
      - 
DispatcherServlet 
Registration did not 
find servlet 
registration bean (Dis
patcherServletAutoConf
iguration.DispatcherSe
rvletRegistrationCondi
tion)

   DispatcherServletAu
toConfiguration.Dispat
cherServletRegistratio
nConfiguration#dispatc
herServletRegistration
 matched:
      - 
@ConditionalOnBean 
(names: 
dispatcherServlet 
types: org.springframe
work.web.servlet.Dispa
tcherServlet; 
SearchStrategy: all) 
found bean 
'dispatcherServlet' 
(OnBeanCondition)

   ErrorMvcAutoConfigu
ration matched:
      - 
@ConditionalOnClass 
found required 
classes 'jakarta.servl
et.Servlet', 'org.spri
ngframework.web.servle
t.DispatcherServlet' 
(OnClassCondition)
      - found 
'session' scope (OnWeb
ApplicationCondition)

   ErrorMvcAutoConfigu
ration#basicErrorContr
oller matched:
      - @ConditionalOn
MissingBean (types: or
g.springframework.boot
.web.servlet.error.Err
orController; 
SearchStrategy: 
current) did not find 
any beans 
(OnBeanCondition)

   ErrorMvcAutoConfigu
ration#errorAttributes
 matched:
      - @ConditionalOn
MissingBean (types: or
g.springframework.boot
.web.servlet.error.Err
orAttributes; 
SearchStrategy: 
current) did not find 
any beans 
(OnBeanCondition)

   ErrorMvcAutoConfigu
ration.DefaultErrorVie
wResolverConfiguration
#conventionErrorViewRe
solver matched:
      - 
@ConditionalOnBean 
(types: org.springfram
ework.web.servlet.Disp
atcherServlet; 
SearchStrategy: all) 
found bean 
'dispatcherServlet'; @
ConditionalOnMissingBe
an (types: org.springf
ramework.boot.autoconf
igure.web.servlet.erro
r.ErrorViewResolver; 
SearchStrategy: all) 
did not find any 
beans 
(OnBeanCondition)

   ErrorMvcAutoConfigu
ration.WhitelabelError
ViewConfiguration 
matched:
      - @ConditionalOn
Property (server.error
.whitelabel.enabled) 
matched 
(OnPropertyCondition)
      - ErrorTemplate 
Missing did not find 
error template view (E
rrorMvcAutoConfigurati
on.ErrorTemplateMissin
gCondition)

   ErrorMvcAutoConfigu
ration.WhitelabelError
ViewConfiguration#bean
NameViewResolver 
matched:
      - @ConditionalOn
MissingBean (types: or
g.springframework.web.
servlet.view.BeanNameV
iewResolver; 
SearchStrategy: all) 
did not find any 
beans 
(OnBeanCondition)

   ErrorMvcAutoConfigu
ration.WhitelabelError
ViewConfiguration#defa
ultErrorView matched:
      - @ConditionalOn
MissingBean (names: 
error; 
SearchStrategy: all) 
did not find any 
beans 
(OnBeanCondition)

   GenericCacheConfigu
ration matched:
      - Cache org.spri
ngframework.boot.autoc
onfigure.cache.Generic
CacheConfiguration 
automatic cache type 
(CacheCondition)

   HibernateJpaAutoCon
figuration matched:
      - 
@ConditionalOnClass 
found required 
classes 'org.springfra
mework.orm.jpa.LocalCo
ntainerEntityManagerFa
ctoryBean', 'jakarta.p
ersistence.EntityManag
er', 'org.hibernate.en
gine.spi.SessionImplem
entor' 
(OnClassCondition)

   HibernateJpaConfigu
ration matched:
      - @ConditionalOn
SingleCandidate 
(types: 
javax.sql.DataSource; 
SearchStrategy: all) 
found a single bean 
'dataSource' 
(OnBeanCondition)

   HttpClientAutoConfi
guration matched:
      - 
@ConditionalOnClass 
found required class '
org.springframework.ht
tp.client.ClientHttpRe
questFactory' 
(OnClassCondition)
      - 
NoneNestedConditions 
0 matched 1 did not; 
NestedCondition on Not
ReactiveWebApplication
Condition.ReactiveWebA
pplication did not 
find reactive web 
application classes (N
otReactiveWebApplicati
onCondition)

   HttpClientAutoConfi
guration#clientHttpReq
uestFactoryBuilder 
matched:
      - @ConditionalOn
MissingBean (types: or
g.springframework.boot
.http.client.ClientHtt
pRequestFactoryBuilder
; SearchStrategy: 
all) did not find any 
beans 
(OnBeanCondition)

   HttpClientAutoConfi
guration#clientHttpReq
uestFactorySettings 
matched:
      - @ConditionalOn
MissingBean (types: or
g.springframework.boot
.http.client.ClientHtt
pRequestFactorySetting
s; SearchStrategy: 
all) did not find any 
beans 
(OnBeanCondition)

   HttpEncodingAutoCon
figuration matched:
      - 
@ConditionalOnClass 
found required class '
org.springframework.we
b.filter.CharacterEnco
dingFilter' 
(OnClassCondition)
      - found 
'session' scope (OnWeb
ApplicationCondition)
      - @ConditionalOn
Property (server.servl
et.encoding.enabled) 
matched 
(OnPropertyCondition)

   HttpEncodingAutoCon
figuration#characterEn
codingFilter matched:
      - @ConditionalOn
MissingBean (types: or
g.springframework.web.
filter.CharacterEncodi
ngFilter; 
SearchStrategy: all) 
did not find any 
beans 
(OnBeanCondition)

   HttpMessageConverte
rsAutoConfiguration 
matched:
      - 
@ConditionalOnClass 
found required class '
org.springframework.ht
tp.converter.HttpMessa
geConverter' 
(OnClassCondition)
      - 
NoneNestedConditions 
0 matched 1 did not; 
NestedCondition on Htt
pMessageConvertersAuto
Configuration.NotReact
iveWebApplicationCondi
tion.ReactiveWebApplic
ation did not find 
reactive web 
application classes (H
ttpMessageConvertersAu
toConfiguration.NotRea
ctiveWebApplicationCon
dition)

   HttpMessageConverte
rsAutoConfiguration#me
ssageConverters 
matched:
      - @ConditionalOn
MissingBean (types: or
g.springframework.boot
.autoconfigure.http.Ht
tpMessageConverters; 
SearchStrategy: all) 
did not find any 
beans 
(OnBeanCondition)

   HttpMessageConverte
rsAutoConfiguration.St
ringHttpMessageConvert
erConfiguration 
matched:
      - 
@ConditionalOnClass 
found required class '
org.springframework.ht
tp.converter.StringHtt
pMessageConverter' 
(OnClassCondition)

   HttpMessageConverte
rsAutoConfiguration.St
ringHttpMessageConvert
erConfiguration#string
HttpMessageConverter 
matched:
      - @ConditionalOn
MissingBean (types: or
g.springframework.http
.converter.StringHttpM
essageConverter; 
SearchStrategy: all) 
did not find any 
beans 
(OnBeanCondition)

   JacksonAutoConfigur
ation matched:
      - 
@ConditionalOnClass 
found required class '
com.fasterxml.jackson.
databind.ObjectMapper'
 (OnClassCondition)

   JacksonAutoConfigur
ation.Jackson2ObjectMa
pperBuilderCustomizerC
onfiguration matched:
      - 
@ConditionalOnClass 
found required class '
org.springframework.ht
tp.converter.json.Jack
son2ObjectMapperBuilde
r' (OnClassCondition)

   JacksonAutoConfigur
ation.JacksonObjectMap
perBuilderConfiguratio
n matched:
      - 
@ConditionalOnClass 
found required class '
org.springframework.ht
tp.converter.json.Jack
son2ObjectMapperBuilde
r' (OnClassCondition)

   JacksonAutoConfigur
ation.JacksonObjectMap
perBuilderConfiguratio
n#jacksonObjectMapperB
uilder matched:
      - @ConditionalOn
MissingBean (types: or
g.springframework.http
.converter.json.Jackso
n2ObjectMapperBuilder;
 SearchStrategy: all) 
did not find any 
beans 
(OnBeanCondition)

   JacksonAutoConfigur
ation.JacksonObjectMap
perConfiguration 
matched:
      - 
@ConditionalOnClass 
found required class '
org.springframework.ht
tp.converter.json.Jack
son2ObjectMapperBuilde
r' (OnClassCondition)

   JacksonAutoConfigur
ation.JacksonObjectMap
perConfiguration#jacks
onObjectMapper 
matched:
      - @ConditionalOn
MissingBean (types: co
m.fasterxml.jackson.da
tabind.ObjectMapper; 
SearchStrategy: all) 
did not find any 
beans 
(OnBeanCondition)

   JacksonAutoConfigur
ation.ParameterNamesMo
duleConfiguration 
matched:
      - 
@ConditionalOnClass 
found required class '
com.fasterxml.jackson.
module.paramnames.Para
meterNamesModule' 
(OnClassCondition)

   JacksonAutoConfigur
ation.ParameterNamesMo
duleConfiguration#para
meterNamesModule 
matched:
      - @ConditionalOn
MissingBean (types: co
m.fasterxml.jackson.mo
dule.paramnames.Parame
terNamesModule; 
SearchStrategy: all) 
did not find any 
beans 
(OnBeanCondition)

   JacksonHttpMessageC
onvertersConfiguration
.MappingJackson2HttpMe
ssageConverterConfigur
ation matched:
      - 
@ConditionalOnClass 
found required class '
com.fasterxml.jackson.
databind.ObjectMapper'
 (OnClassCondition)
      - @ConditionalOn
Property (spring.mvc.c
onverters.preferred-js
on-mapper=jackson) 
matched 
(OnPropertyCondition)
      - 
@ConditionalOnBean 
(types: com.fasterxml.
jackson.databind.Objec
tMapper; 
SearchStrategy: all) 
found bean 
'jacksonObjectMapper' 
(OnBeanCondition)

   JacksonHttpMessageC
onvertersConfiguration
.MappingJackson2HttpMe
ssageConverterConfigur
ation#mappingJackson2H
ttpMessageConverter 
matched:
      - @ConditionalOn
MissingBean (types: or
g.springframework.http
.converter.json.Mappin
gJackson2HttpMessageCo
nverter ignored: org.s
pringframework.hateoas
.server.mvc.TypeConstr
ainedMappingJackson2Ht
tpMessageConverter,org
.springframework.data.
rest.webmvc.alps.AlpsJ
sonHttpMessageConverte
r; SearchStrategy: 
all) did not find any 
beans 
(OnBeanCondition)

   JdbcClientAutoConfi
guration matched:
      - @ConditionalOn
SingleCandidate 
(types: org.springfram
ework.jdbc.core.namedp
aram.NamedParameterJdb
cTemplate; 
SearchStrategy: all) 
found a single bean 'n
amedParameterJdbcTempl
ate'; @ConditionalOnMi
ssingBean (types: org.
springframework.jdbc.c
ore.simple.JdbcClient;
 SearchStrategy: all) 
did not find any 
beans 
(OnBeanCondition)

   JdbcTemplateAutoCon
figuration matched:
      - 
@ConditionalOnClass 
found required 
classes 'javax.sql.Dat
aSource', 'org.springf
ramework.jdbc.core.Jdb
cTemplate' 
(OnClassCondition)
      - @ConditionalOn
SingleCandidate 
(types: 
javax.sql.DataSource; 
SearchStrategy: all) 
found a single bean 
'dataSource' 
(OnBeanCondition)

   JdbcTemplateConfigu
ration matched:
      - @ConditionalOn
MissingBean (types: or
g.springframework.jdbc
.core.JdbcOperations; 
SearchStrategy: all) 
did not find any 
beans 
(OnBeanCondition)

   JpaBaseConfiguratio
n#entityManagerFactory
 matched:
      - @ConditionalOn
MissingBean (types: or
g.springframework.orm.
jpa.LocalContainerEnti
tyManagerFactoryBean,j
akarta.persistence.Ent
ityManagerFactory; 
SearchStrategy: all) 
did not find any 
beans 
(OnBeanCondition)

   JpaBaseConfiguratio
n#entityManagerFactory
Builder matched:
      - @ConditionalOn
MissingBean (types: or
g.springframework.boot
.orm.jpa.EntityManager
FactoryBuilder; 
SearchStrategy: all) 
did not find any 
beans 
(OnBeanCondition)

   JpaBaseConfiguratio
n#jpaVendorAdapter 
matched:
      - @ConditionalOn
MissingBean (types: or
g.springframework.orm.
jpa.JpaVendorAdapter; 
SearchStrategy: all) 
did not find any 
beans 
(OnBeanCondition)

   JpaBaseConfiguratio
n#transactionManager 
matched:
      - @ConditionalOn
MissingBean (types: or
g.springframework.tran
saction.TransactionMan
ager; SearchStrategy: 
all) did not find any 
beans 
(OnBeanCondition)

   JpaBaseConfiguratio
n.JpaWebConfiguration 
matched:
      - 
@ConditionalOnClass 
found required class '
org.springframework.we
b.servlet.config.annot
ation.WebMvcConfigurer
' (OnClassCondition)
      - found 
'session' scope (OnWeb
ApplicationCondition)
      - @ConditionalOn
Property (spring.jpa.o
pen-in-view=true) 
matched 
(OnPropertyCondition)
      - @ConditionalOn
MissingBean (types: or
g.springframework.orm.
jpa.support.OpenEntity
ManagerInViewIntercept
or,org.springframework
.orm.jpa.support.OpenE
ntityManagerInViewFilt
er; SearchStrategy: 
all) did not find any 
beans 
(OnBeanCondition)

   JpaBaseConfiguratio
n.PersistenceManagedTy
pesConfiguration 
matched:
      - @ConditionalOn
MissingBean (types: or
g.springframework.orm.
jpa.LocalContainerEnti
tyManagerFactoryBean,j
akarta.persistence.Ent
ityManagerFactory; 
SearchStrategy: all) 
did not find any 
beans 
(OnBeanCondition)

   JpaBaseConfiguratio
n.PersistenceManagedTy
pesConfiguration#persi
stenceManagedTypes 
matched:
      - @ConditionalOn
MissingBean (types: or
g.springframework.orm.
jpa.persistenceunit.Pe
rsistenceManagedTypes;
 SearchStrategy: all) 
did not find any 
beans 
(OnBeanCondition)

   JpaRepositoriesAuto
Configuration matched:
      - 
@ConditionalOnClass 
found required class '
org.springframework.da
ta.jpa.repository.JpaR
epository' 
(OnClassCondition)
      - @ConditionalOn
Property (spring.data.
jpa.repositories.enabl
ed=true) matched 
(OnPropertyCondition)
      - 
@ConditionalOnBean 
(types: 
javax.sql.DataSource; 
SearchStrategy: all) 
found bean 
'dataSource'; @Conditi
onalOnMissingBean 
(types: org.springfram
ework.data.jpa.reposit
ory.support.JpaReposit
oryFactoryBean,org.spr
ingframework.data.jpa.
repository.config.JpaR
epositoryConfigExtensi
on; SearchStrategy: 
all) did not find any 
beans 
(OnBeanCondition)

   
JtaAutoConfiguration 
matched:
      - 
@ConditionalOnClass 
found required class '
jakarta.transaction.Tr
ansaction' 
(OnClassCondition)
      - @ConditionalOn
Property 
(spring.jta.enabled) 
matched 
(OnPropertyCondition)

   LifecycleAutoConfig
uration#defaultLifecyc
leProcessor matched:
      - @ConditionalOn
MissingBean (names: 
lifecycleProcessor; 
SearchStrategy: 
current) did not find 
any beans 
(OnBeanCondition)

   MockMvcAutoConfigur
ation matched:
      - found 
'session' scope (OnWeb
ApplicationCondition)

   MockMvcConfiguratio
n#mockMvc matched:
      - @ConditionalOn
MissingBean (types: or
g.springframework.test
.web.servlet.MockMvc; 
SearchStrategy: all) 
did not find any 
beans 
(OnBeanCondition)

   MockMvcConfiguratio
n#mockMvcBuilder 
matched:
      - @ConditionalOn
MissingBean (types: or
g.springframework.test
.web.servlet.MockMvcBu
ilder; 
SearchStrategy: all) 
did not find any 
beans 
(OnBeanCondition)

   MockMvcSecurityConf
iguration matched:
      - 
@ConditionalOnClass 
found required class '
org.springframework.se
curity.test.web.servle
t.request.SecurityMock
MvcRequestPostProcesso
rs' (OnClassCondition)

   MockMvcSecurityConf
iguration#securityMock
MvcBuilderCustomizer 
matched:
      - 
@ConditionalOnBean 
(names: springSecurity
FilterChain; 
SearchStrategy: all) 
found bean 'springSecu
rityFilterChain' 
(OnBeanCondition)

   MockMvcTesterConfig
uration matched:
      - 
@ConditionalOnClass 
found required class '
org.assertj.core.api.A
ssert' 
(OnClassCondition)

   MockMvcTesterConfig
uration#mockMvcTester 
matched:
      - @ConditionalOn
MissingBean (types: or
g.springframework.test
.web.servlet.assertj.M
ockMvcTester; 
SearchStrategy: all) 
did not find any 
beans 
(OnBeanCondition)

   MomentsAutoConfigur
ation matched:
      - @ConditionalOn
Property (spring.modul
ith.moments.enabled=tr
ue) matched 
(OnPropertyCondition)

   MomentsAutoConfigur
ation#moments matched:
      - @ConditionalOn
Property (spring.modul
ith.moments.enable-tim
e-machine=false) 
matched 
(OnPropertyCondition)

   MultipartAutoConfig
uration matched:
      - 
@ConditionalOnClass 
found required 
classes 'jakarta.servl
et.Servlet', 'org.spri
ngframework.web.multip
art.support.StandardSe
rvletMultipartResolver
', 'jakarta.servlet.Mu
ltipartConfigElement' 
(OnClassCondition)
      - found 
'session' scope (OnWeb
ApplicationCondition)
      - @ConditionalOn
Property (spring.servl
et.multipart.enabled) 
matched 
(OnPropertyCondition)

   MultipartAutoConfig
uration#multipartConfi
gElement matched:
      - @ConditionalOn
MissingBean (types: ja
karta.servlet.Multipar
tConfigElement; 
SearchStrategy: all) 
did not find any 
beans 
(OnBeanCondition)

   MultipartAutoConfig
uration#multipartResol
ver matched:
      - @ConditionalOn
MissingBean (types: or
g.springframework.web.
multipart.MultipartRes
olver; 
SearchStrategy: all) 
did not find any 
beans 
(OnBeanCondition)

   NamedParameterJdbcT
emplateConfiguration 
matched:
      - @ConditionalOn
SingleCandidate 
(types: org.springfram
ework.jdbc.core.JdbcTe
mplate; 
SearchStrategy: all) 
found a single bean 
'jdbcTemplate'; @Condi
tionalOnMissingBean 
(types: org.springfram
ework.jdbc.core.namedp
aram.NamedParameterJdb
cOperations; 
SearchStrategy: all) 
did not find any 
beans 
(OnBeanCondition)

   NoOpCacheConfigurat
ion matched:
      - Cache org.spri
ngframework.boot.autoc
onfigure.cache.NoOpCac
heConfiguration 
automatic cache type 
(CacheCondition)

   PersistenceExceptio
nTranslationAutoConfig
uration matched:
      - 
@ConditionalOnClass 
found required class '
org.springframework.da
o.annotation.Persisten
ceExceptionTranslation
PostProcessor' 
(OnClassCondition)

   PersistenceExceptio
nTranslationAutoConfig
uration#persistenceExc
eptionTranslationPostP
rocessor matched:
      - @ConditionalOn
Property (spring.dao.e
xceptiontranslation.en
abled) matched 
(OnPropertyCondition)
      - @ConditionalOn
MissingBean (types: or
g.springframework.dao.
annotation.Persistence
ExceptionTranslationPo
stProcessor; 
SearchStrategy: all) 
did not find any 
beans 
(OnBeanCondition)

   PropertyPlaceholder
AutoConfiguration#prop
ertySourcesPlaceholder
Configurer matched:
      - @ConditionalOn
MissingBean (types: or
g.springframework.cont
ext.support.PropertySo
urcesPlaceholderConfig
urer; SearchStrategy: 
current) did not find 
any beans 
(OnBeanCondition)

   RestClientAutoConfi
guration matched:
      - 
@ConditionalOnClass 
found required class '
org.springframework.we
b.client.RestClient' 
(OnClassCondition)
      - 
NoneNestedConditions 
0 matched 1 did not; 
NestedCondition on Not
ReactiveWebApplication
Condition.ReactiveWebA
pplication did not 
find reactive web 
application classes (N
otReactiveWebApplicati
onCondition)

   RestClientAutoConfi
guration#httpMessageCo
nvertersRestClientCust
omizer matched:
      - @ConditionalOn
MissingBean (types: or
g.springframework.boot
.autoconfigure.web.cli
ent.HttpMessageConvert
ersRestClientCustomize
r; SearchStrategy: 
all) did not find any 
beans 
(OnBeanCondition)

   RestClientAutoConfi
guration#restClientBui
lder matched:
      - @ConditionalOn
MissingBean (types: or
g.springframework.web.
client.RestClient$Buil
der; SearchStrategy: 
all) did not find any 
beans 
(OnBeanCondition)

   RestClientAutoConfi
guration#restClientBui
lderConfigurer 
matched:
      - @ConditionalOn
MissingBean (types: or
g.springframework.boot
.autoconfigure.web.cli
ent.RestClientBuilderC
onfigurer; 
SearchStrategy: all) 
did not find any 
beans 
(OnBeanCondition)

   RestClientAutoConfi
guration#restClientSsl
 matched:
      - 
@ConditionalOnBean 
(types: org.springfram
ework.boot.ssl.SslBund
les; SearchStrategy: 
all) found bean 
'sslBundleRegistry'; @
ConditionalOnMissingBe
an (types: org.springf
ramework.boot.autoconf
igure.web.client.RestC
lientSsl; 
SearchStrategy: all) 
did not find any 
beans 
(OnBeanCondition)

   RestTemplateAutoCon
figuration matched:
      - 
@ConditionalOnClass 
found required class '
org.springframework.we
b.client.RestTemplate'
 (OnClassCondition)
      - 
NoneNestedConditions 
0 matched 1 did not; 
NestedCondition on Not
ReactiveWebApplication
Condition.ReactiveWebA
pplication did not 
find reactive web 
application classes (N
otReactiveWebApplicati
onCondition)

   RestTemplateAutoCon
figuration#restTemplat
eBuilder matched:
      - @ConditionalOn
MissingBean (types: or
g.springframework.boot
.web.client.RestTempla
teBuilder; 
SearchStrategy: all) 
did not find any 
beans 
(OnBeanCondition)

   SecurityAutoConfigu
ration matched:
      - 
@ConditionalOnClass 
found required class '
org.springframework.se
curity.authentication.
DefaultAuthenticationE
ventPublisher' 
(OnClassCondition)

   SecurityAutoConfigu
ration#authenticationE
ventPublisher matched:
      - @ConditionalOn
MissingBean (types: or
g.springframework.secu
rity.authentication.Au
thenticationEventPubli
sher; SearchStrategy: 
all) did not find any 
beans 
(OnBeanCondition)

   SecurityFilterAutoC
onfiguration matched:
      - 
@ConditionalOnClass 
found required 
classes 'org.springfra
mework.security.web.co
ntext.AbstractSecurity
WebApplicationInitiali
zer', 'org.springframe
work.security.config.h
ttp.SessionCreationPol
icy' 
(OnClassCondition)
      - found 
'session' scope (OnWeb
ApplicationCondition)

   SecurityFilterAutoC
onfiguration#securityF
ilterChainRegistration
 matched:
      - 
@ConditionalOnBean 
(names: springSecurity
FilterChain; 
SearchStrategy: all) 
found bean 'springSecu
rityFilterChain' 
(OnBeanCondition)

   ServletWebServerFac
toryAutoConfiguration 
matched:
      - 
@ConditionalOnClass 
found required class '
jakarta.servlet.Servle
tRequest' 
(OnClassCondition)
      - found 
'session' scope (OnWeb
ApplicationCondition)

   ServletWebServerFac
toryAutoConfiguration#
tomcatServletWebServer
FactoryCustomizer 
matched:
      - 
@ConditionalOnClass 
found required class '
org.apache.catalina.st
artup.Tomcat' 
(OnClassCondition)

   ServletWebServerFac
toryConfiguration.Embe
ddedTomcat matched:
      - 
@ConditionalOnClass 
found required 
classes 'jakarta.servl
et.Servlet', 'org.apac
he.catalina.startup.To
mcat', 'org.apache.coy
ote.UpgradeProtocol' 
(OnClassCondition)
      - @ConditionalOn
MissingBean (types: or
g.springframework.boot
.web.servlet.server.Se
rvletWebServerFactory;
 SearchStrategy: 
current) did not find 
any beans 
(OnBeanCondition)

   SimpleCacheConfigur
ation matched:
      - Cache org.spri
ngframework.boot.autoc
onfigure.cache.SimpleC
acheConfiguration 
automatic cache type 
(CacheCondition)

   SpringBootWebSecuri
tyConfiguration 
matched:
      - found 
'session' scope (OnWeb
ApplicationCondition)

   SpringDataWebAutoCo
nfiguration matched:
      - 
@ConditionalOnClass 
found required 
classes 'org.springfra
mework.data.web.Pageab
leHandlerMethodArgumen
tResolver', 'org.sprin
gframework.web.servlet
.config.annotation.Web
MvcConfigurer' 
(OnClassCondition)
      - found 
'session' scope (OnWeb
ApplicationCondition)
      - @ConditionalOn
MissingBean (types: or
g.springframework.data
.web.PageableHandlerMe
thodArgumentResolver; 
SearchStrategy: all) 
did not find any 
beans 
(OnBeanCondition)

   SpringDataWebAutoCo
nfiguration#pageableCu
stomizer matched:
      - @ConditionalOn
MissingBean (types: or
g.springframework.data
.web.config.PageableHa
ndlerMethodArgumentRes
olverCustomizer; 
SearchStrategy: all) 
did not find any 
beans 
(OnBeanCondition)

   SpringDataWebAutoCo
nfiguration#sortCustom
izer matched:
      - @ConditionalOn
MissingBean (types: or
g.springframework.data
.web.config.SortHandle
rMethodArgumentResolve
rCustomizer; 
SearchStrategy: all) 
did not find any 
beans 
(OnBeanCondition)

   SpringDataWebAutoCo
nfiguration#springData
WebSettings matched:
      - @ConditionalOn
MissingBean (types: or
g.springframework.data
.web.config.SpringData
WebSettings; 
SearchStrategy: all) 
did not find any 
beans 
(OnBeanCondition)

   SqlInitializationAu
toConfiguration 
matched:
      - @ConditionalOn
Property (spring.sql.i
nit.enabled) matched 
(OnPropertyCondition)
      - 
NoneNestedConditions 
0 matched 1 did not; 
NestedCondition on Sql
InitializationAutoConf
iguration.SqlInitializ
ationModeCondition.Mod
eIsNever @ConditionalO
nProperty (spring.sql.
init.mode=never) did 
not find property 
'mode' (SqlInitializat
ionAutoConfiguration.S
qlInitializationModeCo
ndition)

   SslAutoConfiguratio
n#sslBundleRegistry 
matched:
      - @ConditionalOn
MissingBean (types: or
g.springframework.boot
.ssl.SslBundleRegistry
,org.springframework.b
oot.ssl.SslBundles; 
SearchStrategy: all) 
did not find any 
beans 
(OnBeanCondition)

   TaskExecutionAutoCo
nfiguration matched:
      - 
@ConditionalOnClass 
found required class '
org.springframework.sc
heduling.concurrent.Th
readPoolTaskExecutor' 
(OnClassCondition)

   TaskExecutorConfigu
rations.SimpleAsyncTas
kExecutorBuilderConfig
uration#simpleAsyncTas
kExecutorBuilder 
matched:
      - @ConditionalOn
MissingBean (types: or
g.springframework.boot
.task.SimpleAsyncTaskE
xecutorBuilder; 
SearchStrategy: all) 
did not find any 
beans 
(OnBeanCondition)
      - @ConditionalOn
Threading found 
PLATFORM 
(OnThreadingCondition)

   TaskExecutorConfigu
rations.TaskExecutorCo
nfiguration matched:
      - @ConditionalOn
MissingBean (types: ja
va.util.concurrent.Exe
cutor; 
SearchStrategy: all) 
did not find any 
beans 
(OnBeanCondition)

   TaskExecutorConfigu
rations.TaskExecutorCo
nfiguration#applicatio
nTaskExecutor matched:
      - @ConditionalOn
Threading found 
PLATFORM 
(OnThreadingCondition)

   TaskExecutorConfigu
rations.ThreadPoolTask
ExecutorBuilderConfigu
ration#threadPoolTaskE
xecutorBuilder 
matched:
      - @ConditionalOn
MissingBean (types: or
g.springframework.boot
.task.ThreadPoolTaskEx
ecutorBuilder; 
SearchStrategy: all) 
did not find any 
beans 
(OnBeanCondition)

   TaskSchedulingAutoC
onfiguration matched:
      - 
@ConditionalOnClass 
found required class '
org.springframework.sc
heduling.concurrent.Th
readPoolTaskScheduler'
 (OnClassCondition)

   TaskSchedulingConfi
gurations.SimpleAsyncT
askSchedulerBuilderCon
figuration#simpleAsync
TaskSchedulerBuilder 
matched:
      - @ConditionalOn
MissingBean (types: or
g.springframework.boot
.task.SimpleAsyncTaskS
chedulerBuilder; 
SearchStrategy: all) 
did not find any 
beans 
(OnBeanCondition)
      - @ConditionalOn
Threading found 
PLATFORM 
(OnThreadingCondition)

   TaskSchedulingConfi
gurations.ThreadPoolTa
skSchedulerBuilderConf
iguration#threadPoolTa
skSchedulerBuilder 
matched:
      - @ConditionalOn
MissingBean (types: or
g.springframework.boot
.task.ThreadPoolTaskSc
hedulerBuilder; 
SearchStrategy: all) 
did not find any 
beans 
(OnBeanCondition)

   TransactionAutoConf
iguration matched:
      - 
@ConditionalOnClass 
found required class '
org.springframework.tr
ansaction.PlatformTran
sactionManager' 
(OnClassCondition)

   TransactionAutoConf
iguration.EnableTransa
ctionManagementConfigu
ration matched:
      - 
@ConditionalOnBean 
(types: org.springfram
ework.transaction.Tran
sactionManager; 
SearchStrategy: all) 
found bean 
'transactionManager'; 
@ConditionalOnMissingB
ean (types: org.spring
framework.transaction.
annotation.AbstractTra
nsactionManagementConf
iguration; 
SearchStrategy: all) 
did not find any 
beans 
(OnBeanCondition)

   TransactionAutoConf
iguration.EnableTransa
ctionManagementConfigu
ration.CglibAutoProxyC
onfiguration matched:
      - @ConditionalOn
Property (spring.aop.p
roxy-target-class=true
) matched 
(OnPropertyCondition)

   TransactionAutoConf
iguration.TransactionT
emplateConfiguration 
matched:
      - @ConditionalOn
SingleCandidate 
(types: org.springfram
ework.transaction.Plat
formTransactionManager
; SearchStrategy: 
all) found a single 
bean 
'transactionManager' 
(OnBeanCondition)

   TransactionAutoConf
iguration.TransactionT
emplateConfiguration#t
ransactionTemplate 
matched:
      - @ConditionalOn
MissingBean (types: or
g.springframework.tran
saction.support.Transa
ctionOperations; 
SearchStrategy: all) 
did not find any 
beans 
(OnBeanCondition)

   TransactionManagerC
ustomizationAutoConfig
uration matched:
      - 
@ConditionalOnClass 
found required class '
org.springframework.tr
ansaction.PlatformTran
sactionManager' 
(OnClassCondition)

   TransactionManagerC
ustomizationAutoConfig
uration#platformTransa
ctionManagerCustomizer
s matched:
      - @ConditionalOn
MissingBean (types: or
g.springframework.boot
.autoconfigure.transac
tion.TransactionManage
rCustomizers; 
SearchStrategy: all) 
did not find any 
beans 
(OnBeanCondition)

   ValidationAutoConfi
guration matched:
      - 
@ConditionalOnClass 
found required class '
jakarta.validation.exe
cutable.ExecutableVali
dator' 
(OnClassCondition)
      - @ConditionalOn
Resource found 
location classpath:MET
A-INF/services/jakarta
.validation.spi.Valida
tionProvider 
(OnResourceCondition)

   ValidationAutoConfi
guration#defaultValida
tor matched:
      - @ConditionalOn
MissingBean (types: ja
karta.validation.Valid
ator; SearchStrategy: 
all) did not find any 
beans 
(OnBeanCondition)

   ValidationAutoConfi
guration#methodValidat
ionPostProcessor 
matched:
      - @ConditionalOn
MissingBean (types: or
g.springframework.vali
dation.beanvalidation.
MethodValidationPostPr
ocessor; 
SearchStrategy: 
current) did not find 
any beans 
(OnBeanCondition)

   WebMvcAutoConfigura
tion matched:
      - 
@ConditionalOnClass 
found required 
classes 'jakarta.servl
et.Servlet', 'org.spri
ngframework.web.servle
t.DispatcherServlet', 
'org.springframework.w
eb.servlet.config.anno
tation.WebMvcConfigure
r' (OnClassCondition)
      - found 
'session' scope (OnWeb
ApplicationCondition)
      - @ConditionalOn
MissingBean (types: or
g.springframework.web.
servlet.config.annotat
ion.WebMvcConfiguratio
nSupport; 
SearchStrategy: all) 
did not find any 
beans 
(OnBeanCondition)

   WebMvcAutoConfigura
tion#formContentFilter
 matched:
      - @ConditionalOn
Property (spring.mvc.f
ormcontent.filter.enab
led) matched 
(OnPropertyCondition)
      - @ConditionalOn
MissingBean (types: or
g.springframework.web.
filter.FormContentFilt
er; SearchStrategy: 
all) did not find any 
beans 
(OnBeanCondition)

   WebMvcAutoConfigura
tion.EnableWebMvcConfi
guration#flashMapManag
er matched:
      - @ConditionalOn
MissingBean (names: 
flashMapManager; 
SearchStrategy: all) 
did not find any 
beans 
(OnBeanCondition)

   WebMvcAutoConfigura
tion.EnableWebMvcConfi
guration#localeResolve
r matched:
      - @ConditionalOn
MissingBean (names: 
localeResolver; 
SearchStrategy: all) 
did not find any 
beans 
(OnBeanCondition)

   WebMvcAutoConfigura
tion.EnableWebMvcConfi
guration#themeResolver
 matched:
      - @ConditionalOn
MissingBean (names: 
themeResolver; 
SearchStrategy: all) 
did not find any 
beans 
(OnBeanCondition)

   WebMvcAutoConfigura
tion.EnableWebMvcConfi
guration#viewNameTrans
lator matched:
      - @ConditionalOn
MissingBean (names: 
viewNameTranslator; 
SearchStrategy: all) 
did not find any 
beans 
(OnBeanCondition)

   WebMvcAutoConfigura
tion.WebMvcAutoConfigu
rationAdapter#defaultV
iewResolver matched:
      - @ConditionalOn
MissingBean (types: or
g.springframework.web.
servlet.view.InternalR
esourceViewResolver; 
SearchStrategy: all) 
did not find any 
beans 
(OnBeanCondition)

   WebMvcAutoConfigura
tion.WebMvcAutoConfigu
rationAdapter#requestC
ontextFilter matched:
      - @ConditionalOn
MissingBean (types: or
g.springframework.web.
context.request.Reques
tContextListener,org.s
pringframework.web.fil
ter.RequestContextFilt
er; SearchStrategy: 
all) did not find any 
beans 
(OnBeanCondition)

   WebMvcAutoConfigura
tion.WebMvcAutoConfigu
rationAdapter#viewReso
lver matched:
      - 
@ConditionalOnBean 
(types: org.springfram
ework.web.servlet.View
Resolver; 
SearchStrategy: all) 
found beans 'defaultVi
ewResolver', 'beanName
ViewResolver', 
'mvcViewResolver'; @Co
nditionalOnMissingBean
 (names: viewResolver 
types: org.springframe
work.web.servlet.view.
ContentNegotiatingView
Resolver; 
SearchStrategy: all) 
did not find any 
beans 
(OnBeanCondition)

   WebSocketServletAut
oConfiguration 
matched:
      - 
@ConditionalOnClass 
found required 
classes 'jakarta.servl
et.Servlet', 'jakarta.
websocket.server.Serve
rContainer' 
(OnClassCondition)
      - found 
'session' scope (OnWeb
ApplicationCondition)

   WebSocketServletAut
oConfiguration.TomcatW
ebSocketConfiguration 
matched:
      - 
@ConditionalOnClass 
found required 
classes 'org.apache.ca
talina.startup.Tomcat'
, 'org.apache.tomcat.w
ebsocket.server.WsSci'
 (OnClassCondition)

   WebSocketServletAut
oConfiguration.TomcatW
ebSocketConfiguration#
websocketServletWebSer
verCustomizer matched:
      - @ConditionalOn
MissingBean (names: we
bsocketServletWebServe
rCustomizer; 
SearchStrategy: all) 
did not find any 
beans 
(OnBeanCondition)


Negative matches:
-----------------

   ActiveMQAutoConfigu
ration:
      Did not match:
         - 
@ConditionalOnClass 
did not find required 
class 'jakarta.jms.Con
nectionFactory' 
(OnClassCondition)

   AopAutoConfiguratio
n.AspectJAutoProxyingC
onfiguration.JdkDynami
cAutoProxyConfiguratio
n:
      Did not match:
         - @Conditiona
lOnProperty (spring.ao
p.proxy-target-class=f
alse) did not find 
property 
'proxy-target-class' 
(OnPropertyCondition)

   AopAutoConfiguratio
n.ClassProxyingConfigu
ration:
      Did not match:
         - @Conditiona
lOnMissingClass found 
unwanted class 'org.as
pectj.weaver.Advice' 
(OnClassCondition)

   ArtemisAutoConfigur
ation:
      Did not match:
         - 
@ConditionalOnClass 
did not find required 
class 'jakarta.jms.Con
nectionFactory' 
(OnClassCondition)

   BatchAutoConfigurat
ion:
      Did not match:
         - 
@ConditionalOnClass 
did not find required 
class 'org.springframe
work.batch.core.launch
.JobLauncher' 
(OnClassCondition)

   Cache2kCacheConfigu
ration:
      Did not match:
         - 
@ConditionalOnClass 
did not find required 
class 'org.cache2k.Cac
he2kBuilder' 
(OnClassCondition)

   CacheAutoConfigurat
ion:
      Did not match:
         - 
@ConditionalOnBean 
(types: org.springfram
ework.cache.intercepto
r.CacheAspectSupport; 
SearchStrategy: all) 
did not find any 
beans of type org.spri
ngframework.cache.inte
rceptor.CacheAspectSup
port (OnBeanCondition)
      Matched:
         - 
@ConditionalOnClass 
found required class '
org.springframework.ca
che.CacheManager' 
(OnClassCondition)

   CacheAutoConfigurat
ion.CacheManagerEntity
ManagerFactoryDependsO
nPostProcessor:
      Did not match:
         - Ancestor or
g.springframework.boot
.autoconfigure.cache.C
acheAutoConfiguration 
did not match (Conditi
onEvaluationReport.Anc
estorsMatchedCondition
)
      Matched:
         - 
@ConditionalOnClass 
found required class '
org.springframework.or
m.jpa.LocalContainerEn
tityManagerFactoryBean
' (OnClassCondition)

   CaffeineCacheConfig
uration:
      Did not match:
         - 
@ConditionalOnClass 
did not find required 
class 'com.github.benm
anes.caffeine.cache.Ca
ffeine' 
(OnClassCondition)

   CassandraAutoConfig
uration:
      Did not match:
         - 
@ConditionalOnClass 
did not find required 
class 'com.datastax.os
s.driver.api.core.CqlS
ession' 
(OnClassCondition)

   CassandraDataAutoCo
nfiguration:
      Did not match:
         - 
@ConditionalOnClass 
did not find required 
class 'com.datastax.os
s.driver.api.core.CqlS
ession' 
(OnClassCondition)

   CassandraReactiveDa
taAutoConfiguration:
      Did not match:
         - 
@ConditionalOnClass 
did not find required 
class 'com.datastax.os
s.driver.api.core.CqlS
ession' 
(OnClassCondition)

   CassandraReactiveRe
positoriesAutoConfigur
ation:
      Did not match:
         - 
@ConditionalOnClass 
did not find required 
class 'org.springframe
work.data.cassandra.Re
activeSession' 
(OnClassCondition)

   CassandraRepositori
esAutoConfiguration:
      Did not match:
         - 
@ConditionalOnClass 
did not find required 
class 'com.datastax.os
s.driver.api.core.CqlS
ession' 
(OnClassCondition)

   ClientHttpConnector
AutoConfiguration:
      Did not match:
         - 
@ConditionalOnClass 
did not find required 
class 'org.springframe
work.web.reactive.func
tion.client.WebClient'
 (OnClassCondition)

   CodecsAutoConfigura
tion:
      Did not match:
         - 
@ConditionalOnClass 
did not find required 
class 'org.springframe
work.web.reactive.func
tion.client.WebClient'
 (OnClassCondition)

   CouchbaseAutoConfig
uration:
      Did not match:
         - 
@ConditionalOnClass 
did not find required 
class 'com.couchbase.c
lient.java.Cluster' 
(OnClassCondition)

   CouchbaseCacheConfi
guration:
      Did not match:
         - 
@ConditionalOnClass 
did not find required 
class 'com.couchbase.c
lient.java.Cluster' 
(OnClassCondition)

   CouchbaseDataAutoCo
nfiguration:
      Did not match:
         - 
@ConditionalOnClass 
did not find required 
class 'com.couchbase.c
lient.java.Bucket' 
(OnClassCondition)

   CouchbaseReactiveDa
taAutoConfiguration:
      Did not match:
         - 
@ConditionalOnClass 
did not find required 
class 'com.couchbase.c
lient.java.Cluster' 
(OnClassCondition)

   CouchbaseReactiveRe
positoriesAutoConfigur
ation:
      Did not match:
         - 
@ConditionalOnClass 
did not find required 
class 'com.couchbase.c
lient.java.Cluster' 
(OnClassCondition)

   CouchbaseRepositori
esAutoConfiguration:
      Did not match:
         - 
@ConditionalOnClass 
did not find required 
class 'com.couchbase.c
lient.java.Bucket' 
(OnClassCondition)

   DataSourceAutoConfi
guration.EmbeddedDatab
aseConfiguration:
      Did not match:
         - 
EmbeddedDataSource 
spring.datasource.url 
is set (DataSourceAuto
Configuration.Embedded
DatabaseCondition)

   DataSourceCheckpoin
tRestoreConfiguration:
      Did not match:
         - 
@ConditionalOnClass 
did not find required 
class 
'org.crac.Resource' 
(OnClassCondition)

   DataSourceConfigura
tion.Dbcp2:
      Did not match:
         - 
@ConditionalOnClass 
did not find required 
class 'org.apache.comm
ons.dbcp2.BasicDataSou
rce' 
(OnClassCondition)

   DataSourceConfigura
tion.Generic:
      Did not match:
         - @Conditiona
lOnProperty (spring.da
tasource.type) did 
not find property 'spr
ing.datasource.type' 
(OnPropertyCondition)

   DataSourceConfigura
tion.OracleUcp:
      Did not match:
         - 
@ConditionalOnClass 
did not find required 
classes 'oracle.ucp.jd
bc.PoolDataSourceImpl'
, 'oracle.jdbc.OracleC
onnection' 
(OnClassCondition)

   DataSourceConfigura
tion.Tomcat:
      Did not match:
         - 
@ConditionalOnClass 
did not find required 
class 'org.apache.tomc
at.jdbc.pool.DataSourc
e' (OnClassCondition)

   DataSourceJmxConfig
uration:
      Did not match:
         - @Conditiona
lOnProperty (spring.jm
x.enabled=true) found 
different value in 
property 'enabled' 
(OnPropertyCondition)

   DataSourcePoolMetad
ataProvidersConfigurat
ion.CommonsDbcp2PoolDa
taSourceMetadataProvid
erConfiguration:
      Did not match:
         - 
@ConditionalOnClass 
did not find required 
class 'org.apache.comm
ons.dbcp2.BasicDataSou
rce' 
(OnClassCondition)

   DataSourcePoolMetad
ataProvidersConfigurat
ion.OracleUcpPoolDataS
ourceMetadataProviderC
onfiguration:
      Did not match:
         - 
@ConditionalOnClass 
did not find required 
classes 'oracle.ucp.jd
bc.PoolDataSource', 'o
racle.jdbc.OracleConne
ction' 
(OnClassCondition)

   DataSourcePoolMetad
ataProvidersConfigurat
ion.TomcatDataSourcePo
olMetadataProviderConf
iguration:
      Did not match:
         - 
@ConditionalOnClass 
did not find required 
class 'org.apache.tomc
at.jdbc.pool.DataSourc
e' (OnClassCondition)

   DataSourceTransacti
onManagerAutoConfigura
tion.JdbcTransactionMa
nagerConfiguration#tra
nsactionManager:
      Did not match:
         - @Conditiona
lOnMissingBean 
(types: org.springfram
ework.transaction.Tran
sactionManager; 
SearchStrategy: all) 
found beans of type 'o
rg.springframework.tra
nsaction.TransactionMa
nager' 
transactionManager 
(OnBeanCondition)

   DevToolsDataSourceA
utoConfiguration:
      Did not match:
         - Devtools 
devtools is disabled 
for current context. (
OnEnabledDevToolsCondi
tion)
      Matched:
         - 
@ConditionalOnClass 
found required class '
javax.sql.DataSource' 
(OnClassCondition)

   DevToolsR2dbcAutoCo
nfiguration:
      Did not match:
         - 
@ConditionalOnClass 
did not find required 
class 'io.r2dbc.spi.Co
nnectionFactory' 
(OnClassCondition)

   DispatcherServletAu
toConfiguration.Dispat
cherServletConfigurati
on#multipartResolver:
      Did not match:
         - 
@ConditionalOnBean 
(types: org.springfram
ework.web.multipart.Mu
ltipartResolver; 
SearchStrategy: all) 
did not find any 
beans of type org.spri
ngframework.web.multip
art.MultipartResolver 
(OnBeanCondition)

   ElasticsearchClient
AutoConfiguration:
      Did not match:
         - 
@ConditionalOnClass 
did not find required 
class 'co.elastic.clie
nts.elasticsearch.Elas
ticsearchClient' 
(OnClassCondition)

   ElasticsearchDataAu
toConfiguration:
      Did not match:
         - 
@ConditionalOnClass 
did not find required 
class 'org.springframe
work.data.elasticsearc
h.client.elc.Elasticse
archTemplate' 
(OnClassCondition)

   ElasticsearchReposi
toriesAutoConfiguratio
n:
      Did not match:
         - 
@ConditionalOnClass 
did not find required 
class 'org.springframe
work.data.elasticsearc
h.repository.Elasticse
archRepository' 
(OnClassCondition)

   ElasticsearchRestCl
ientAutoConfiguration:
      Did not match:
         - 
@ConditionalOnClass 
did not find required 
class 'org.elasticsear
ch.client.RestClientBu
ilder' 
(OnClassCondition)

   EmbeddedLdapAutoCon
figuration:
      Did not match:
         - 
@ConditionalOnClass 
did not find required 
class 'com.unboundid.l
dap.listener.InMemoryD
irectoryServer' 
(OnClassCondition)

   EmbeddedWebServerFa
ctoryCustomizerAutoCon
figuration:
      Did not match:
         - 
Application is 
deployed as a WAR 
file. (OnWarDeployment
Condition)
      Matched:
         - @Conditiona
lOnWebApplication 
(required) found 
'session' scope (OnWeb
ApplicationCondition)

   ErrorWebFluxAutoCon
figuration:
      Did not match:
         - 
@ConditionalOnClass 
did not find required 
class 'org.springframe
work.web.reactive.conf
ig.WebFluxConfigurer' 
(OnClassCondition)

   FlywayAutoConfigura
tion:
      Did not match:
         - 
@ConditionalOnClass 
did not find required 
class 'org.flywaydb.co
re.Flyway' 
(OnClassCondition)

   FreeMarkerAutoConfi
guration:
      Did not match:
         - 
@ConditionalOnClass 
did not find required 
class 'freemarker.temp
late.Configuration' 
(OnClassCondition)

   GraphQlAutoConfigur
ation:
      Did not match:
         - 
@ConditionalOnClass 
did not find required 
class 
'graphql.GraphQL' 
(OnClassCondition)

   GraphQlQueryByExamp
leAutoConfiguration:
      Did not match:
         - 
@ConditionalOnClass 
did not find required 
class 
'graphql.GraphQL' 
(OnClassCondition)

   GraphQlQuerydslAuto
Configuration:
      Did not match:
         - 
@ConditionalOnClass 
did not find required 
class 'com.querydsl.co
re.Query' 
(OnClassCondition)

   GraphQlRSocketAutoC
onfiguration:
      Did not match:
         - 
@ConditionalOnClass 
did not find required 
class 
'graphql.GraphQL' 
(OnClassCondition)

   GraphQlReactiveQuer
yByExampleAutoConfigur
ation:
      Did not match:
         - 
@ConditionalOnClass 
did not find required 
class 
'graphql.GraphQL' 
(OnClassCondition)

   GraphQlReactiveQuer
ydslAutoConfiguration:
      Did not match:
         - 
@ConditionalOnClass 
did not find required 
class 'com.querydsl.co
re.Query' 
(OnClassCondition)

   GraphQlWebFluxAutoC
onfiguration:
      Did not match:
         - 
@ConditionalOnClass 
did not find required 
class 
'graphql.GraphQL' 
(OnClassCondition)

   GraphQlWebFluxSecur
ityAutoConfiguration:
      Did not match:
         - 
@ConditionalOnClass 
did not find required 
class 
'graphql.GraphQL' 
(OnClassCondition)

   GraphQlWebMvcAutoCo
nfiguration:
      Did not match:
         - 
@ConditionalOnClass 
did not find required 
class 
'graphql.GraphQL' 
(OnClassCondition)

   GraphQlWebMvcSecuri
tyAutoConfiguration:
      Did not match:
         - 
@ConditionalOnClass 
did not find required 
class 
'graphql.GraphQL' 
(OnClassCondition)

   GroovyTemplateAutoC
onfiguration:
      Did not match:
         - 
@ConditionalOnClass 
did not find required 
class 'groovy.text.mar
kup.MarkupTemplateEngi
ne' (OnClassCondition)

   
GsonAutoConfiguration:
      Did not match:
         - 
@ConditionalOnClass 
did not find required 
class 'com.google.gson
.Gson' 
(OnClassCondition)

   GsonHttpMessageConv
ertersConfiguration:
      Did not match:
         - 
@ConditionalOnClass 
did not find required 
class 'com.google.gson
.Gson' 
(OnClassCondition)

   H2ConsoleAutoConfig
uration:
      Did not match:
         - 
@ConditionalOnClass 
did not find required 
class 'org.h2.server.w
eb.JakartaWebServlet' 
(OnClassCondition)

   HazelcastAutoConfig
uration:
      Did not match:
         - 
@ConditionalOnClass 
did not find required 
class 'com.hazelcast.c
ore.HazelcastInstance'
 (OnClassCondition)

   HazelcastCacheConfi
guration:
      Did not match:
         - 
@ConditionalOnClass 
did not find required 
class 'com.hazelcast.c
ore.HazelcastInstance'
 (OnClassCondition)

   HazelcastJpaDepende
ncyAutoConfiguration:
      Did not match:
         - 
@ConditionalOnClass 
did not find required 
class 'com.hazelcast.c
ore.HazelcastInstance'
 (OnClassCondition)

   HttpHandlerAutoConf
iguration:
      Did not match:
         - 
@ConditionalOnClass 
did not find required 
class 'org.springframe
work.web.reactive.Disp
atcherHandler' 
(OnClassCondition)

   HypermediaAutoConfi
guration:
      Did not match:
         - 
@ConditionalOnClass 
did not find required 
class 'org.springframe
work.hateoas.EntityMod
el' (OnClassCondition)

   InfinispanCacheConf
iguration:
      Did not match:
         - 
@ConditionalOnClass 
did not find required 
class 'org.infinispan.
spring.embedded.provid
er.SpringEmbeddedCache
Manager' 
(OnClassCondition)

   IntegrationAutoConf
iguration:
      Did not match:
         - 
@ConditionalOnClass 
did not find required 
class 'org.springframe
work.integration.confi
g.EnableIntegration' 
(OnClassCondition)

   JCacheCacheConfigur
ation:
      Did not match:
         - 
@ConditionalOnClass 
did not find required 
class 
'javax.cache.Caching' 
(OnClassCondition)

   JacksonHttpMessageC
onvertersConfiguration
.MappingJackson2XmlHtt
pMessageConverterConfi
guration:
      Did not match:
         - 
@ConditionalOnClass 
did not find required 
class 'com.fasterxml.j
ackson.dataformat.xml.
XmlMapper' 
(OnClassCondition)

   JdbcRepositoriesAut
oConfiguration:
      Did not match:
         - 
@ConditionalOnClass 
did not find required 
class 'org.springframe
work.data.jdbc.reposit
ory.config.AbstractJdb
cConfiguration' 
(OnClassCondition)

   JerseyAutoConfigura
tion:
      Did not match:
         - 
@ConditionalOnClass 
did not find required 
class 'org.glassfish.j
ersey.server.spring.Sp
ringComponentProvider'
 (OnClassCondition)

   
JmsAutoConfiguration:
      Did not match:
         - 
@ConditionalOnClass 
did not find required 
class 
'jakarta.jms.Message' 
(OnClassCondition)

   
JmxAutoConfiguration:
      Did not match:
         - @Conditiona
lOnProperty (spring.jm
x.enabled=true) found 
different value in 
property 'enabled' 
(OnPropertyCondition)
      Matched:
         - 
@ConditionalOnClass 
found required class '
org.springframework.jm
x.export.MBeanExporter
' (OnClassCondition)

   JndiConnectionFacto
ryAutoConfiguration:
      Did not match:
         - 
@ConditionalOnClass 
did not find required 
class 'org.springframe
work.jms.core.JmsTempl
ate' 
(OnClassCondition)

   JndiDataSourceAutoC
onfiguration:
      Did not match:
         - @Conditiona
lOnProperty (spring.da
tasource.jndi-name) 
did not find property 
'jndi-name' 
(OnPropertyCondition)
      Matched:
         - 
@ConditionalOnClass 
found required 
classes 'javax.sql.Dat
aSource', 'org.springf
ramework.jdbc.datasour
ce.embedded.EmbeddedDa
tabaseType' 
(OnClassCondition)

   
JndiJtaConfiguration:
      Did not match:
         - 
@ConditionalOnJndi 
JNDI environment is 
not available 
(OnJndiCondition)
      Matched:
         - 
@ConditionalOnClass 
found required class '
org.springframework.tr
ansaction.jta.JtaTrans
actionManager' 
(OnClassCondition)

   
JooqAutoConfiguration:
      Did not match:
         - 
@ConditionalOnClass 
did not find required 
class 
'org.jooq.DSLContext' 
(OnClassCondition)

   JpaRepositoriesAuto
Configuration#entityMa
nagerFactoryBootstrapE
xecutorCustomizer:
      Did not match:
         - 
AnyNestedCondition 0 
matched 2 did not; 
NestedCondition on Jpa
RepositoriesAutoConfig
uration.BootstrapExecu
torCondition.LazyBoots
trapMode @ConditionalO
nProperty (spring.data
.jpa.repositories.boot
strap-mode=lazy) did 
not find property 
'bootstrap-mode'; 
NestedCondition on Jpa
RepositoriesAutoConfig
uration.BootstrapExecu
torCondition.DeferredB
ootstrapMode @Conditio
nalOnProperty (spring.
data.jpa.repositories.
bootstrap-mode=deferre
d) did not find 
property 
'bootstrap-mode' (JpaR
epositoriesAutoConfigu
ration.BootstrapExecut
orCondition)

   JsonbAutoConfigurat
ion:
      Did not match:
         - 
@ConditionalOnClass 
did not find required 
class 'jakarta.json.bi
nd.Jsonb' 
(OnClassCondition)

   JsonbHttpMessageCon
vertersConfiguration:
      Did not match:
         - 
@ConditionalOnClass 
did not find required 
class 'jakarta.json.bi
nd.Jsonb' 
(OnClassCondition)

   KafkaAutoConfigurat
ion:
      Did not match:
         - 
@ConditionalOnClass 
did not find required 
class 'org.springframe
work.kafka.core.KafkaT
emplate' 
(OnClassCondition)

   
LdapAutoConfiguration:
      Did not match:
         - 
@ConditionalOnClass 
did not find required 
class 'org.springframe
work.ldap.core.Context
Source' 
(OnClassCondition)

   LdapRepositoriesAut
oConfiguration:
      Did not match:
         - 
@ConditionalOnClass 
did not find required 
class 'org.springframe
work.data.ldap.reposit
ory.LdapRepository' 
(OnClassCondition)

   LiquibaseAutoConfig
uration:
      Did not match:
         - 
@ConditionalOnClass 
did not find required 
class 'liquibase.chang
e.DatabaseChange' 
(OnClassCondition)

   LocalDevToolsAutoCo
nfiguration:
      Did not match:
         - 
Initialized Restarter 
Condition initialized 
without URLs (OnInitia
lizedRestarterConditio
n)

   MailSenderAutoConfi
guration:
      Did not match:
         - 
@ConditionalOnClass 
did not find required 
class 'jakarta.mail.in
ternet.MimeMessage' 
(OnClassCondition)

   MailSenderValidator
AutoConfiguration:
      Did not match:
         - @Conditiona
lOnSingleCandidate 
did not find required 
type 'org.springframew
ork.mail.javamail.Java
MailSenderImpl' 
(OnBeanCondition)

   MessageSourceAutoCo
nfiguration:
      Did not match:
         - 
ResourceBundle did 
not find bundle with 
basename messages (Mes
sageSourceAutoConfigur
ation.ResourceBundleCo
ndition)

   MockMvcAutoConfigur
ation#dispatcherServle
t:
      Did not match:
         - @Conditiona
lOnMissingBean 
(types: org.springfram
ework.web.servlet.Disp
atcherServlet; 
SearchStrategy: all) 
found beans of type 'o
rg.springframework.web
.servlet.DispatcherSer
vlet' 
dispatcherServlet 
(OnBeanCondition)

   MockMvcAutoConfigur
ation#dispatcherServle
tPath:
      Did not match:
         - @Conditiona
lOnMissingBean 
(types: org.springfram
ework.boot.autoconfigu
re.web.servlet.Dispatc
herServletPath; 
SearchStrategy: all) 
found beans of type 'o
rg.springframework.boo
t.autoconfigure.web.se
rvlet.DispatcherServle
tPath' dispatcherServl
etRegistration 
(OnBeanCondition)

   MockMvcAutoConfigur
ation.WebTestClientMoc
kMvcConfiguration:
      Did not match:
         - 
@ConditionalOnClass 
did not find required 
class 'org.springframe
work.web.reactive.func
tion.client.WebClient'
 (OnClassCondition)

   MockMvcWebClientAut
oConfiguration:
      Did not match:
         - 
@ConditionalOnClass 
did not find required 
class 'org.htmlunit.We
bClient' 
(OnClassCondition)

   MockMvcWebDriverAut
oConfiguration:
      Did not match:
         - 
@ConditionalOnClass 
did not find required 
class 'org.openqa.sele
nium.htmlunit.HtmlUnit
Driver' 
(OnClassCondition)

   MomentsAutoConfigur
ation#timeMachine:
      Did not match:
         - @Conditiona
lOnProperty (spring.mo
dulith.moments.enable-
time-machine=true) 
did not find property 
'spring.modulith.momen
ts.enable-time-machine
' 
(OnPropertyCondition)

   MongoAutoConfigurat
ion:
      Did not match:
         - 
@ConditionalOnClass 
did not find required 
class 'com.mongodb.cli
ent.MongoClient' 
(OnClassCondition)

   MongoDataAutoConfig
uration:
      Did not match:
         - 
@ConditionalOnClass 
did not find required 
class 'com.mongodb.cli
ent.MongoClient' 
(OnClassCondition)

   MongoReactiveAutoCo
nfiguration:
      Did not match:
         - 
@ConditionalOnClass 
did not find required 
class 'com.mongodb.rea
ctivestreams.client.Mo
ngoClient' 
(OnClassCondition)

   MongoReactiveDataAu
toConfiguration:
      Did not match:
         - 
@ConditionalOnClass 
did not find required 
class 'com.mongodb.rea
ctivestreams.client.Mo
ngoClient' 
(OnClassCondition)

   MongoReactiveReposi
toriesAutoConfiguratio
n:
      Did not match:
         - 
@ConditionalOnClass 
did not find required 
class 'com.mongodb.rea
ctivestreams.client.Mo
ngoClient' 
(OnClassCondition)

   MongoRepositoriesAu
toConfiguration:
      Did not match:
         - 
@ConditionalOnClass 
did not find required 
class 'com.mongodb.cli
ent.MongoClient' 
(OnClassCondition)

   MustacheAutoConfigu
ration:
      Did not match:
         - 
@ConditionalOnClass 
did not find required 
class 'com.samskivert.
mustache.Mustache' 
(OnClassCondition)

   Neo4jAutoConfigurat
ion:
      Did not match:
         - 
@ConditionalOnClass 
did not find required 
class 'org.neo4j.drive
r.Driver' 
(OnClassCondition)

   Neo4jDataAutoConfig
uration:
      Did not match:
         - 
@ConditionalOnClass 
did not find required 
class 'org.neo4j.drive
r.Driver' 
(OnClassCondition)

   Neo4jReactiveDataAu
toConfiguration:
      Did not match:
         - 
@ConditionalOnClass 
did not find required 
class 'org.neo4j.drive
r.Driver' 
(OnClassCondition)

   Neo4jReactiveReposi
toriesAutoConfiguratio
n:
      Did not match:
         - 
@ConditionalOnClass 
did not find required 
class 'org.neo4j.drive
r.Driver' 
(OnClassCondition)

   Neo4jRepositoriesAu
toConfiguration:
      Did not match:
         - 
@ConditionalOnClass 
did not find required 
class 'org.neo4j.drive
r.Driver' 
(OnClassCondition)

   NettyAutoConfigurat
ion:
      Did not match:
         - 
@ConditionalOnClass 
did not find required 
class 'io.netty.util.N
ettyRuntime' 
(OnClassCondition)

   OAuth2Authorization
ServerAutoConfiguratio
n:
      Did not match:
         - 
@ConditionalOnClass 
did not find required 
class 'org.springframe
work.security.oauth2.s
erver.authorization.OA
uth2Authorization' 
(OnClassCondition)

   OAuth2Authorization
ServerJwtAutoConfigura
tion:
      Did not match:
         - 
@ConditionalOnClass 
did not find required 
class 'org.springframe
work.security.oauth2.s
erver.authorization.OA
uth2Authorization' 
(OnClassCondition)

   OAuth2ClientAutoCon
figuration:
      Did not match:
         - 
@ConditionalOnClass 
did not find required 
class 'org.springframe
work.security.oauth2.c
lient.registration.Cli
entRegistration' 
(OnClassCondition)

   OAuth2ResourceServe
rAutoConfiguration:
      Did not match:
         - 
@ConditionalOnClass 
did not find required 
class 'org.springframe
work.security.oauth2.s
erver.resource.authent
ication.BearerTokenAut
henticationToken' 
(OnClassCondition)

   ProjectInfoAutoConf
iguration#buildPropert
ies:
      Did not match:
         - @Conditiona
lOnResource did not 
find resource '${sprin
g.info.build.location:
classpath:META-INF/bui
ld-info.properties}' 
(OnResourceCondition)

   ProjectInfoAutoConf
iguration#gitPropertie
s:
      Did not match:
         - 
GitResource did not 
find git info at class
path:git.properties (P
rojectInfoAutoConfigur
ation.GitResourceAvail
ableCondition)

   PulsarAutoConfigura
tion:
      Did not match:
         - 
@ConditionalOnClass 
did not find required 
class 'org.apache.puls
ar.client.api.PulsarCl
ient' 
(OnClassCondition)

   PulsarReactiveAutoC
onfiguration:
      Did not match:
         - 
@ConditionalOnClass 
did not find required 
class 'org.apache.puls
ar.client.api.PulsarCl
ient' 
(OnClassCondition)

   QuartzAutoConfigura
tion:
      Did not match:
         - 
@ConditionalOnClass 
did not find required 
class 'org.quartz.Sche
duler' 
(OnClassCondition)

   R2dbcAutoConfigurat
ion:
      Did not match:
         - 
@ConditionalOnClass 
did not find required 
class 'io.r2dbc.spi.Co
nnectionFactory' 
(OnClassCondition)

   R2dbcDataAutoConfig
uration:
      Did not match:
         - 
@ConditionalOnClass 
did not find required 
class 'org.springframe
work.data.r2dbc.core.R
2dbcEntityTemplate' 
(OnClassCondition)

   R2dbcInitialization
Configuration:
      Did not match:
         - 
@ConditionalOnClass 
did not find required 
classes 'io.r2dbc.spi.
ConnectionFactory', 'o
rg.springframework.r2d
bc.connection.init.Dat
abasePopulator' 
(OnClassCondition)

   R2dbcProxyAutoConfi
guration:
      Did not match:
         - 
@ConditionalOnClass 
did not find required 
class 'io.r2dbc.proxy.
ProxyConnectionFactory
' (OnClassCondition)

   R2dbcRepositoriesAu
toConfiguration:
      Did not match:
         - 
@ConditionalOnClass 
did not find required 
class 'io.r2dbc.spi.Co
nnectionFactory' 
(OnClassCondition)

   R2dbcTransactionMan
agerAutoConfiguration:
      Did not match:
         - 
@ConditionalOnClass 
did not find required 
class 'org.springframe
work.r2dbc.connection.
R2dbcTransactionManage
r' (OnClassCondition)

   RSocketGraphQlClien
tAutoConfiguration:
      Did not match:
         - 
@ConditionalOnClass 
did not find required 
class 
'graphql.GraphQL' 
(OnClassCondition)

   RSocketMessagingAut
oConfiguration:
      Did not match:
         - 
@ConditionalOnClass 
did not find required 
class 
'io.rsocket.RSocket' 
(OnClassCondition)

   RSocketRequesterAut
oConfiguration:
      Did not match:
         - 
@ConditionalOnClass 
did not find required 
class 
'io.rsocket.RSocket' 
(OnClassCondition)

   RSocketSecurityAuto
Configuration:
      Did not match:
         - 
@ConditionalOnClass 
did not find required 
class 'org.springframe
work.security.rsocket.
core.SecuritySocketAcc
eptorInterceptor' 
(OnClassCondition)

   RSocketServerAutoCo
nfiguration:
      Did not match:
         - 
@ConditionalOnClass 
did not find required 
class 'io.rsocket.core
.RSocketServer' 
(OnClassCondition)

   RSocketStrategiesAu
toConfiguration:
      Did not match:
         - 
@ConditionalOnClass 
did not find required 
class 'io.netty.buffer
.PooledByteBufAllocato
r' (OnClassCondition)

   RabbitAutoConfigura
tion:
      Did not match:
         - 
@ConditionalOnClass 
did not find required 
class 'com.rabbitmq.cl
ient.Channel' 
(OnClassCondition)

   ReactiveElasticsear
chClientAutoConfigurat
ion:
      Did not match:
         - 
@ConditionalOnClass 
did not find required 
class 'co.elastic.clie
nts.transport.Elastics
earchTransport' 
(OnClassCondition)

   ReactiveElasticsear
chRepositoriesAutoConf
iguration:
      Did not match:
         - 
@ConditionalOnClass 
did not find required 
class 'reactor.core.pu
blisher.Mono' 
(OnClassCondition)

   ReactiveMultipartAu
toConfiguration:
      Did not match:
         - 
@ConditionalOnClass 
did not find required 
class 'org.springframe
work.web.reactive.conf
ig.WebFluxConfigurer' 
(OnClassCondition)

   ReactiveOAuth2Clien
tAutoConfiguration:
      Did not match:
         - 
@ConditionalOnClass 
did not find required 
class 'reactor.core.pu
blisher.Flux' 
(OnClassCondition)

   ReactiveOAuth2Resou
rceServerAutoConfigura
tion:
      Did not match:
         - @Conditiona
lOnWebApplication did 
not find reactive web 
application classes (O
nWebApplicationConditi
on)

   ReactiveSecurityAut
oConfiguration:
      Did not match:
         - 
@ConditionalOnClass 
did not find required 
class 'reactor.core.pu
blisher.Flux' 
(OnClassCondition)

   ReactiveUserDetails
ServiceAutoConfigurati
on:
      Did not match:
         - 
AnyNestedCondition 0 
matched 2 did not; 
NestedCondition on Rea
ctiveUserDetailsServic
eAutoConfiguration.RSo
cketEnabledOrReactiveW
ebApplication.Reactive
WebApplicationConditio
n did not find 
reactive web 
application classes; 
NestedCondition on Rea
ctiveUserDetailsServic
eAutoConfiguration.RSo
cketEnabledOrReactiveW
ebApplication.RSocketS
ecurityEnabledConditio
n @ConditionalOnBean 
(types: org.springfram
ework.messaging.rsocke
t.annotation.support.R
SocketMessageHandler; 
SearchStrategy: all) 
did not find any 
beans of type org.spri
ngframework.messaging.
rsocket.annotation.sup
port.RSocketMessageHan
dler (ReactiveUserDeta
ilsServiceAutoConfigur
ation.RSocketEnabledOr
ReactiveWebApplication
)
      Matched:
         - 
@ConditionalOnClass 
found required class '
org.springframework.se
curity.authentication.
ReactiveAuthentication
Manager' 
(OnClassCondition)
         - 
AnyNestedCondition 1 
matched 2 did not; 
NestedCondition on Rea
ctiveUserDetailsServic
eAutoConfiguration.Mis
singAlternativeOrUserP
ropertiesConfigured.Pa
sswordConfigured @Cond
itionalOnProperty (spr
ing.security.user.pass
word) did not find 
property 'password'; 
NestedCondition on Rea
ctiveUserDetailsServic
eAutoConfiguration.Mis
singAlternativeOrUserP
ropertiesConfigured.Na
meConfigured @Conditio
nalOnProperty (spring.
security.user.name) 
did not find property 
'name'; 
NestedCondition on Rea
ctiveUserDetailsServic
eAutoConfiguration.Mis
singAlternativeOrUserP
ropertiesConfigured.Mi
ssingAlternative @Cond
itionalOnMissingClass 
did not find unwanted 
classes 'org.springfra
mework.security.oauth2
.client.registration.C
lientRegistrationRepos
itory', 'org.springfra
mework.security.oauth2
.server.resource.intro
spection.ReactiveOpaqu
eTokenIntrospector' (R
eactiveUserDetailsServ
iceAutoConfiguration.M
issingAlternativeOrUse
rPropertiesConfigured)

   ReactiveWebServerFa
ctoryAutoConfiguration
:
      Did not match:
         - @Conditiona
lOnWebApplication did 
not find reactive web 
application classes (O
nWebApplicationConditi
on)

   ReactorAutoConfigur
ation:
      Did not match:
         - 
@ConditionalOnClass 
did not find required 
class 'reactor.core.pu
blisher.Hooks' 
(OnClassCondition)

   RedisAutoConfigurat
ion:
      Did not match:
         - 
@ConditionalOnClass 
did not find required 
class 'org.springframe
work.data.redis.core.R
edisOperations' 
(OnClassCondition)

   RedisCacheConfigura
tion:
      Did not match:
         - 
@ConditionalOnClass 
did not find required 
class 'org.springframe
work.data.redis.connec
tion.RedisConnectionFa
ctory' 
(OnClassCondition)

   RedisReactiveAutoCo
nfiguration:
      Did not match:
         - 
@ConditionalOnClass 
did not find required 
class 'reactor.core.pu
blisher.Flux' 
(OnClassCondition)

   RedisRepositoriesAu
toConfiguration:
      Did not match:
         - 
@ConditionalOnClass 
did not find required 
class 'org.springframe
work.data.redis.reposi
tory.configuration.Ena
bleRedisRepositories' 
(OnClassCondition)

   RemoteDevToolsAutoC
onfiguration:
      Did not match:
         - @Conditiona
lOnProperty (spring.de
vtools.remote.secret) 
did not find property 
'secret' 
(OnPropertyCondition)
      Matched:
         - 
@ConditionalOnClass 
found required 
classes 'jakarta.servl
et.Filter', 'org.sprin
gframework.http.server
.ServerHttpRequest' 
(OnClassCondition)

   RepositoryRestMvcAu
toConfiguration:
      Did not match:
         - 
@ConditionalOnClass 
did not find required 
class 'org.springframe
work.data.rest.webmvc.
config.RepositoryRestM
vcConfiguration' 
(OnClassCondition)

   Saml2RelyingPartyAu
toConfiguration:
      Did not match:
         - 
@ConditionalOnClass 
did not find required 
class 'org.springframe
work.security.saml2.pr
ovider.service.registr
ation.RelyingPartyRegi
strationRepository' 
(OnClassCondition)

   SecurityDataConfigu
ration:
      Did not match:
         - 
@ConditionalOnClass 
did not find required 
class 'org.springframe
work.security.data.rep
ository.query.Security
EvaluationContextExten
sion' 
(OnClassCondition)

   SendGridAutoConfigu
ration:
      Did not match:
         - 
@ConditionalOnClass 
did not find required 
class 'com.sendgrid.Se
ndGrid' 
(OnClassCondition)

   ServletWebServerFac
toryAutoConfiguration.
ForwardedHeaderFilterC
onfiguration:
      Did not match:
         - @Conditiona
lOnProperty (server.fo
rward-headers-strategy
=framework) did not 
find property 'server.
forward-headers-strate
gy' 
(OnPropertyCondition)

   ServletWebServerFac
toryConfiguration.Embe
ddedJetty:
      Did not match:
         - 
@ConditionalOnClass 
did not find required 
classes 'org.eclipse.j
etty.server.Server', '
org.eclipse.jetty.util
.Loader', 'org.eclipse
.jetty.ee10.webapp.Web
AppContext' 
(OnClassCondition)

   ServletWebServerFac
toryConfiguration.Embe
ddedUndertow:
      Did not match:
         - 
@ConditionalOnClass 
did not find required 
classes 'io.undertow.U
ndertow', 'org.xnio.Ss
lClientAuthMode' 
(OnClassCondition)

   SessionAutoConfigur
ation:
      Did not match:
         - 
@ConditionalOnClass 
did not find required 
class 'org.springframe
work.session.Session' 
(OnClassCondition)

   SpringApplicationAd
minJmxAutoConfiguratio
n:
      Did not match:
         - @Conditiona
lOnProperty (spring.ap
plication.admin.enable
d=true) did not find 
property 'enabled' 
(OnPropertyCondition)

   SpringBootWebSecuri
tyConfiguration.Securi
tyFilterChainConfigura
tion:
      Did not match:
         - 
AllNestedConditions 1 
matched 1 did not; 
NestedCondition on Def
aultWebSecurityConditi
on.Beans @ConditionalO
nMissingBean (types: o
rg.springframework.sec
urity.web.SecurityFilt
erChain; 
SearchStrategy: all) 
found beans of type 'o
rg.springframework.sec
urity.web.SecurityFilt
erChain' 
securityFilterChain; 
NestedCondition on Def
aultWebSecurityConditi
on.Classes 
@ConditionalOnClass 
found required 
classes 'org.springfra
mework.security.web.Se
curityFilterChain', 'o
rg.springframework.sec
urity.config.annotatio
n.web.builders.HttpSec
urity' (DefaultWebSecu
rityCondition)

   SpringBootWebSecuri
tyConfiguration.WebSec
urityEnablerConfigurat
ion:
      Did not match:
         - @Conditiona
lOnMissingBean 
(names: springSecurity
FilterChain; 
SearchStrategy: all) 
found beans named spri
ngSecurityFilterChain 
(OnBeanCondition)
      Matched:
         - 
@ConditionalOnClass 
found required class '
org.springframework.se
curity.config.annotati
on.web.configuration.E
nableWebSecurity' 
(OnClassCondition)

   TaskExecutorConfigu
rations.SimpleAsyncTas
kExecutorBuilderConfig
uration#simpleAsyncTas
kExecutorBuilderVirtua
lThreads:
      Did not match:
         - @Conditiona
lOnMissingBean 
(types: org.springfram
ework.boot.task.Simple
AsyncTaskExecutorBuild
er; SearchStrategy: 
all) found beans of 
type 'org.springframew
ork.boot.task.SimpleAs
yncTaskExecutorBuilder
' simpleAsyncTaskExecu
torBuilder 
(OnBeanCondition)

   TaskExecutorConfigu
rations.TaskExecutorCo
nfiguration#applicatio
nTaskExecutorVirtualTh
reads:
      Did not match:
         - @Conditiona
lOnThreading did not 
find VIRTUAL 
(OnThreadingCondition)

   TaskSchedulingAutoC
onfiguration#scheduled
BeanLazyInitialization
ExcludeFilter:
      Did not match:
         - 
@ConditionalOnBean 
(names: org.springfram
ework.context.annotati
on.internalScheduledAn
notationProcessor; 
SearchStrategy: all) 
did not find any 
beans named org.spring
framework.context.anno
tation.internalSchedul
edAnnotationProcessor 
(OnBeanCondition)

   TaskSchedulingConfi
gurations.SimpleAsyncT
askSchedulerBuilderCon
figuration#simpleAsync
TaskSchedulerBuilderVi
rtualThreads:
      Did not match:
         - @Conditiona
lOnMissingBean 
(types: org.springfram
ework.boot.task.Simple
AsyncTaskSchedulerBuil
der; SearchStrategy: 
all) found beans of 
type 'org.springframew
ork.boot.task.SimpleAs
yncTaskSchedulerBuilde
r' simpleAsyncTaskSche
dulerBuilder 
(OnBeanCondition)
2026-03-09T13:03:24.817+01:00  INFO 24624 --- [DeployFast] [           main] .s.b.a.l.ConditionEvaluationReportLogger : 

Error starting ApplicationContext. To display the condition evaluation report re-run your application with 'debug' enabled.
2026-03-09T13:03:25.036+01:00 ERROR 24624 --- [DeployFast] [           main] o.s.boot.SpringApplication               : Application run failed

org.springframework.beans.factory.BeanCreationException: Error creating bean with name 'entityManagerFactory' defined in class path resource [org/springframework/boot/autoconfigure/orm/jpa/HibernateJpaConfiguration.class]: Unable to create requested service [org.hibernate.engine.jdbc.env.spi.JdbcEnvironment] due to: Unable to determine Dialect without JDBC metadata (please set 'jakarta.persistence.jdbc.url' for common cases or 'hibernate.dialect' when a custom Dialect implementation must be provided)
	at org.springframework.beans.factory.support.AbstractAutowireCapableBeanFactory.initializeBean(AbstractAutowireCapableBeanFactory.java:1812) ~[spring-beans-6.2.3.jar:6.2.3]
	at org.springframework.beans.factory.support.AbstractAutowireCapableBeanFactory.doCreateBean(AbstractAutowireCapableBeanFactory.java:601) ~[spring-beans-6.2.3.jar:6.2.3]
	at org.springframework.beans.factory.support.AbstractAutowireCapableBeanFactory.createBean(AbstractAutowireCapableBeanFactory.java:523) ~[spring-beans-6.2.3.jar:6.2.3]
	at org.springframework.beans.factory.support.AbstractBeanFactory.lambda$doGetBean$0(AbstractBeanFactory.java:339) ~[spring-beans-6.2.3.jar:6.2.3]
	at org.springframework.beans.factory.support.DefaultSingletonBeanRegistry.getSingleton(DefaultSingletonBeanRegistry.java:346) ~[spring-beans-6.2.3.jar:6.2.3]
	at org.springframework.beans.factory.support.AbstractBeanFactory.doGetBean(AbstractBeanFactory.java:337) ~[spring-beans-6.2.3.jar:6.2.3]
	at org.springframework.beans.factory.support.AbstractBeanFactory.getBean(AbstractBeanFactory.java:207) ~[spring-beans-6.2.3.jar:6.2.3]
	at org.springframework.context.support.AbstractApplicationContext.finishBeanFactoryInitialization(AbstractApplicationContext.java:970) ~[spring-context-6.2.3.jar:6.2.3]
	at org.springframework.context.support.AbstractApplicationContext.refresh(AbstractApplicationContext.java:627) ~[spring-context-6.2.3.jar:6.2.3]
	at org.springframework.boot.SpringApplication.refresh(SpringApplication.java:752) ~[spring-boot-3.4.3.jar:3.4.3]
	at org.springframework.boot.SpringApplication.refreshContext(SpringApplication.java:439) ~[spring-boot-3.4.3.jar:3.4.3]
	at org.springframework.boot.SpringApplication.run(SpringApplication.java:318) ~[spring-boot-3.4.3.jar:3.4.3]
	at org.springframework.boot.test.context.SpringBootContextLoader.lambda$loadContext$3(SpringBootContextLoader.java:137) ~[spring-boot-test-3.4.3.jar:3.4.3]
	at org.springframework.util.function.ThrowingSupplier.get(ThrowingSupplier.java:58) ~[spring-core-6.2.3.jar:6.2.3]
	at org.springframework.util.function.ThrowingSupplier.get(ThrowingSupplier.java:46) ~[spring-core-6.2.3.jar:6.2.3]
	at org.springframework.boot.SpringApplication.withHook(SpringApplication.java:1461) ~[spring-boot-3.4.3.jar:3.4.3]
	at org.springframework.boot.test.context.SpringBootContextLoader$ContextLoaderHook.run(SpringBootContextLoader.java:553) ~[spring-boot-test-3.4.3.jar:3.4.3]
	at org.springframework.boot.test.context.SpringBootContextLoader.loadContext(SpringBootContextLoader.java:137) ~[spring-boot-test-3.4.3.jar:3.4.3]
	at org.springframework.boot.test.context.SpringBootContextLoader.loadContext(SpringBootContextLoader.java:108) ~[spring-boot-test-3.4.3.jar:3.4.3]
	at org.springframework.test.context.cache.DefaultCacheAwareContextLoaderDelegate.loadContextInternal(DefaultCacheAwareContextLoaderDelegate.java:225) ~[spring-test-6.2.3.jar:6.2.3]
	at org.springframework.test.context.cache.DefaultCacheAwareContextLoaderDelegate.loadContext(DefaultCacheAwareContextLoaderDelegate.java:152) ~[spring-test-6.2.3.jar:6.2.3]
	at org.springframework.test.context.support.DefaultTestContext.getApplicationContext(DefaultTestContext.java:130) ~[spring-test-6.2.3.jar:6.2.3]
	at org.springframework.test.context.web.ServletTestExecutionListener.setUpRequestContextIfNecessary(ServletTestExecutionListener.java:200) ~[spring-test-6.2.3.jar:6.2.3]
	at org.springframework.test.context.web.ServletTestExecutionListener.prepareTestInstance(ServletTestExecutionListener.java:139) ~[spring-test-6.2.3.jar:6.2.3]
	at org.springframework.test.context.TestContextManager.prepareTestInstance(TestContextManager.java:260) ~[spring-test-6.2.3.jar:6.2.3]
	at org.springframework.test.context.junit.jupiter.SpringExtension.postProcessTestInstance(SpringExtension.java:160) ~[spring-test-6.2.3.jar:6.2.3]
	at org.junit.jupiter.engine.descriptor.ClassBasedTestDescriptor.lambda$invokeTestInstancePostProcessors$11(ClassBasedTestDescriptor.java:378) ~[junit-jupiter-engine-5.11.4.jar:5.11.4]
	at org.junit.jupiter.engine.descriptor.ClassBasedTestDescriptor.executeAndMaskThrowable(ClassBasedTestDescriptor.java:383) ~[junit-jupiter-engine-5.11.4.jar:5.11.4]
	at org.junit.jupiter.engine.descriptor.ClassBasedTestDescriptor.lambda$invokeTestInstancePostProcessors$12(ClassBasedTestDescriptor.java:378) ~[junit-jupiter-engine-5.11.4.jar:5.11.4]
	at java.base/java.util.stream.ForEachOps$ForEachOp$OfRef.accept(ForEachOps.java:184) ~[na:na]
	at java.base/java.util.stream.ReferencePipeline$3$1.accept(ReferencePipeline.java:197) ~[na:na]
	at java.base/java.util.stream.ReferencePipeline$2$1.accept(ReferencePipeline.java:179) ~[na:na]
	at java.base/java.util.stream.ReferencePipeline$3$1.accept(ReferencePipeline.java:197) ~[na:na]
	at java.base/java.util.ArrayList$ArrayListSpliterator.forEachRemaining(ArrayList.java:1708) ~[na:na]
	at java.base/java.util.stream.AbstractPipeline.copyInto(AbstractPipeline.java:509) ~[na:na]

   TaskSchedulingConfi
gurations.TaskSchedule
rConfiguration:
      Did not match:
         - 
@ConditionalOnBean 
(names: org.springfram
ework.context.annotati
on.internalScheduledAn
notationProcessor; 
SearchStrategy: all) 
did not find any 
beans named org.spring
framework.context.anno
tation.internalSchedul
edAnnotationProcessor 
(OnBeanCondition)

   ThymeleafAutoConfig
uration:
      Did not match:
         - 
@ConditionalOnClass 
did not find required 
class 'org.thymeleaf.s
pring6.SpringTemplateE
ngine' 
(OnClassCondition)

   TransactionAutoConf
iguration#transactiona
lOperator:
      Did not match:
         - @Conditiona
lOnSingleCandidate 
(types: org.springfram
ework.transaction.Reac
tiveTransactionManager
; SearchStrategy: 
all) did not find any 
beans 
(OnBeanCondition)

   TransactionAutoConf
iguration.AspectJTrans
actionManagementConfig
uration:
      Did not match:
         - 
@ConditionalOnBean 
(types: org.springfram
ework.transaction.aspe
ctj.AbstractTransactio
nAspect; 
SearchStrategy: all) 
did not find any 
beans of type org.spri
ngframework.transactio
n.aspectj.AbstractTran
sactionAspect 
(OnBeanCondition)

   TransactionAutoConf
iguration.EnableTransa
ctionManagementConfigu
ration.JdkDynamicAutoP
roxyConfiguration:
      Did not match:
	at java.base/java.util.stream.AbstractPipeline.wrapAndCopyInto(AbstractPipeline.java:499) ~[na:na]
	at java.base/java.util.stream.ForEachOps$ForEachOp.evaluateSequential(ForEachOps.java:151) ~[na:na]
	at java.base/java.util.stream.ForEachOps$ForEachOp$OfRef.evaluateSequential(ForEachOps.java:174) ~[na:na]
	at java.base/java.util.stream.AbstractPipeline.evaluate(AbstractPipeline.java:234) ~[na:na]
	at java.base/java.util.stream.ReferencePipeline.forEach(ReferencePipeline.java:596) ~[na:na]
	at org.junit.jupiter.engine.descriptor.ClassBasedTestDescriptor.invokeTestInstancePostProcessors(ClassBasedTestDescriptor.java:377) ~[junit-jupiter-engine-5.11.4.jar:5.11.4]
	at org.junit.jupiter.engine.descriptor.ClassBasedTestDescriptor.lambda$instantiateAndPostProcessTestInstance$7(ClassBasedTestDescriptor.java:290) ~[junit-jupiter-engine-5.11.4.jar:5.11.4]
	at org.junit.platform.engine.support.hierarchical.ThrowableCollector.execute(ThrowableCollector.java:73) ~[junit-platform-engine-1.11.4.jar:1.11.4]
	at org.junit.jupiter.engine.descriptor.ClassBasedTestDescriptor.instantiateAndPostProcessTestInstance(ClassBasedTestDescriptor.java:289) ~[junit-jupiter-engine-5.11.4.jar:5.11.4]
	at org.junit.jupiter.engine.descriptor.ClassBasedTestDescriptor.lambda$testInstancesProvider$5(ClassBasedTestDescriptor.java:279) ~[junit-jupiter-engine-5.11.4.jar:5.11.4]
	at java.base/java.util.Optional.orElseGet(Optional.java:364) ~[na:na]
	at org.junit.jupiter.engine.descriptor.ClassBasedTestDescriptor.lambda$testInstancesProvider$6(ClassBasedTestDescriptor.java:278) ~[junit-jupiter-engine-5.11.4.jar:5.11.4]
	at org.junit.jupiter.engine.execution.TestInstancesProvider.getTestInstances(TestInstancesProvider.java:31) ~[junit-jupiter-engine-5.11.4.jar:5.11.4]
	at org.junit.jupiter.engine.descriptor.TestMethodTestDescriptor.lambda$prepare$1(TestMethodTestDescriptor.java:105) ~[junit-jupiter-engine-5.11.4.jar:5.11.4]
	at org.junit.platform.engine.support.hierarchical.ThrowableCollector.execute(ThrowableCollector.java:73) ~[junit-platform-engine-1.11.4.jar:1.11.4]
	at org.junit.jupiter.engine.descriptor.TestMethodTestDescriptor.prepare(TestMethodTestDescriptor.java:104) ~[junit-jupiter-engine-5.11.4.jar:5.11.4]
	at org.junit.jupiter.engine.descriptor.TestMethodTestDescriptor.prepare(TestMethodTestDescriptor.java:68) ~[junit-jupiter-engine-5.11.4.jar:5.11.4]
	at org.junit.platform.engine.support.hierarchical.NodeTestTask.lambda$prepare$2(NodeTestTask.java:128) ~[junit-platform-engine-1.11.4.jar:1.11.4]
	at org.junit.platform.engine.support.hierarchical.ThrowableCollector.execute(ThrowableCollector.java:73) ~[junit-platform-engine-1.11.4.jar:1.11.4]
	at org.junit.platform.engine.support.hierarchical.NodeTestTask.prepare(NodeTestTask.java:128) ~[junit-platform-engine-1.11.4.jar:1.11.4]
	at org.junit.platform.engine.support.hierarchical.NodeTestTask.execute(NodeTestTask.java:95) ~[junit-platform-engine-1.11.4.jar:1.11.4]
	at java.base/java.util.ArrayList.forEach(ArrayList.java:1596) ~[na:na]
	at org.junit.platform.engine.support.hierarchical.SameThreadHierarchicalTestExecutorService.invokeAll(SameThreadHierarchicalTestExecutorService.java:41) ~[junit-platform-engine-1.11.4.jar:1.11.4]
         - @Conditiona
lOnProperty (spring.ao
p.proxy-target-class=f
alse) did not find 
property 
'proxy-target-class' 
(OnPropertyCondition)

   UserDetailsServiceA
utoConfiguration:
      Did not match:
         - @Conditiona
lOnMissingBean 
(types: org.springfram
ework.security.authent
ication.Authentication
Manager,org.springfram
ework.security.authent
ication.Authentication
Provider,org.springfra
mework.security.core.u
serdetails.UserDetails
Service,org.springfram
ework.security.authent
ication.Authentication
ManagerResolver,org.sp
ringframework.security
.oauth2.jwt.JwtDecoder
; SearchStrategy: 
all) found beans of 
type 'org.springframew
ork.security.authentic
ation.AuthenticationMa
nager' 
authenticationManager 
and found beans of 
type 'org.springframew
ork.security.core.user
details.UserDetailsSer
vice' customUserDetail
sService 
(OnBeanCondition)
      Matched:
         - 
@ConditionalOnClass 
found required class '
org.springframework.se
curity.authentication.
AuthenticationManager'
 (OnClassCondition)
         - found 
'session' scope (OnWeb
ApplicationCondition)
         - 
AnyNestedCondition 1 
matched 2 did not; 
NestedCondition on Use
rDetailsServiceAutoCon
figuration.MissingAlte
rnativeOrUserPropertie
sConfigured.PasswordCo
nfigured @ConditionalO
nProperty (spring.secu
rity.user.password) 
did not find property 
'password'; 
NestedCondition on Use
rDetailsServiceAutoCon
figuration.MissingAlte
rnativeOrUserPropertie
sConfigured.NameConfig
ured @ConditionalOnPro
perty (spring.security
.user.name) did not 
find property 'name'; 
NestedCondition on Use
rDetailsServiceAutoCon
figuration.MissingAlte
rnativeOrUserPropertie
sConfigured.MissingAlt
ernative @ConditionalO
nMissingClass did not 
find unwanted classes 
'org.springframework.s
ecurity.oauth2.client.
registration.ClientReg
istrationRepository', 
'org.springframework.s
ecurity.oauth2.server.
resource.introspection
.OpaqueTokenIntrospect
or', 'org.springframew
ork.security.saml2.pro
vider.service.registra
tion.RelyingPartyRegis
trationRepository' (Us
erDetailsServiceAutoCo
nfiguration.MissingAlt
ernativeOrUserProperti
esConfigured)

   WebClientAutoConfig
uration:
      Did not match:
         - 
@ConditionalOnClass 
did not find required 
class 'org.springframe
work.web.reactive.func
tion.client.WebClient'
 (OnClassCondition)

   WebFluxAutoConfigur
ation:
      Did not match:
	at org.junit.platform.engine.support.hierarchical.NodeTestTask.lambda$executeRecursively$6(NodeTestTask.java:160) ~[junit-platform-engine-1.11.4.jar:1.11.4]
         - 
@ConditionalOnClass 
did not find required 
class 'org.springframe
work.web.reactive.conf
ig.WebFluxConfigurer' 
(OnClassCondition)

   WebMvcAutoConfigura
tion#hiddenHttpMethodF
ilter:
      Did not match:
         - @Conditiona
lOnProperty (spring.mv
c.hiddenmethod.filter.
enabled) did not find 
property 'enabled' 
(OnPropertyCondition)

   WebMvcAutoConfigura
tion.ProblemDetailsErr
orHandlingConfiguratio
n:
      Did not match:
         - @Conditiona
lOnProperty (spring.mv
c.problemdetails.enabl
ed=true) did not find 
property 'enabled' 
(OnPropertyCondition)

   WebMvcAutoConfigura
tion.ResourceChainCust
omizerConfiguration:
      Did not match:
         - @Conditiona
lOnEnabledResourceChai
n did not find class o
rg.webjars.WebJarVersi
onLocator (OnEnabledRe
sourceChainCondition)

	at org.junit.platform.engine.support.hierarchical.ThrowableCollector.execute(ThrowableCollector.java:73) ~[junit-platform-engine-1.11.4.jar:1.11.4]
	at org.junit.platform.engine.support.hierarchical.NodeTestTask.lambda$executeRecursively$8(NodeTestTask.java:146) ~[junit-platform-engine-1.11.4.jar:1.11.4]
	at org.junit.platform.engine.support.hierarchical.Node.around(Node.java:137) ~[junit-platform-engine-1.11.4.jar:1.11.4]
	at org.junit.platform.engine.support.hierarchical.NodeTestTask.lambda$executeRecursively$9(NodeTestTask.java:144) ~[junit-platform-engine-1.11.4.jar:1.11.4]
	at org.junit.platform.engine.support.hierarchical.ThrowableCollector.execute(ThrowableCollector.java:73) ~[junit-platform-engine-1.11.4.jar:1.11.4]
	at org.junit.platform.engine.support.hierarchical.NodeTestTask.executeRecursively(NodeTestTask.java:143) ~[junit-platform-engine-1.11.4.jar:1.11.4]
	at org.junit.platform.engine.support.hierarchical.NodeTestTask.execute(NodeTestTask.java:100) ~[junit-platform-engine-1.11.4.jar:1.11.4]
	at java.base/java.util.ArrayList.forEach(ArrayList.java:1596) ~[na:na]
	at org.junit.platform.engine.support.hierarchical.SameThreadHierarchicalTestExecutorService.invokeAll(SameThreadHierarchicalTestExecutorService.java:41) ~[junit-platform-engine-1.11.4.jar:1.11.4]
	at org.junit.platform.engine.support.hierarchical.NodeTestTask.lambda$executeRecursively$6(NodeTestTask.java:160) ~[junit-platform-engine-1.11.4.jar:1.11.4]
	at org.junit.platform.engine.support.hierarchical.ThrowableCollector.execute(ThrowableCollector.java:73) ~[junit-platform-engine-1.11.4.jar:1.11.4]
	at org.junit.platform.engine.support.hierarchical.NodeTestTask.lambda$executeRecursively$8(NodeTestTask.java:146) ~[junit-platform-engine-1.11.4.jar:1.11.4]
	at org.junit.platform.engine.support.hierarchical.Node.around(Node.java:137) ~[junit-platform-engine-1.11.4.jar:1.11.4]
	at org.junit.platform.engine.support.hierarchical.NodeTestTask.lambda$executeRecursively$9(NodeTestTask.java:144) ~[junit-platform-engine-1.11.4.jar:1.11.4]
	at org.junit.platform.engine.support.hierarchical.ThrowableCollector.execute(ThrowableCollector.java:73) ~[junit-platform-engine-1.11.4.jar:1.11.4]
	at org.junit.platform.engine.support.hierarchical.NodeTestTask.executeRecursively(NodeTestTask.java:143) ~[junit-platform-engine-1.11.4.jar:1.11.4]
	at org.junit.platform.engine.support.hierarchical.NodeTestTask.execute(NodeTestTask.java:100) ~[junit-platform-engine-1.11.4.jar:1.11.4]
	at org.junit.platform.engine.support.hierarchical.SameThreadHierarchicalTestExecutorService.submit(SameThreadHierarchicalTestExecutorService.java:35) ~[junit-platform-engine-1.11.4.jar:1.11.4]
	at org.junit.platform.engine.support.hierarchical.HierarchicalTestExecutor.execute(HierarchicalTestExecutor.java:57) ~[junit-platform-engine-1.11.4.jar:1.11.4]
	at org.junit.platform.engine.support.hierarchical.HierarchicalTestEngine.execute(HierarchicalTestEngine.java:54) ~[junit-platform-engine-1.11.4.jar:1.11.4]
	at org.junit.platform.launcher.core.EngineExecutionOrchestrator.execute(EngineExecutionOrchestrator.java:198) ~[junit-platform-launcher-1.11.4.jar:1.11.4]
	at org.junit.platform.launcher.core.EngineExecutionOrchestrator.execute(EngineExecutionOrchestrator.java:169) ~[junit-platform-launcher-1.11.4.jar:1.11.4]
	at org.junit.platform.launcher.core.EngineExecutionOrchestrator.execute(EngineExecutionOrchestrator.java:93) ~[junit-platform-launcher-1.11.4.jar:1.11.4]
	at org.junit.platform.launcher.core.EngineExecutionOrchestrator.lambda$execute$0(EngineExecutionOrchestrator.java:58) ~[junit-platform-launcher-1.11.4.jar:1.11.4]
	at org.junit.platform.launcher.core.EngineExecutionOrchestrator.withInterceptedStreams(EngineExecutionOrchestrator.java:141) ~[junit-platform-launcher-1.11.4.jar:1.11.4]
	at org.junit.platform.launcher.core.EngineExecutionOrchestrator.execute(EngineExecutionOrchestrator.java:57) ~[junit-platform-launcher-1.11.4.jar:1.11.4]
	at org.junit.platform.launcher.core.DefaultLauncher.execute(DefaultLauncher.java:103) ~[junit-platform-launcher-1.11.4.jar:1.11.4]
	at org.junit.platform.launcher.core.DefaultLauncher.execute(DefaultLauncher.java:85) ~[junit-platform-launcher-1.11.4.jar:1.11.4]
	at org.junit.platform.launcher.core.DelegatingLauncher.execute(DelegatingLauncher.java:47) ~[junit-platform-launcher-1.11.4.jar:1.11.4]
	at org.apache.maven.surefire.junitplatform.LazyLauncher.execute(LazyLauncher.java:56) ~[surefire-junit-platform-3.5.2.jar:3.5.2]
	at org.apache.maven.surefire.junitplatform.JUnitPlatformProvider.execute(JUnitPlatformProvider.java:184) ~[surefire-junit-platform-3.5.2.jar:3.5.2]
	at org.apache.maven.surefire.junitplatform.JUnitPlatformProvider.invokeAllTests(JUnitPlatformProvider.java:148) ~[surefire-junit-platform-3.5.2.jar:3.5.2]
	at org.apache.maven.surefire.junitplatform.JUnitPlatformProvider.invoke(JUnitPlatformProvider.java:122) ~[surefire-junit-platform-3.5.2.jar:3.5.2]
	at org.apache.maven.surefire.booter.ForkedBooter.runSuitesInProcess(ForkedBooter.java:385) ~[surefire-booter-3.5.2.jar:3.5.2]
	at org.apache.maven.surefire.booter.ForkedBooter.execute(ForkedBooter.java:162) ~[surefire-booter-3.5.2.jar:3.5.2]
	at org.apache.maven.surefire.booter.ForkedBooter.run(ForkedBooter.java:507) ~[surefire-booter-3.5.2.jar:3.5.2]
	at org.apache.maven.surefire.booter.ForkedBooter.main(ForkedBooter.java:495) ~[surefire-booter-3.5.2.jar:3.5.2]
Caused by: org.hibernate.service.spi.ServiceException: Unable to create requested service [org.hibernate.engine.jdbc.env.spi.JdbcEnvironment] due to: Unable to determine Dialect without JDBC metadata (please set 'jakarta.persistence.jdbc.url' for common cases or 'hibernate.dialect' when a custom Dialect implementation must be provided)
	at org.hibernate.service.internal.AbstractServiceRegistryImpl.createService(AbstractServiceRegistryImpl.java:276) ~[hibernate-core-6.6.8.Final.jar:6.6.8.Final]
	at org.hibernate.service.internal.AbstractServiceRegistryImpl.initializeService(AbstractServiceRegistryImpl.java:238) ~[hibernate-core-6.6.8.Final.jar:6.6.8.Final]
	at org.hibernate.service.internal.AbstractServiceRegistryImpl.getService(AbstractServiceRegistryImpl.java:215) ~[hibernate-core-6.6.8.Final.jar:6.6.8.Final]
   WebMvcAutoConfigura
tion.WebMvcAutoConfigu
rationAdapter#beanName
ViewResolver:
      Did not match:
         - @Conditiona
lOnMissingBean 
(types: org.springfram
ework.web.servlet.view
.BeanNameViewResolver;
 SearchStrategy: all) 
found beans of type 'o
rg.springframework.web
.servlet.view.BeanName
ViewResolver' 
beanNameViewResolver 
(OnBeanCondition)

   WebServiceTemplateA
utoConfiguration:
      Did not match:
         - 
@ConditionalOnClass 
did not find required 
class 'org.springframe
work.oxm.Marshaller' 
(OnClassCondition)

   WebServicesAutoConf
iguration:
      Did not match:
         - 
@ConditionalOnClass 
did not find required 
class 'org.springframe
work.ws.transport.http
.MessageDispatcherServ
let' 
(OnClassCondition)

   WebSessionIdResolve
rAutoConfiguration:
      Did not match:
         - 
@ConditionalOnClass 
did not find required 
class 'reactor.core.pu
blisher.Mono' 
(OnClassCondition)

   WebSocketMessagingA
utoConfiguration:
      Did not match:
         - 
@ConditionalOnClass 
did not find required 
class 'org.springframe
work.web.socket.config
.annotation.WebSocketM
essageBrokerConfigurer
' (OnClassCondition)

   WebSocketReactiveAu
toConfiguration:
      Did not match:
         - @Conditiona
lOnWebApplication did 
not find reactive web 
application classes (O
nWebApplicationConditi
on)

   WebSocketServletAut
oConfiguration.JettyWe
bSocketConfiguration:
      Did not match:
         - 
@ConditionalOnClass 
did not find required 
class 'org.eclipse.jet
ty.ee10.websocket.jaka
rta.server.config.Jaka
rtaWebSocketServletCon
tainerInitializer' 
(OnClassCondition)

   WebSocketServletAut
oConfiguration.Underto
wWebSocketConfiguratio
n:
      Did not match:
         - 
@ConditionalOnClass 
did not find required 
class 'io.undertow.web
sockets.jsr.Bootstrap'
 (OnClassCondition)

   WebTestClientAutoCo
nfiguration:
      Did not match:
         - 
@ConditionalOnClass 
did not find required 
class 'org.springframe
work.web.reactive.func
tion.client.WebClient'
 (OnClassCondition)

   XADataSourceAutoCon
figuration:
      Did not match:
         - 
@ConditionalOnBean 
(types: org.springfram
ework.boot.jdbc.XAData
SourceWrapper; 
SearchStrategy: all) 
did not find any 
beans of type org.spri
ngframework.boot.jdbc.
XADataSourceWrapper 
(OnBeanCondition)
      Matched:
         - 
@ConditionalOnClass 
found required 
classes 'javax.sql.Dat
aSource', 'jakarta.tra
nsaction.TransactionMa
nager', 'org.springfra
mework.jdbc.datasource
.embedded.EmbeddedData
baseType' 
(OnClassCondition)


Exclusions:
-----------

    None


Unconditional classes:
----------------------

    org.springframewor
k.boot.autoconfigure.c
ontext.ConfigurationPr
opertiesAutoConfigurat
ion

    org.springframewor
k.boot.autoconfigure.s
sl.SslAutoConfiguratio
n

    org.springframewor
k.boot.autoconfigure.c
ontext.PropertyPlaceho
lderAutoConfiguration

    org.springframewor
k.boot.autoconfigure.c
ontext.LifecycleAutoCo
nfiguration

    org.springframewor
k.modulith.core.config
.ApplicationModuleInit
ializerRuntimeVerifica
tion

    org.springframewor
k.boot.autoconfigure.a
vailability.Applicatio
nAvailabilityAutoConfi
guration

    org.springframewor
k.boot.autoconfigure.i
nfo.ProjectInfoAutoCon
figuration



	at org.hibernate.boot.model.relational.Database.<init>(Database.java:45) ~[hibernate-core-6.6.8.Final.jar:6.6.8.Final]
	at org.hibernate.boot.internal.InFlightMetadataCollectorImpl.getDatabase(InFlightMetadataCollectorImpl.java:226) ~[hibernate-core-6.6.8.Final.jar:6.6.8.Final]
	at org.hibernate.boot.internal.InFlightMetadataCollectorImpl.<init>(InFlightMetadataCollectorImpl.java:194) ~[hibernate-core-6.6.8.Final.jar:6.6.8.Final]
	at org.hibernate.boot.model.process.spi.MetadataBuildingProcess.complete(MetadataBuildingProcess.java:171) ~[hibernate-core-6.6.8.Final.jar:6.6.8.Final]
	at org.hibernate.jpa.boot.internal.EntityManagerFactoryBuilderImpl.metadata(EntityManagerFactoryBuilderImpl.java:1442) ~[hibernate-core-6.6.8.Final.jar:6.6.8.Final]
	at org.hibernate.jpa.boot.internal.EntityManagerFactoryBuilderImpl.build(EntityManagerFactoryBuilderImpl.java:1513) ~[hibernate-core-6.6.8.Final.jar:6.6.8.Final]
	at org.springframework.orm.jpa.vendor.SpringHibernateJpaPersistenceProvider.createContainerEntityManagerFactory(SpringHibernateJpaPersistenceProvider.java:66) ~[spring-orm-6.2.3.jar:6.2.3]
	at org.springframework.orm.jpa.LocalContainerEntityManagerFactoryBean.createNativeEntityManagerFactory(LocalContainerEntityManagerFactoryBean.java:390) ~[spring-orm-6.2.3.jar:6.2.3]
	at org.springframework.orm.jpa.AbstractEntityManagerFactoryBean.buildNativeEntityManagerFactory(AbstractEntityManagerFactoryBean.java:419) ~[spring-orm-6.2.3.jar:6.2.3]
	at org.springframework.orm.jpa.AbstractEntityManagerFactoryBean.afterPropertiesSet(AbstractEntityManagerFactoryBean.java:400) ~[spring-orm-6.2.3.jar:6.2.3]
	at org.springframework.orm.jpa.LocalContainerEntityManagerFactoryBean.afterPropertiesSet(LocalContainerEntityManagerFactoryBean.java:366) ~[spring-orm-6.2.3.jar:6.2.3]
	at org.springframework.beans.factory.support.AbstractAutowireCapableBeanFactory.invokeInitMethods(AbstractAutowireCapableBeanFactory.java:1859) ~[spring-beans-6.2.3.jar:6.2.3]
	at org.springframework.beans.factory.support.AbstractAutowireCapableBeanFactory.initializeBean(AbstractAutowireCapableBeanFactory.java:1808) ~[spring-beans-6.2.3.jar:6.2.3]
	... 95 common frames omitted
Caused by: org.hibernate.HibernateException: Unable to determine Dialect without JDBC metadata (please set 'jakarta.persistence.jdbc.url' for common cases or 'hibernate.dialect' when a custom Dialect implementation must be provided)
	at org.hibernate.engine.jdbc.dialect.internal.DialectFactoryImpl.determineDialect(DialectFactoryImpl.java:191) ~[hibernate-core-6.6.8.Final.jar:6.6.8.Final]
	at org.hibernate.engine.jdbc.dialect.internal.DialectFactoryImpl.buildDialect(DialectFactoryImpl.java:87) ~[hibernate-core-6.6.8.Final.jar:6.6.8.Final]
	at org.hibernate.engine.jdbc.env.internal.JdbcEnvironmentInitiator.getJdbcEnvironmentWithDefaults(JdbcEnvironmentInitiator.java:181) ~[hibernate-core-6.6.8.Final.jar:6.6.8.Final]
	at org.hibernate.engine.jdbc.env.internal.JdbcEnvironmentInitiator.getJdbcEnvironmentUsingJdbcMetadata(JdbcEnvironmentInitiator.java:392) ~[hibernate-core-6.6.8.Final.jar:6.6.8.Final]
	at org.hibernate.engine.jdbc.env.internal.JdbcEnvironmentInitiator.initiateService(JdbcEnvironmentInitiator.java:129) ~[hibernate-core-6.6.8.Final.jar:6.6.8.Final]
	at org.hibernate.engine.jdbc.env.internal.JdbcEnvironmentInitiator.initiateService(JdbcEnvironmentInitiator.java:81) ~[hibernate-core-6.6.8.Final.jar:6.6.8.Final]
	at org.hibernate.boot.registry.internal.StandardServiceRegistryImpl.initiateService(StandardServiceRegistryImpl.java:130) ~[hibernate-core-6.6.8.Final.jar:6.6.8.Final]
	at org.hibernate.service.internal.AbstractServiceRegistryImpl.createService(AbstractServiceRegistryImpl.java:263) ~[hibernate-core-6.6.8.Final.jar:6.6.8.Final]
	... 110 common frames omitted

2026-03-09T13:03:25.098+01:00  WARN 24624 --- [DeployFast] [           main] o.s.test.context.TestContextManager      : Caught exception while allowing TestExecutionListener [org.springframework.test.context.web.ServletTestExecutionListener] to prepare test instance [com.example.deployfast.AuthAndTaskIntegrationTest@6bd01b0e]

java.lang.IllegalStateException: Failed to load ApplicationContext for [WebMergedContextConfiguration@56c75b4f testClass = com.example.deployfast.AuthAndTaskIntegrationTest, locations = [], classes = [com.example.deployfast.DeployFastApplication], contextInitializerClasses = [], activeProfiles = [], propertySourceDescriptors = [], propertySourceProperties = ["org.springframework.boot.test.context.SpringBootTestContextBootstrapper=true"], contextCustomizers = [[ImportsContextCustomizer@1cd25514 key = [org.springframework.boot.test.autoconfigure.web.servlet.MockMvcWebDriverAutoConfiguration, org.springframework.boot.test.autoconfigure.web.servlet.MockMvcAutoConfiguration, org.springframework.boot.autoconfigure.security.oauth2.client.servlet.OAuth2ClientAutoConfiguration, org.springframework.boot.autoconfigure.security.servlet.SecurityAutoConfiguration, org.springframework.boot.autoconfigure.security.servlet.SecurityFilterAutoConfiguration, org.springframework.boot.autoconfigure.security.servlet.UserDetailsServiceAutoConfiguration, org.springframework.boot.autoconfigure.security.oauth2.resource.servlet.OAuth2ResourceServerAutoConfiguration, org.springframework.boot.test.autoconfigure.web.servlet.MockMvcSecurityConfiguration, org.springframework.boot.test.autoconfigure.web.servlet.MockMvcWebClientAutoConfiguration, org.springframework.boot.test.autoconfigure.web.reactive.WebTestClientAutoConfiguration]], org.springframework.boot.test.context.filter.ExcludeFilterContextCustomizer@3a022576, org.springframework.boot.test.json.DuplicateJsonObjectContextCustomizerFactory$DuplicateJsonObjectContextCustomizer@748fe51d, org.springframework.boot.test.mock.mockito.MockitoContextCustomizer@0, org.springframework.boot.test.web.client.TestRestTemplateContextCustomizer@293cde83, org.springframework.boot.test.web.reactor.netty.DisableReactorResourceFactoryGlobalResourcesContextCustomizerFactory$DisableReactorResourceFactoryGlobalResourcesContextCustomizerCustomizer@65bb9029, org.springframework.boot.test.autoconfigure.OnFailureConditionReportContextCustomizerFactory$OnFailureConditionReportContextCustomizer@49601f82, org.springframework.boot.test.autoconfigure.actuate.observability.ObservabilityContextCustomizerFactory$DisableObservabilityContextCustomizer@1f, org.springframework.boot.test.autoconfigure.properties.PropertyMappingContextCustomizer@4b3fa0b3, org.springframework.boot.test.autoconfigure.web.servlet.WebDriverContextCustomizer@320494b6, org.springframework.test.context.support.DynamicPropertiesContextCustomizer@0, org.springframework.boot.test.context.SpringBootTestAnnotation@50506eb8], resourceBasePath = "src/main/webapp", contextLoader = org.springframework.boot.test.context.SpringBootContextLoader, parent = null]
	at org.springframework.test.context.cache.DefaultCacheAwareContextLoaderDelegate.loadContext(DefaultCacheAwareContextLoaderDelegate.java:180) ~[spring-test-6.2.3.jar:6.2.3]
	at org.springframework.test.context.support.DefaultTestContext.getApplicationContext(DefaultTestContext.java:130) ~[spring-test-6.2.3.jar:6.2.3]
	at org.springframework.test.context.web.ServletTestExecutionListener.setUpRequestContextIfNecessary(ServletTestExecutionListener.java:200) ~[spring-test-6.2.3.jar:6.2.3]
	at org.springframework.test.context.web.ServletTestExecutionListener.prepareTestInstance(ServletTestExecutionListener.java:139) ~[spring-test-6.2.3.jar:6.2.3]
	at org.springframework.test.context.TestContextManager.prepareTestInstance(TestContextManager.java:260) ~[spring-test-6.2.3.jar:6.2.3]
	at org.springframework.test.context.junit.jupiter.SpringExtension.postProcessTestInstance(SpringExtension.java:160) ~[spring-test-6.2.3.jar:6.2.3]
	at org.junit.jupiter.engine.descriptor.ClassBasedTestDescriptor.lambda$invokeTestInstancePostProcessors$11(ClassBasedTestDescriptor.java:378) ~[junit-jupiter-engine-5.11.4.jar:5.11.4]
	at org.junit.jupiter.engine.descriptor.ClassBasedTestDescriptor.executeAndMaskThrowable(ClassBasedTestDescriptor.java:383) ~[junit-jupiter-engine-5.11.4.jar:5.11.4]
	at org.junit.jupiter.engine.descriptor.ClassBasedTestDescriptor.lambda$invokeTestInstancePostProcessors$12(ClassBasedTestDescriptor.java:378) ~[junit-jupiter-engine-5.11.4.jar:5.11.4]
	at java.base/java.util.stream.ForEachOps$ForEachOp$OfRef.accept(ForEachOps.java:184) ~[na:na]
	at java.base/java.util.stream.ReferencePipeline$3$1.accept(ReferencePipeline.java:197) ~[na:na]
	at java.base/java.util.stream.ReferencePipeline$2$1.accept(ReferencePipeline.java:179) ~[na:na]
	at java.base/java.util.stream.ReferencePipeline$3$1.accept(ReferencePipeline.java:197) ~[na:na]
	at java.base/java.util.ArrayList$ArrayListSpliterator.forEachRemaining(ArrayList.java:1708) ~[na:na]
	at java.base/java.util.stream.AbstractPipeline.copyInto(AbstractPipeline.java:509) ~[na:na]
	at java.base/java.util.stream.AbstractPipeline.wrapAndCopyInto(AbstractPipeline.java:499) ~[na:na]
	at java.base/java.util.stream.ForEachOps$ForEachOp.evaluateSequential(ForEachOps.java:151) ~[na:na]
	at java.base/java.util.stream.ForEachOps$ForEachOp$OfRef.evaluateSequential(ForEachOps.java:174) ~[na:na]
	at java.base/java.util.stream.AbstractPipeline.evaluate(AbstractPipeline.java:234) ~[na:na]
	at java.base/java.util.stream.ReferencePipeline.forEach(ReferencePipeline.java:596) ~[na:na]
	at org.junit.jupiter.engine.descriptor.ClassBasedTestDescriptor.invokeTestInstancePostProcessors(ClassBasedTestDescriptor.java:377) ~[junit-jupiter-engine-5.11.4.jar:5.11.4]
	at org.junit.jupiter.engine.descriptor.ClassBasedTestDescriptor.lambda$instantiateAndPostProcessTestInstance$7(ClassBasedTestDescriptor.java:290) ~[junit-jupiter-engine-5.11.4.jar:5.11.4]
	at org.junit.platform.engine.support.hierarchical.ThrowableCollector.execute(ThrowableCollector.java:73) ~[junit-platform-engine-1.11.4.jar:1.11.4]
	at org.junit.jupiter.engine.descriptor.ClassBasedTestDescriptor.instantiateAndPostProcessTestInstance(ClassBasedTestDescriptor.java:289) ~[junit-jupiter-engine-5.11.4.jar:5.11.4]
	at org.junit.jupiter.engine.descriptor.ClassBasedTestDescriptor.lambda$testInstancesProvider$5(ClassBasedTestDescriptor.java:279) ~[junit-jupiter-engine-5.11.4.jar:5.11.4]
	at java.base/java.util.Optional.orElseGet(Optional.java:364) ~[na:na]
	at org.junit.jupiter.engine.descriptor.ClassBasedTestDescriptor.lambda$testInstancesProvider$6(ClassBasedTestDescriptor.java:278) ~[junit-jupiter-engine-5.11.4.jar:5.11.4]
	at org.junit.jupiter.engine.execution.TestInstancesProvider.getTestInstances(TestInstancesProvider.java:31) ~[junit-jupiter-engine-5.11.4.jar:5.11.4]
	at org.junit.jupiter.engine.descriptor.TestMethodTestDescriptor.lambda$prepare$1(TestMethodTestDescriptor.java:105) ~[junit-jupiter-engine-5.11.4.jar:5.11.4]
	at org.junit.platform.engine.support.hierarchical.ThrowableCollector.execute(ThrowableCollector.java:73) ~[junit-platform-engine-1.11.4.jar:1.11.4]
	at org.junit.jupiter.engine.descriptor.TestMethodTestDescriptor.prepare(TestMethodTestDescriptor.java:104) ~[junit-jupiter-engine-5.11.4.jar:5.11.4]
	at org.junit.jupiter.engine.descriptor.TestMethodTestDescriptor.prepare(TestMethodTestDescriptor.java:68) ~[junit-jupiter-engine-5.11.4.jar:5.11.4]
	at org.junit.platform.engine.support.hierarchical.NodeTestTask.lambda$prepare$2(NodeTestTask.java:128) ~[junit-platform-engine-1.11.4.jar:1.11.4]
	at org.junit.platform.engine.support.hierarchical.ThrowableCollector.execute(ThrowableCollector.java:73) ~[junit-platform-engine-1.11.4.jar:1.11.4]
	at org.junit.platform.engine.support.hierarchical.NodeTestTask.prepare(NodeTestTask.java:128) ~[junit-platform-engine-1.11.4.jar:1.11.4]
	at org.junit.platform.engine.support.hierarchical.NodeTestTask.execute(NodeTestTask.java:95) ~[junit-platform-engine-1.11.4.jar:1.11.4]
	at java.base/java.util.ArrayList.forEach(ArrayList.java:1596) ~[na:na]
	at org.junit.platform.engine.support.hierarchical.SameThreadHierarchicalTestExecutorService.invokeAll(SameThreadHierarchicalTestExecutorService.java:41) ~[junit-platform-engine-1.11.4.jar:1.11.4]
	at org.junit.platform.engine.support.hierarchical.NodeTestTask.lambda$executeRecursively$6(NodeTestTask.java:160) ~[junit-platform-engine-1.11.4.jar:1.11.4]
	at org.junit.platform.engine.support.hierarchical.ThrowableCollector.execute(ThrowableCollector.java:73) ~[junit-platform-engine-1.11.4.jar:1.11.4]
	at org.junit.platform.engine.support.hierarchical.NodeTestTask.lambda$executeRecursively$8(NodeTestTask.java:146) ~[junit-platform-engine-1.11.4.jar:1.11.4]
	at org.junit.platform.engine.support.hierarchical.Node.around(Node.java:137) ~[junit-platform-engine-1.11.4.jar:1.11.4]
	at org.junit.platform.engine.support.hierarchical.NodeTestTask.lambda$executeRecursively$9(NodeTestTask.java:144) ~[junit-platform-engine-1.11.4.jar:1.11.4]
	at org.junit.platform.engine.support.hierarchical.ThrowableCollector.execute(ThrowableCollector.java:73) ~[junit-platform-engine-1.11.4.jar:1.11.4]
	at org.junit.platform.engine.support.hierarchical.NodeTestTask.executeRecursively(NodeTestTask.java:143) ~[junit-platform-engine-1.11.4.jar:1.11.4]
	at org.junit.platform.engine.support.hierarchical.NodeTestTask.execute(NodeTestTask.java:100) ~[junit-platform-engine-1.11.4.jar:1.11.4]
	at java.base/java.util.ArrayList.forEach(ArrayList.java:1596) ~[na:na]
	at org.junit.platform.engine.support.hierarchical.SameThreadHierarchicalTestExecutorService.invokeAll(SameThreadHierarchicalTestExecutorService.java:41) ~[junit-platform-engine-1.11.4.jar:1.11.4]
	at org.junit.platform.engine.support.hierarchical.NodeTestTask.lambda$executeRecursively$6(NodeTestTask.java:160) ~[junit-platform-engine-1.11.4.jar:1.11.4]
	at org.junit.platform.engine.support.hierarchical.ThrowableCollector.execute(ThrowableCollector.java:73) ~[junit-platform-engine-1.11.4.jar:1.11.4]
	at org.junit.platform.engine.support.hierarchical.NodeTestTask.lambda$executeRecursively$8(NodeTestTask.java:146) ~[junit-platform-engine-1.11.4.jar:1.11.4]
	at org.junit.platform.engine.support.hierarchical.Node.around(Node.java:137) ~[junit-platform-engine-1.11.4.jar:1.11.4]
	at org.junit.platform.engine.support.hierarchical.NodeTestTask.lambda$executeRecursively$9(NodeTestTask.java:144) ~[junit-platform-engine-1.11.4.jar:1.11.4]
	at org.junit.platform.engine.support.hierarchical.ThrowableCollector.execute(ThrowableCollector.java:73) ~[junit-platform-engine-1.11.4.jar:1.11.4]
	at org.junit.platform.engine.support.hierarchical.NodeTestTask.executeRecursively(NodeTestTask.java:143) ~[junit-platform-engine-1.11.4.jar:1.11.4]
	at org.junit.platform.engine.support.hierarchical.NodeTestTask.execute(NodeTestTask.java:100) ~[junit-platform-engine-1.11.4.jar:1.11.4]
	at org.junit.platform.engine.support.hierarchical.SameThreadHierarchicalTestExecutorService.submit(SameThreadHierarchicalTestExecutorService.java:35) ~[junit-platform-engine-1.11.4.jar:1.11.4]
	at org.junit.platform.engine.support.hierarchical.HierarchicalTestExecutor.execute(HierarchicalTestExecutor.java:57) ~[junit-platform-engine-1.11.4.jar:1.11.4]
	at org.junit.platform.engine.support.hierarchical.HierarchicalTestEngine.execute(HierarchicalTestEngine.java:54) ~[junit-platform-engine-1.11.4.jar:1.11.4]
	at org.junit.platform.launcher.core.EngineExecutionOrchestrator.execute(EngineExecutionOrchestrator.java:198) ~[junit-platform-launcher-1.11.4.jar:1.11.4]
	at org.junit.platform.launcher.core.EngineExecutionOrchestrator.execute(EngineExecutionOrchestrator.java:169) ~[junit-platform-launcher-1.11.4.jar:1.11.4]
	at org.junit.platform.launcher.core.EngineExecutionOrchestrator.execute(EngineExecutionOrchestrator.java:93) ~[junit-platform-launcher-1.11.4.jar:1.11.4]
	at org.junit.platform.launcher.core.EngineExecutionOrchestrator.lambda$execute$0(EngineExecutionOrchestrator.java:58) ~[junit-platform-launcher-1.11.4.jar:1.11.4]
	at org.junit.platform.launcher.core.EngineExecutionOrchestrator.withInterceptedStreams(EngineExecutionOrchestrator.java:141) ~[junit-platform-launcher-1.11.4.jar:1.11.4]
	at org.junit.platform.launcher.core.EngineExecutionOrchestrator.execute(EngineExecutionOrchestrator.java:57) ~[junit-platform-launcher-1.11.4.jar:1.11.4]
	at org.junit.platform.launcher.core.DefaultLauncher.execute(DefaultLauncher.java:103) ~[junit-platform-launcher-1.11.4.jar:1.11.4]
	at org.junit.platform.launcher.core.DefaultLauncher.execute(DefaultLauncher.java:85) ~[junit-platform-launcher-1.11.4.jar:1.11.4]
	at org.junit.platform.launcher.core.DelegatingLauncher.execute(DelegatingLauncher.java:47) ~[junit-platform-launcher-1.11.4.jar:1.11.4]
	at org.apache.maven.surefire.junitplatform.LazyLauncher.execute(LazyLauncher.java:56) ~[surefire-junit-platform-3.5.2.jar:3.5.2]
	at org.apache.maven.surefire.junitplatform.JUnitPlatformProvider.execute(JUnitPlatformProvider.java:184) ~[surefire-junit-platform-3.5.2.jar:3.5.2]
	at org.apache.maven.surefire.junitplatform.JUnitPlatformProvider.invokeAllTests(JUnitPlatformProvider.java:148) ~[surefire-junit-platform-3.5.2.jar:3.5.2]
	at org.apache.maven.surefire.junitplatform.JUnitPlatformProvider.invoke(JUnitPlatformProvider.java:122) ~[surefire-junit-platform-3.5.2.jar:3.5.2]
	at org.apache.maven.surefire.booter.ForkedBooter.runSuitesInProcess(ForkedBooter.java:385) ~[surefire-booter-3.5.2.jar:3.5.2]
	at org.apache.maven.surefire.booter.ForkedBooter.execute(ForkedBooter.java:162) ~[surefire-booter-3.5.2.jar:3.5.2]
	at org.apache.maven.surefire.booter.ForkedBooter.run(ForkedBooter.java:507) ~[surefire-booter-3.5.2.jar:3.5.2]
	at org.apache.maven.surefire.booter.ForkedBooter.main(ForkedBooter.java:495) ~[surefire-booter-3.5.2.jar:3.5.2]
Caused by: org.springframework.beans.factory.BeanCreationException: Error creating bean with name 'entityManagerFactory' defined in class path resource [org/springframework/boot/autoconfigure/orm/jpa/HibernateJpaConfiguration.class]: Unable to create requested service [org.hibernate.engine.jdbc.env.spi.JdbcEnvironment] due to: Unable to determine Dialect without JDBC metadata (please set 'jakarta.persistence.jdbc.url' for common cases or 'hibernate.dialect' when a custom Dialect implementation must be provided)
	at org.springframework.beans.factory.support.AbstractAutowireCapableBeanFactory.initializeBean(AbstractAutowireCapableBeanFactory.java:1812) ~[spring-beans-6.2.3.jar:6.2.3]
	at org.springframework.beans.factory.support.AbstractAutowireCapableBeanFactory.doCreateBean(AbstractAutowireCapableBeanFactory.java:601) ~[spring-beans-6.2.3.jar:6.2.3]
	at org.springframework.beans.factory.support.AbstractAutowireCapableBeanFactory.createBean(AbstractAutowireCapableBeanFactory.java:523) ~[spring-beans-6.2.3.jar:6.2.3]
	at org.springframework.beans.factory.support.AbstractBeanFactory.lambda$doGetBean$0(AbstractBeanFactory.java:339) ~[spring-beans-6.2.3.jar:6.2.3]
	at org.springframework.beans.factory.support.DefaultSingletonBeanRegistry.getSingleton(DefaultSingletonBeanRegistry.java:346) ~[spring-beans-6.2.3.jar:6.2.3]
	at org.springframework.beans.factory.support.AbstractBeanFactory.doGetBean(AbstractBeanFactory.java:337) ~[spring-beans-6.2.3.jar:6.2.3]
	at org.springframework.beans.factory.support.AbstractBeanFactory.getBean(AbstractBeanFactory.java:207) ~[spring-beans-6.2.3.jar:6.2.3]
	at org.springframework.context.support.AbstractApplicationContext.finishBeanFactoryInitialization(AbstractApplicationContext.java:970) ~[spring-context-6.2.3.jar:6.2.3]
	at org.springframework.context.support.AbstractApplicationContext.refresh(AbstractApplicationContext.java:627) ~[spring-context-6.2.3.jar:6.2.3]
	at org.springframework.boot.SpringApplication.refresh(SpringApplication.java:752) ~[spring-boot-3.4.3.jar:3.4.3]
	at org.springframework.boot.SpringApplication.refreshContext(SpringApplication.java:439) ~[spring-boot-3.4.3.jar:3.4.3]
	at org.springframework.boot.SpringApplication.run(SpringApplication.java:318) ~[spring-boot-3.4.3.jar:3.4.3]
	at org.springframework.boot.test.context.SpringBootContextLoader.lambda$loadContext$3(SpringBootContextLoader.java:137) ~[spring-boot-test-3.4.3.jar:3.4.3]
	at org.springframework.util.function.ThrowingSupplier.get(ThrowingSupplier.java:58) ~[spring-core-6.2.3.jar:6.2.3]
	at org.springframework.util.function.ThrowingSupplier.get(ThrowingSupplier.java:46) ~[spring-core-6.2.3.jar:6.2.3]
	at org.springframework.boot.SpringApplication.withHook(SpringApplication.java:1461) ~[spring-boot-3.4.3.jar:3.4.3]
	at org.springframework.boot.test.context.SpringBootContextLoader$ContextLoaderHook.run(SpringBootContextLoader.java:553) ~[spring-boot-test-3.4.3.jar:3.4.3]
	at org.springframework.boot.test.context.SpringBootContextLoader.loadContext(SpringBootContextLoader.java:137) ~[spring-boot-test-3.4.3.jar:3.4.3]
	at org.springframework.boot.test.context.SpringBootContextLoader.loadContext(SpringBootContextLoader.java:108) ~[spring-boot-test-3.4.3.jar:3.4.3]
	at org.springframework.test.context.cache.DefaultCacheAwareContextLoaderDelegate.loadContextInternal(DefaultCacheAwareContextLoaderDelegate.java:225) ~[spring-test-6.2.3.jar:6.2.3]
	at org.springframework.test.context.cache.DefaultCacheAwareContextLoaderDelegate.loadContext(DefaultCacheAwareContextLoaderDelegate.java:152) ~[spring-test-6.2.3.jar:6.2.3]
	... 75 common frames omitted
Caused by: org.hibernate.service.spi.ServiceException: Unable to create requested service [org.hibernate.engine.jdbc.env.spi.JdbcEnvironment] due to: Unable to determine Dialect without JDBC metadata (please set 'jakarta.persistence.jdbc.url' for common cases or 'hibernate.dialect' when a custom Dialect implementation must be provided)
	at org.hibernate.service.internal.AbstractServiceRegistryImpl.createService(AbstractServiceRegistryImpl.java:276) ~[hibernate-core-6.6.8.Final.jar:6.6.8.Final]
	at org.hibernate.service.internal.AbstractServiceRegistryImpl.initializeService(AbstractServiceRegistryImpl.java:238) ~[hibernate-core-6.6.8.Final.jar:6.6.8.Final]
	at org.hibernate.service.internal.AbstractServiceRegistryImpl.getService(AbstractServiceRegistryImpl.java:215) ~[hibernate-core-6.6.8.Final.jar:6.6.8.Final]
	at org.hibernate.boot.model.relational.Database.<init>(Database.java:45) ~[hibernate-core-6.6.8.Final.jar:6.6.8.Final]
	at org.hibernate.boot.internal.InFlightMetadataCollectorImpl.getDatabase(InFlightMetadataCollectorImpl.java:226) ~[hibernate-core-6.6.8.Final.jar:6.6.8.Final]
	at org.hibernate.boot.internal.InFlightMetadataCollectorImpl.<init>(InFlightMetadataCollectorImpl.java:194) ~[hibernate-core-6.6.8.Final.jar:6.6.8.Final]
	at org.hibernate.boot.model.process.spi.MetadataBuildingProcess.complete(MetadataBuildingProcess.java:171) ~[hibernate-core-6.6.8.Final.jar:6.6.8.Final]
	at org.hibernate.jpa.boot.internal.EntityManagerFactoryBuilderImpl.metadata(EntityManagerFactoryBuilderImpl.java:1442) ~[hibernate-core-6.6.8.Final.jar:6.6.8.Final]
	at org.hibernate.jpa.boot.internal.EntityManagerFactoryBuilderImpl.build(EntityManagerFactoryBuilderImpl.java:1513) ~[hibernate-core-6.6.8.Final.jar:6.6.8.Final]
	at org.springframework.orm.jpa.vendor.SpringHibernateJpaPersistenceProvider.createContainerEntityManagerFactory(SpringHibernateJpaPersistenceProvider.java:66) ~[spring-orm-6.2.3.jar:6.2.3]
	at org.springframework.orm.jpa.LocalContainerEntityManagerFactoryBean.createNativeEntityManagerFactory(LocalContainerEntityManagerFactoryBean.java:390) ~[spring-orm-6.2.3.jar:6.2.3]
	at org.springframework.orm.jpa.AbstractEntityManagerFactoryBean.buildNativeEntityManagerFactory(AbstractEntityManagerFactoryBean.java:419) ~[spring-orm-6.2.3.jar:6.2.3]
	at org.springframework.orm.jpa.AbstractEntityManagerFactoryBean.afterPropertiesSet(AbstractEntityManagerFactoryBean.java:400) ~[spring-orm-6.2.3.jar:6.2.3]
	at org.springframework.orm.jpa.LocalContainerEntityManagerFactoryBean.afterPropertiesSet(LocalContainerEntityManagerFactoryBean.java:366) ~[spring-orm-6.2.3.jar:6.2.3]
	at org.springframework.beans.factory.support.AbstractAutowireCapableBeanFactory.invokeInitMethods(AbstractAutowireCapableBeanFactory.java:1859) ~[spring-beans-6.2.3.jar:6.2.3]
	at org.springframework.beans.factory.support.AbstractAutowireCapableBeanFactory.initializeBean(AbstractAutowireCapableBeanFactory.java:1808) ~[spring-beans-6.2.3.jar:6.2.3]
	... 95 common frames omitted
Caused by: org.hibernate.HibernateException: Unable to determine Dialect without JDBC metadata (please set 'jakarta.persistence.jdbc.url' for common cases or 'hibernate.dialect' when a custom Dialect implementation must be provided)
	at org.hibernate.engine.jdbc.dialect.internal.DialectFactoryImpl.determineDialect(DialectFactoryImpl.java:191) ~[hibernate-core-6.6.8.Final.jar:6.6.8.Final]
	at org.hibernate.engine.jdbc.dialect.internal.DialectFactoryImpl.buildDialect(DialectFactoryImpl.java:87) ~[hibernate-core-6.6.8.Final.jar:6.6.8.Final]
	at org.hibernate.engine.jdbc.env.internal.JdbcEnvironmentInitiator.getJdbcEnvironmentWithDefaults(JdbcEnvironmentInitiator.java:181) ~[hibernate-core-6.6.8.Final.jar:6.6.8.Final]
	at org.hibernate.engine.jdbc.env.internal.JdbcEnvironmentInitiator.getJdbcEnvironmentUsingJdbcMetadata(JdbcEnvironmentInitiator.java:392) ~[hibernate-core-6.6.8.Final.jar:6.6.8.Final]
	at org.hibernate.engine.jdbc.env.internal.JdbcEnvironmentInitiator.initiateService(JdbcEnvironmentInitiator.java:129) ~[hibernate-core-6.6.8.Final.jar:6.6.8.Final]
	at org.hibernate.engine.jdbc.env.internal.JdbcEnvironmentInitiator.initiateService(JdbcEnvironmentInitiator.java:81) ~[hibernate-core-6.6.8.Final.jar:6.6.8.Final]
	at org.hibernate.boot.registry.internal.StandardServiceRegistryImpl.initiateService(StandardServiceRegistryImpl.java:130) ~[hibernate-core-6.6.8.Final.jar:6.6.8.Final]
	at org.hibernate.service.internal.AbstractServiceRegistryImpl.createService(AbstractServiceRegistryImpl.java:263) ~[hibernate-core-6.6.8.Final.jar:6.6.8.Final]
	... 110 common frames omitted

[ERROR] Tests run: 1, Failures: 0, Errors: 1, Skipped: 0, Time elapsed: 36.45 s <<< FAILURE! -- in com.example.deployfast.AuthAndTaskIntegrationTest
[ERROR] com.example.deployfast.AuthAndTaskIntegrationTest.testAuthAndTaskFlow -- Time elapsed: 0.054 s <<< ERROR!
java.lang.IllegalStateException: Failed to load ApplicationContext for [WebMergedContextConfiguration@56c75b4f testClass = com.example.deployfast.AuthAndTaskIntegrationTest, locations = [], classes = [com.example.deployfast.DeployFastApplication], contextInitializerClasses = [], activeProfiles = [], propertySourceDescriptors = [], propertySourceProperties = ["org.springframework.boot.test.context.SpringBootTestContextBootstrapper=true"], contextCustomizers = [[ImportsContextCustomizer@1cd25514 key = [org.springframework.boot.test.autoconfigure.web.servlet.MockMvcWebDriverAutoConfiguration, org.springframework.boot.test.autoconfigure.web.servlet.MockMvcAutoConfiguration, org.springframework.boot.autoconfigure.security.oauth2.client.servlet.OAuth2ClientAutoConfiguration, org.springframework.boot.autoconfigure.security.servlet.SecurityAutoConfiguration, org.springframework.boot.autoconfigure.security.servlet.SecurityFilterAutoConfiguration, org.springframework.boot.autoconfigure.security.servlet.UserDetailsServiceAutoConfiguration, org.springframework.boot.autoconfigure.security.oauth2.resource.servlet.OAuth2ResourceServerAutoConfiguration, org.springframework.boot.test.autoconfigure.web.servlet.MockMvcSecurityConfiguration, org.springframework.boot.test.autoconfigure.web.servlet.MockMvcWebClientAutoConfiguration, org.springframework.boot.test.autoconfigure.web.reactive.WebTestClientAutoConfiguration]], org.springframework.boot.test.context.filter.ExcludeFilterContextCustomizer@3a022576, org.springframework.boot.test.json.DuplicateJsonObjectContextCustomizerFactory$DuplicateJsonObjectContextCustomizer@748fe51d, org.springframework.boot.test.mock.mockito.MockitoContextCustomizer@0, org.springframework.boot.test.web.client.TestRestTemplateContextCustomizer@293cde83, org.springframework.boot.test.web.reactor.netty.DisableReactorResourceFactoryGlobalResourcesContextCustomizerFactory$DisableReactorResourceFactoryGlobalResourcesContextCustomizerCustomizer@65bb9029, org.springframework.boot.test.autoconfigure.OnFailureConditionReportContextCustomizerFactory$OnFailureConditionReportContextCustomizer@49601f82, org.springframework.boot.test.autoconfigure.actuate.observability.ObservabilityContextCustomizerFactory$DisableObservabilityContextCustomizer@1f, org.springframework.boot.test.autoconfigure.properties.PropertyMappingContextCustomizer@4b3fa0b3, org.springframework.boot.test.autoconfigure.web.servlet.WebDriverContextCustomizer@320494b6, org.springframework.test.context.support.DynamicPropertiesContextCustomizer@0, org.springframework.boot.test.context.SpringBootTestAnnotation@50506eb8], resourceBasePath = "src/main/webapp", contextLoader = org.springframework.boot.test.context.SpringBootContextLoader, parent = null]
	at org.springframework.test.context.cache.DefaultCacheAwareContextLoaderDelegate.loadContext(DefaultCacheAwareContextLoaderDelegate.java:180)
	at org.springframework.test.context.support.DefaultTestContext.getApplicationContext(DefaultTestContext.java:130)
	at org.springframework.test.context.web.ServletTestExecutionListener.setUpRequestContextIfNecessary(ServletTestExecutionListener.java:200)
	at org.springframework.test.context.web.ServletTestExecutionListener.prepareTestInstance(ServletTestExecutionListener.java:139)
	at org.springframework.test.context.TestContextManager.prepareTestInstance(TestContextManager.java:260)
	at org.springframework.test.context.junit.jupiter.SpringExtension.postProcessTestInstance(SpringExtension.java:160)
	at java.base/java.util.stream.ForEachOps$ForEachOp$OfRef.accept(ForEachOps.java:184)
	at java.base/java.util.stream.ReferencePipeline$3$1.accept(ReferencePipeline.java:197)
	at java.base/java.util.stream.ReferencePipeline$2$1.accept(ReferencePipeline.java:179)
	at java.base/java.util.stream.ReferencePipeline$3$1.accept(ReferencePipeline.java:197)
	at java.base/java.util.ArrayList$ArrayListSpliterator.forEachRemaining(ArrayList.java:1708)
	at java.base/java.util.stream.AbstractPipeline.copyInto(AbstractPipeline.java:509)
	at java.base/java.util.stream.AbstractPipeline.wrapAndCopyInto(AbstractPipeline.java:499)
	at java.base/java.util.stream.ForEachOps$ForEachOp.evaluateSequential(ForEachOps.java:151)
	at java.base/java.util.stream.ForEachOps$ForEachOp$OfRef.evaluateSequential(ForEachOps.java:174)
	at java.base/java.util.stream.AbstractPipeline.evaluate(AbstractPipeline.java:234)
	at java.base/java.util.stream.ReferencePipeline.forEach(ReferencePipeline.java:596)
	at java.base/java.util.Optional.orElseGet(Optional.java:364)
	at java.base/java.util.ArrayList.forEach(ArrayList.java:1596)
	at java.base/java.util.ArrayList.forEach(ArrayList.java:1596)
Caused by: org.springframework.beans.factory.BeanCreationException: Error creating bean with name 'entityManagerFactory' defined in class path resource [org/springframework/boot/autoconfigure/orm/jpa/HibernateJpaConfiguration.class]: Unable to create requested service [org.hibernate.engine.jdbc.env.spi.JdbcEnvironment] due to: Unable to determine Dialect without JDBC metadata (please set 'jakarta.persistence.jdbc.url' for common cases or 'hibernate.dialect' when a custom Dialect implementation must be provided)
	at org.springframework.beans.factory.support.AbstractAutowireCapableBeanFactory.initializeBean(AbstractAutowireCapableBeanFactory.java:1812)
	at org.springframework.beans.factory.support.AbstractAutowireCapableBeanFactory.doCreateBean(AbstractAutowireCapableBeanFactory.java:601)
	at org.springframework.beans.factory.support.AbstractAutowireCapableBeanFactory.createBean(AbstractAutowireCapableBeanFactory.java:523)
	at org.springframework.beans.factory.support.AbstractBeanFactory.lambda$doGetBean$0(AbstractBeanFactory.java:339)
	at org.springframework.beans.factory.support.DefaultSingletonBeanRegistry.getSingleton(DefaultSingletonBeanRegistry.java:346)
	at org.springframework.beans.factory.support.AbstractBeanFactory.doGetBean(AbstractBeanFactory.java:337)
	at org.springframework.beans.factory.support.AbstractBeanFactory.getBean(AbstractBeanFactory.java:207)
	at org.springframework.context.support.AbstractApplicationContext.finishBeanFactoryInitialization(AbstractApplicationContext.java:970)
	at org.springframework.context.support.AbstractApplicationContext.refresh(AbstractApplicationContext.java:627)
	at org.springframework.boot.SpringApplication.refresh(SpringApplication.java:752)
	at org.springframework.boot.SpringApplication.refreshContext(SpringApplication.java:439)
	at org.springframework.boot.SpringApplication.run(SpringApplication.java:318)
	at org.springframework.boot.test.context.SpringBootContextLoader.lambda$loadContext$3(SpringBootContextLoader.java:137)
	at org.springframework.util.function.ThrowingSupplier.get(ThrowingSupplier.java:58)
	at org.springframework.util.function.ThrowingSupplier.get(ThrowingSupplier.java:46)
	at org.springframework.boot.SpringApplication.withHook(SpringApplication.java:1461)
	at org.springframework.boot.test.context.SpringBootContextLoader$ContextLoaderHook.run(SpringBootContextLoader.java:553)
	at org.springframework.boot.test.context.SpringBootContextLoader.loadContext(SpringBootContextLoader.java:137)
	at org.springframework.boot.test.context.SpringBootContextLoader.loadContext(SpringBootContextLoader.java:108)
	at org.springframework.test.context.cache.DefaultCacheAwareContextLoaderDelegate.loadContextInternal(DefaultCacheAwareContextLoaderDelegate.java:225)
	at org.springframework.test.context.cache.DefaultCacheAwareContextLoaderDelegate.loadContext(DefaultCacheAwareContextLoaderDelegate.java:152)
	... 19 more
Caused by: org.hibernate.service.spi.ServiceException: Unable to create requested service [org.hibernate.engine.jdbc.env.spi.JdbcEnvironment] due to: Unable to determine Dialect without JDBC metadata (please set 'jakarta.persistence.jdbc.url' for common cases or 'hibernate.dialect' when a custom Dialect implementation must be provided)
	at org.hibernate.service.internal.AbstractServiceRegistryImpl.createService(AbstractServiceRegistryImpl.java:276)
	at org.hibernate.service.internal.AbstractServiceRegistryImpl.initializeService(AbstractServiceRegistryImpl.java:238)
	at org.hibernate.service.internal.AbstractServiceRegistryImpl.getService(AbstractServiceRegistryImpl.java:215)
	at org.hibernate.boot.model.relational.Database.<init>(Database.java:45)
	at org.hibernate.boot.internal.InFlightMetadataCollectorImpl.getDatabase(InFlightMetadataCollectorImpl.java:226)
	at org.hibernate.boot.internal.InFlightMetadataCollectorImpl.<init>(InFlightMetadataCollectorImpl.java:194)
	at org.hibernate.boot.model.process.spi.MetadataBuildingProcess.complete(MetadataBuildingProcess.java:171)
	at org.hibernate.jpa.boot.internal.EntityManagerFactoryBuilderImpl.metadata(EntityManagerFactoryBuilderImpl.java:1442)
	at org.hibernate.jpa.boot.internal.EntityManagerFactoryBuilderImpl.build(EntityManagerFactoryBuilderImpl.java:1513)
	at org.springframework.orm.jpa.vendor.SpringHibernateJpaPersistenceProvider.createContainerEntityManagerFactory(SpringHibernateJpaPersistenceProvider.java:66)
	at org.springframework.orm.jpa.LocalContainerEntityManagerFactoryBean.createNativeEntityManagerFactory(LocalContainerEntityManagerFactoryBean.java:390)
	at org.springframework.orm.jpa.AbstractEntityManagerFactoryBean.buildNativeEntityManagerFactory(AbstractEntityManagerFactoryBean.java:419)
	at org.springframework.orm.jpa.AbstractEntityManagerFactoryBean.afterPropertiesSet(AbstractEntityManagerFactoryBean.java:400)
	at org.springframework.orm.jpa.LocalContainerEntityManagerFactoryBean.afterPropertiesSet(LocalContainerEntityManagerFactoryBean.java:366)
	at org.springframework.beans.factory.support.AbstractAutowireCapableBeanFactory.invokeInitMethods(AbstractAutowireCapableBeanFactory.java:1859)
	at org.springframework.beans.factory.support.AbstractAutowireCapableBeanFactory.initializeBean(AbstractAutowireCapableBeanFactory.java:1808)
	... 39 more
Caused by: org.hibernate.HibernateException: Unable to determine Dialect without JDBC metadata (please set 'jakarta.persistence.jdbc.url' for common cases or 'hibernate.dialect' when a custom Dialect implementation must be provided)
	at org.hibernate.engine.jdbc.dialect.internal.DialectFactoryImpl.determineDialect(DialectFactoryImpl.java:191)
	at org.hibernate.engine.jdbc.dialect.internal.DialectFactoryImpl.buildDialect(DialectFactoryImpl.java:87)
	at org.hibernate.engine.jdbc.env.internal.JdbcEnvironmentInitiator.getJdbcEnvironmentWithDefaults(JdbcEnvironmentInitiator.java:181)
	at org.hibernate.engine.jdbc.env.internal.JdbcEnvironmentInitiator.getJdbcEnvironmentUsingJdbcMetadata(JdbcEnvironmentInitiator.java:392)
	at org.hibernate.engine.jdbc.env.internal.JdbcEnvironmentInitiator.initiateService(JdbcEnvironmentInitiator.java:129)
	at org.hibernate.engine.jdbc.env.internal.JdbcEnvironmentInitiator.initiateService(JdbcEnvironmentInitiator.java:81)
	at org.hibernate.boot.registry.internal.StandardServiceRegistryImpl.initiateService(StandardServiceRegistryImpl.java:130)
	at org.hibernate.service.internal.AbstractServiceRegistryImpl.createService(AbstractServiceRegistryImpl.java:263)
	... 54 more

[INFO] Running com.example.deployfast.DeployFastApplicationTests
2026-03-09T13:03:25.295+01:00  INFO 24624 --- [DeployFast] [           main] t.c.s.AnnotationConfigContextLoaderUtils : Could not detect default configuration classes for test class [com.example.deployfast.DeployFastApplicationTests]: DeployFastApplicationTests does not declare any static, non-private, non-final, nested classes annotated with @Configuration.
2026-03-09T13:03:25.306+01:00  INFO 24624 --- [DeployFast] [           main] .b.t.c.SpringBootTestContextBootstrapper : Found @SpringBootConfiguration com.example.deployfast.DeployFastApplication for test class com.example.deployfast.DeployFastApplicationTests
2026-03-09T13:03:25.347+01:00  INFO 24624 --- [DeployFast] [           main] o.s.b.d.r.RestartApplicationListener     : Restart disabled due to context in which it is running

  .   ____          _            __ _ _
 /\\ / ___'_ __ _ _(_)_ __  __ _ \ \ \ \
( ( )\___ | '_ | '_| | '_ \/ _` | \ \ \ \
 \\/  ___)| |_)| | | | | || (_| |  ) ) ) )
  '  |____| .__|_| |_|_| |_\__, | / / / /
 =========|_|==============|___/=/_/_/_/

 :: Spring Boot ::                (v3.4.3)

2026-03-09T13:03:25.550+01:00  INFO 24624 --- [DeployFast] [           main] c.e.d.DeployFastApplicationTests         : Starting DeployFastApplicationTests using Java 21.0.1 with PID 24624 (started by FLORINDA KEVINE in C:\Users\FLORINDA KEVINE\Desktop\Audrey\DeployFast)
2026-03-09T13:03:25.550+01:00  INFO 24624 --- [DeployFast] [           main] c.e.d.DeployFastApplicationTests         : No active profile set, falling back to 1 default profile: "default"
2026-03-09T13:03:27.337+01:00  INFO 24624 --- [DeployFast] [           main] .s.d.r.c.RepositoryConfigurationDelegate : Bootstrapping Spring Data JPA repositories in DEFAULT mode.
2026-03-09T13:03:27.491+01:00  INFO 24624 --- [DeployFast] [           main] .s.d.r.c.RepositoryConfigurationDelegate : Finished Spring Data repository scanning in 144 ms. Found 2 JPA repository interfaces.
2026-03-09T13:03:28.671+01:00  INFO 24624 --- [DeployFast] [           main] o.hibernate.jpa.internal.util.LogHelper  : HHH000204: Processing PersistenceUnitInfo [name: default]
2026-03-09T13:03:28.757+01:00  INFO 24624 --- [DeployFast] [           main] o.h.c.internal.RegionFactoryInitiator    : HHH000026: Second-level cache disabled
2026-03-09T13:03:29.113+01:00  INFO 24624 --- [DeployFast] [           main] o.s.o.j.p.SpringPersistenceUnitInfo      : No LoadTimeWeaver setup: ignoring JPA class transformer
2026-03-09T13:03:29.148+01:00  INFO 24624 --- [DeployFast] [           main] com.zaxxer.hikari.HikariDataSource       : HikariPool-2 - Starting...
2026-03-09T13:03:30.629+01:00  WARN 24624 --- [DeployFast] [           main] o.h.engine.jdbc.spi.SqlExceptionHelper   : SQL Error: 0, SQLState: 28P01
2026-03-09T13:03:30.631+01:00 ERROR 24624 --- [DeployFast] [           main] o.h.engine.jdbc.spi.SqlExceptionHelper   : FATAL: authentification par mot de passe ?chou?e pour l'utilisateur  ? postgres ?
2026-03-09T13:03:30.636+01:00  WARN 24624 --- [DeployFast] [           main] o.h.e.j.e.i.JdbcEnvironmentInitiator     : HHH000342: Could not obtain connection to query metadata

org.hibernate.exception.GenericJDBCException: unable to obtain isolated JDBC connection [FATAL: authentification par mot de passe ?chou?e pour l'utilisateur  ? postgres ?] [n/a]
	at org.hibernate.exception.internal.StandardSQLExceptionConverter.convert(StandardSQLExceptionConverter.java:63) ~[hibernate-core-6.6.8.Final.jar:6.6.8.Final]
	at org.hibernate.engine.jdbc.spi.SqlExceptionHelper.convert(SqlExceptionHelper.java:108) ~[hibernate-core-6.6.8.Final.jar:6.6.8.Final]
	at org.hibernate.engine.jdbc.spi.SqlExceptionHelper.convert(SqlExceptionHelper.java:94) ~[hibernate-core-6.6.8.Final.jar:6.6.8.Final]
	at org.hibernate.resource.transaction.backend.jdbc.internal.JdbcIsolationDelegate.delegateWork(JdbcIsolationDelegate.java:116) ~[hibernate-core-6.6.8.Final.jar:6.6.8.Final]
	at org.hibernate.engine.jdbc.env.internal.JdbcEnvironmentInitiator.getJdbcEnvironmentUsingJdbcMetadata(JdbcEnvironmentInitiator.java:320) ~[hibernate-core-6.6.8.Final.jar:6.6.8.Final]
	at org.hibernate.engine.jdbc.env.internal.JdbcEnvironmentInitiator.initiateService(JdbcEnvironmentInitiator.java:129) ~[hibernate-core-6.6.8.Final.jar:6.6.8.Final]
	at org.hibernate.engine.jdbc.env.internal.JdbcEnvironmentInitiator.initiateService(JdbcEnvironmentInitiator.java:81) ~[hibernate-core-6.6.8.Final.jar:6.6.8.Final]
	at org.hibernate.boot.registry.internal.StandardServiceRegistryImpl.initiateService(StandardServiceRegistryImpl.java:130) ~[hibernate-core-6.6.8.Final.jar:6.6.8.Final]
	at org.hibernate.service.internal.AbstractServiceRegistryImpl.createService(AbstractServiceRegistryImpl.java:263) ~[hibernate-core-6.6.8.Final.jar:6.6.8.Final]
	at org.hibernate.service.internal.AbstractServiceRegistryImpl.initializeService(AbstractServiceRegistryImpl.java:238) ~[hibernate-core-6.6.8.Final.jar:6.6.8.Final]
	at org.hibernate.service.internal.AbstractServiceRegistryImpl.getService(AbstractServiceRegistryImpl.java:215) ~[hibernate-core-6.6.8.Final.jar:6.6.8.Final]
	at org.hibernate.boot.model.relational.Database.<init>(Database.java:45) ~[hibernate-core-6.6.8.Final.jar:6.6.8.Final]
	at org.hibernate.boot.internal.InFlightMetadataCollectorImpl.getDatabase(InFlightMetadataCollectorImpl.java:226) ~[hibernate-core-6.6.8.Final.jar:6.6.8.Final]
	at org.hibernate.boot.internal.InFlightMetadataCollectorImpl.<init>(InFlightMetadataCollectorImpl.java:194) ~[hibernate-core-6.6.8.Final.jar:6.6.8.Final]
	at org.hibernate.boot.model.process.spi.MetadataBuildingProcess.complete(MetadataBuildingProcess.java:171) ~[hibernate-core-6.6.8.Final.jar:6.6.8.Final]
	at org.hibernate.jpa.boot.internal.EntityManagerFactoryBuilderImpl.metadata(EntityManagerFactoryBuilderImpl.java:1442) ~[hibernate-core-6.6.8.Final.jar:6.6.8.Final]
	at org.hibernate.jpa.boot.internal.EntityManagerFactoryBuilderImpl.build(EntityManagerFactoryBuilderImpl.java:1513) ~[hibernate-core-6.6.8.Final.jar:6.6.8.Final]
	at org.springframework.orm.jpa.vendor.SpringHibernateJpaPersistenceProvider.createContainerEntityManagerFactory(SpringHibernateJpaPersistenceProvider.java:66) ~[spring-orm-6.2.3.jar:6.2.3]
	at org.springframework.orm.jpa.LocalContainerEntityManagerFactoryBean.createNativeEntityManagerFactory(LocalContainerEntityManagerFactoryBean.java:390) ~[spring-orm-6.2.3.jar:6.2.3]
	at org.springframework.orm.jpa.AbstractEntityManagerFactoryBean.buildNativeEntityManagerFactory(AbstractEntityManagerFactoryBean.java:419) ~[spring-orm-6.2.3.jar:6.2.3]
	at org.springframework.orm.jpa.AbstractEntityManagerFactoryBean.afterPropertiesSet(AbstractEntityManagerFactoryBean.java:400) ~[spring-orm-6.2.3.jar:6.2.3]
	at org.springframework.orm.jpa.LocalContainerEntityManagerFactoryBean.afterPropertiesSet(LocalContainerEntityManagerFactoryBean.java:366) ~[spring-orm-6.2.3.jar:6.2.3]
	at org.springframework.beans.factory.support.AbstractAutowireCapableBeanFactory.invokeInitMethods(AbstractAutowireCapableBeanFactory.java:1859) ~[spring-beans-6.2.3.jar:6.2.3]
	at org.springframework.beans.factory.support.AbstractAutowireCapableBeanFactory.initializeBean(AbstractAutowireCapableBeanFactory.java:1808) ~[spring-beans-6.2.3.jar:6.2.3]
	at org.springframework.beans.factory.support.AbstractAutowireCapableBeanFactory.doCreateBean(AbstractAutowireCapableBeanFactory.java:601) ~[spring-beans-6.2.3.jar:6.2.3]
	at org.springframework.beans.factory.support.AbstractAutowireCapableBeanFactory.createBean(AbstractAutowireCapableBeanFactory.java:523) ~[spring-beans-6.2.3.jar:6.2.3]
	at org.springframework.beans.factory.support.AbstractBeanFactory.lambda$doGetBean$0(AbstractBeanFactory.java:339) ~[spring-beans-6.2.3.jar:6.2.3]
	at org.springframework.beans.factory.support.DefaultSingletonBeanRegistry.getSingleton(DefaultSingletonBeanRegistry.java:346) ~[spring-beans-6.2.3.jar:6.2.3]
	at org.springframework.beans.factory.support.AbstractBeanFactory.doGetBean(AbstractBeanFactory.java:337) ~[spring-beans-6.2.3.jar:6.2.3]
	at org.springframework.beans.factory.support.AbstractBeanFactory.getBean(AbstractBeanFactory.java:207) ~[spring-beans-6.2.3.jar:6.2.3]
	at org.springframework.context.support.AbstractApplicationContext.finishBeanFactoryInitialization(AbstractApplicationContext.java:970) ~[spring-context-6.2.3.jar:6.2.3]
	at org.springframework.context.support.AbstractApplicationContext.refresh(AbstractApplicationContext.java:627) ~[spring-context-6.2.3.jar:6.2.3]
	at org.springframework.boot.SpringApplication.refresh(SpringApplication.java:752) ~[spring-boot-3.4.3.jar:3.4.3]
	at org.springframework.boot.SpringApplication.refreshContext(SpringApplication.java:439) ~[spring-boot-3.4.3.jar:3.4.3]
	at org.springframework.boot.SpringApplication.run(SpringApplication.java:318) ~[spring-boot-3.4.3.jar:3.4.3]
	at org.springframework.boot.test.context.SpringBootContextLoader.lambda$loadContext$3(SpringBootContextLoader.java:137) ~[spring-boot-test-3.4.3.jar:3.4.3]
	at org.springframework.util.function.ThrowingSupplier.get(ThrowingSupplier.java:58) ~[spring-core-6.2.3.jar:6.2.3]
	at org.springframework.util.function.ThrowingSupplier.get(ThrowingSupplier.java:46) ~[spring-core-6.2.3.jar:6.2.3]
	at org.springframework.boot.SpringApplication.withHook(SpringApplication.java:1461) ~[spring-boot-3.4.3.jar:3.4.3]
	at org.springframework.boot.test.context.SpringBootContextLoader$ContextLoaderHook.run(SpringBootContextLoader.java:553) ~[spring-boot-test-3.4.3.jar:3.4.3]
	at org.springframework.boot.test.context.SpringBootContextLoader.loadContext(SpringBootContextLoader.java:137) ~[spring-boot-test-3.4.3.jar:3.4.3]
	at org.springframework.boot.test.context.SpringBootContextLoader.loadContext(SpringBootContextLoader.java:108) ~[spring-boot-test-3.4.3.jar:3.4.3]
	at org.springframework.test.context.cache.DefaultCacheAwareContextLoaderDelegate.loadContextInternal(DefaultCacheAwareContextLoaderDelegate.java:225) ~[spring-test-6.2.3.jar:6.2.3]
	at org.springframework.test.context.cache.DefaultCacheAwareContextLoaderDelegate.loadContext(DefaultCacheAwareContextLoaderDelegate.java:152) ~[spring-test-6.2.3.jar:6.2.3]
	at org.springframework.test.context.support.DefaultTestContext.getApplicationContext(DefaultTestContext.java:130) ~[spring-test-6.2.3.jar:6.2.3]
	at org.springframework.test.context.web.ServletTestExecutionListener.setUpRequestContextIfNecessary(ServletTestExecutionListener.java:200) ~[spring-test-6.2.3.jar:6.2.3]
	at org.springframework.test.context.web.ServletTestExecutionListener.prepareTestInstance(ServletTestExecutionListener.java:139) ~[spring-test-6.2.3.jar:6.2.3]
	at org.springframework.test.context.TestContextManager.prepareTestInstance(TestContextManager.java:260) ~[spring-test-6.2.3.jar:6.2.3]
	at org.springframework.test.context.junit.jupiter.SpringExtension.postProcessTestInstance(SpringExtension.java:160) ~[spring-test-6.2.3.jar:6.2.3]
	at org.junit.jupiter.engine.descriptor.ClassBasedTestDescriptor.lambda$invokeTestInstancePostProcessors$11(ClassBasedTestDescriptor.java:378) ~[junit-jupiter-engine-5.11.4.jar:5.11.4]
	at org.junit.jupiter.engine.descriptor.ClassBasedTestDescriptor.executeAndMaskThrowable(ClassBasedTestDescriptor.java:383) ~[junit-jupiter-engine-5.11.4.jar:5.11.4]
	at org.junit.jupiter.engine.descriptor.ClassBasedTestDescriptor.lambda$invokeTestInstancePostProcessors$12(ClassBasedTestDescriptor.java:378) ~[junit-jupiter-engine-5.11.4.jar:5.11.4]
	at java.base/java.util.stream.ForEachOps$ForEachOp$OfRef.accept(ForEachOps.java:184) ~[na:na]
	at java.base/java.util.stream.ReferencePipeline$3$1.accept(ReferencePipeline.java:197) ~[na:na]
	at java.base/java.util.stream.ReferencePipeline$2$1.accept(ReferencePipeline.java:179) ~[na:na]
	at java.base/java.util.stream.ReferencePipeline$3$1.accept(ReferencePipeline.java:197) ~[na:na]
	at java.base/java.util.ArrayList$ArrayListSpliterator.forEachRemaining(ArrayList.java:1708) ~[na:na]
	at java.base/java.util.stream.AbstractPipeline.copyInto(AbstractPipeline.java:509) ~[na:na]
	at java.base/java.util.stream.AbstractPipeline.wrapAndCopyInto(AbstractPipeline.java:499) ~[na:na]
	at java.base/java.util.stream.ForEachOps$ForEachOp.evaluateSequential(ForEachOps.java:151) ~[na:na]
	at java.base/java.util.stream.ForEachOps$ForEachOp$OfRef.evaluateSequential(ForEachOps.java:174) ~[na:na]
	at java.base/java.util.stream.AbstractPipeline.evaluate(AbstractPipeline.java:234) ~[na:na]
	at java.base/java.util.stream.ReferencePipeline.forEach(ReferencePipeline.java:596) ~[na:na]
	at org.junit.jupiter.engine.descriptor.ClassBasedTestDescriptor.invokeTestInstancePostProcessors(ClassBasedTestDescriptor.java:377) ~[junit-jupiter-engine-5.11.4.jar:5.11.4]
	at org.junit.jupiter.engine.descriptor.ClassBasedTestDescriptor.lambda$instantiateAndPostProcessTestInstance$7(ClassBasedTestDescriptor.java:290) ~[junit-jupiter-engine-5.11.4.jar:5.11.4]
	at org.junit.platform.engine.support.hierarchical.ThrowableCollector.execute(ThrowableCollector.java:73) ~[junit-platform-engine-1.11.4.jar:1.11.4]
	at org.junit.jupiter.engine.descriptor.ClassBasedTestDescriptor.instantiateAndPostProcessTestInstance(ClassBasedTestDescriptor.java:289) ~[junit-jupiter-engine-5.11.4.jar:5.11.4]
	at org.junit.jupiter.engine.descriptor.ClassBasedTestDescriptor.lambda$testInstancesProvider$5(ClassBasedTestDescriptor.java:279) ~[junit-jupiter-engine-5.11.4.jar:5.11.4]
	at java.base/java.util.Optional.orElseGet(Optional.java:364) ~[na:na]
	at org.junit.jupiter.engine.descriptor.ClassBasedTestDescriptor.lambda$testInstancesProvider$6(ClassBasedTestDescriptor.java:278) ~[junit-jupiter-engine-5.11.4.jar:5.11.4]
	at org.junit.jupiter.engine.execution.TestInstancesProvider.getTestInstances(TestInstancesProvider.java:31) ~[junit-jupiter-engine-5.11.4.jar:5.11.4]
	at org.junit.jupiter.engine.descriptor.TestMethodTestDescriptor.lambda$prepare$1(TestMethodTestDescriptor.java:105) ~[junit-jupiter-engine-5.11.4.jar:5.11.4]
	at org.junit.platform.engine.support.hierarchical.ThrowableCollector.execute(ThrowableCollector.java:73) ~[junit-platform-engine-1.11.4.jar:1.11.4]
	at org.junit.jupiter.engine.descriptor.TestMethodTestDescriptor.prepare(TestMethodTestDescriptor.java:104) ~[junit-jupiter-engine-5.11.4.jar:5.11.4]
	at org.junit.jupiter.engine.descriptor.TestMethodTestDescriptor.prepare(TestMethodTestDescriptor.java:68) ~[junit-jupiter-engine-5.11.4.jar:5.11.4]
	at org.junit.platform.engine.support.hierarchical.NodeTestTask.lambda$prepare$2(NodeTestTask.java:128) ~[junit-platform-engine-1.11.4.jar:1.11.4]
	at org.junit.platform.engine.support.hierarchical.ThrowableCollector.execute(ThrowableCollector.java:73) ~[junit-platform-engine-1.11.4.jar:1.11.4]
	at org.junit.platform.engine.support.hierarchical.NodeTestTask.prepare(NodeTestTask.java:128) ~[junit-platform-engine-1.11.4.jar:1.11.4]
	at org.junit.platform.engine.support.hierarchical.NodeTestTask.execute(NodeTestTask.java:95) ~[junit-platform-engine-1.11.4.jar:1.11.4]
	at java.base/java.util.ArrayList.forEach(ArrayList.java:1596) ~[na:na]
	at org.junit.platform.engine.support.hierarchical.SameThreadHierarchicalTestExecutorService.invokeAll(SameThreadHierarchicalTestExecutorService.java:41) ~[junit-platform-engine-1.11.4.jar:1.11.4]
	at org.junit.platform.engine.support.hierarchical.NodeTestTask.lambda$executeRecursively$6(NodeTestTask.java:160) ~[junit-platform-engine-1.11.4.jar:1.11.4]
	at org.junit.platform.engine.support.hierarchical.ThrowableCollector.execute(ThrowableCollector.java:73) ~[junit-platform-engine-1.11.4.jar:1.11.4]
	at org.junit.platform.engine.support.hierarchical.NodeTestTask.lambda$executeRecursively$8(NodeTestTask.java:146) ~[junit-platform-engine-1.11.4.jar:1.11.4]
	at org.junit.platform.engine.support.hierarchical.Node.around(Node.java:137) ~[junit-platform-engine-1.11.4.jar:1.11.4]
	at org.junit.platform.engine.support.hierarchical.NodeTestTask.lambda$executeRecursively$9(NodeTestTask.java:144) ~[junit-platform-engine-1.11.4.jar:1.11.4]
	at org.junit.platform.engine.support.hierarchical.ThrowableCollector.execute(ThrowableCollector.java:73) ~[junit-platform-engine-1.11.4.jar:1.11.4]
	at org.junit.platform.engine.support.hierarchical.NodeTestTask.executeRecursively(NodeTestTask.java:143) ~[junit-platform-engine-1.11.4.jar:1.11.4]
	at org.junit.platform.engine.support.hierarchical.NodeTestTask.execute(NodeTestTask.java:100) ~[junit-platform-engine-1.11.4.jar:1.11.4]
	at java.base/java.util.ArrayList.forEach(ArrayList.java:1596) ~[na:na]
	at org.junit.platform.engine.support.hierarchical.SameThreadHierarchicalTestExecutorService.invokeAll(SameThreadHierarchicalTestExecutorService.java:41) ~[junit-platform-engine-1.11.4.jar:1.11.4]
	at org.junit.platform.engine.support.hierarchical.NodeTestTask.lambda$executeRecursively$6(NodeTestTask.java:160) ~[junit-platform-engine-1.11.4.jar:1.11.4]
	at org.junit.platform.engine.support.hierarchical.ThrowableCollector.execute(ThrowableCollector.java:73) ~[junit-platform-engine-1.11.4.jar:1.11.4]
	at org.junit.platform.engine.support.hierarchical.NodeTestTask.lambda$executeRecursively$8(NodeTestTask.java:146) ~[junit-platform-engine-1.11.4.jar:1.11.4]
	at org.junit.platform.engine.support.hierarchical.Node.around(Node.java:137) ~[junit-platform-engine-1.11.4.jar:1.11.4]
	at org.junit.platform.engine.support.hierarchical.NodeTestTask.lambda$executeRecursively$9(NodeTestTask.java:144) ~[junit-platform-engine-1.11.4.jar:1.11.4]
	at org.junit.platform.engine.support.hierarchical.ThrowableCollector.execute(ThrowableCollector.java:73) ~[junit-platform-engine-1.11.4.jar:1.11.4]
	at org.junit.platform.engine.support.hierarchical.NodeTestTask.executeRecursively(NodeTestTask.java:143) ~[junit-platform-engine-1.11.4.jar:1.11.4]
	at org.junit.platform.engine.support.hierarchical.NodeTestTask.execute(NodeTestTask.java:100) ~[junit-platform-engine-1.11.4.jar:1.11.4]
	at org.junit.platform.engine.support.hierarchical.SameThreadHierarchicalTestExecutorService.submit(SameThreadHierarchicalTestExecutorService.java:35) ~[junit-platform-engine-1.11.4.jar:1.11.4]
	at org.junit.platform.engine.support.hierarchical.HierarchicalTestExecutor.execute(HierarchicalTestExecutor.java:57) ~[junit-platform-engine-1.11.4.jar:1.11.4]
	at org.junit.platform.engine.support.hierarchical.HierarchicalTestEngine.execute(HierarchicalTestEngine.java:54) ~[junit-platform-engine-1.11.4.jar:1.11.4]
	at org.junit.platform.launcher.core.EngineExecutionOrchestrator.execute(EngineExecutionOrchestrator.java:198) ~[junit-platform-launcher-1.11.4.jar:1.11.4]
	at org.junit.platform.launcher.core.EngineExecutionOrchestrator.execute(EngineExecutionOrchestrator.java:169) ~[junit-platform-launcher-1.11.4.jar:1.11.4]
	at org.junit.platform.launcher.core.EngineExecutionOrchestrator.execute(EngineExecutionOrchestrator.java:93) ~[junit-platform-launcher-1.11.4.jar:1.11.4]
	at org.junit.platform.launcher.core.EngineExecutionOrchestrator.lambda$execute$0(EngineExecutionOrchestrator.java:58) ~[junit-platform-launcher-1.11.4.jar:1.11.4]
	at org.junit.platform.launcher.core.EngineExecutionOrchestrator.withInterceptedStreams(EngineExecutionOrchestrator.java:141) ~[junit-platform-launcher-1.11.4.jar:1.11.4]
	at org.junit.platform.launcher.core.EngineExecutionOrchestrator.execute(EngineExecutionOrchestrator.java:57) ~[junit-platform-launcher-1.11.4.jar:1.11.4]
	at org.junit.platform.launcher.core.DefaultLauncher.execute(DefaultLauncher.java:103) ~[junit-platform-launcher-1.11.4.jar:1.11.4]
	at org.junit.platform.launcher.core.DefaultLauncher.execute(DefaultLauncher.java:85) ~[junit-platform-launcher-1.11.4.jar:1.11.4]
	at org.junit.platform.launcher.core.DelegatingLauncher.execute(DelegatingLauncher.java:47) ~[junit-platform-launcher-1.11.4.jar:1.11.4]
	at org.apache.maven.surefire.junitplatform.LazyLauncher.execute(LazyLauncher.java:56) ~[surefire-junit-platform-3.5.2.jar:3.5.2]
	at org.apache.maven.surefire.junitplatform.JUnitPlatformProvider.execute(JUnitPlatformProvider.java:184) ~[surefire-junit-platform-3.5.2.jar:3.5.2]
	at org.apache.maven.surefire.junitplatform.JUnitPlatformProvider.invokeAllTests(JUnitPlatformProvider.java:148) ~[surefire-junit-platform-3.5.2.jar:3.5.2]
	at org.apache.maven.surefire.junitplatform.JUnitPlatformProvider.invoke(JUnitPlatformProvider.java:122) ~[surefire-junit-platform-3.5.2.jar:3.5.2]
	at org.apache.maven.surefire.booter.ForkedBooter.runSuitesInProcess(ForkedBooter.java:385) ~[surefire-booter-3.5.2.jar:3.5.2]
	at org.apache.maven.surefire.booter.ForkedBooter.execute(ForkedBooter.java:162) ~[surefire-booter-3.5.2.jar:3.5.2]
	at org.apache.maven.surefire.booter.ForkedBooter.run(ForkedBooter.java:507) ~[surefire-booter-3.5.2.jar:3.5.2]
	at org.apache.maven.surefire.booter.ForkedBooter.main(ForkedBooter.java:495) ~[surefire-booter-3.5.2.jar:3.5.2]
Caused by: org.postgresql.util.PSQLException: FATAL: authentification par mot de passe ?chou?e pour l'utilisateur  ? postgres ?
	at org.postgresql.core.v3.ConnectionFactoryImpl.doAuthentication(ConnectionFactoryImpl.java:704) ~[postgresql-42.7.5.jar:42.7.5]
	at org.postgresql.core.v3.ConnectionFactoryImpl.tryConnect(ConnectionFactoryImpl.java:213) ~[postgresql-42.7.5.jar:42.7.5]
	at org.postgresql.core.v3.ConnectionFactoryImpl.openConnectionImpl(ConnectionFactoryImpl.java:268) ~[postgresql-42.7.5.jar:42.7.5]
	at org.postgresql.core.ConnectionFactory.openConnection(ConnectionFactory.java:54) ~[postgresql-42.7.5.jar:42.7.5]
	at org.postgresql.jdbc.PgConnection.<init>(PgConnection.java:273) ~[postgresql-42.7.5.jar:42.7.5]
	at org.postgresql.Driver.makeConnection(Driver.java:446) ~[postgresql-42.7.5.jar:42.7.5]
	at org.postgresql.Driver.connect(Driver.java:298) ~[postgresql-42.7.5.jar:42.7.5]
	at com.zaxxer.hikari.util.DriverDataSource.getConnection(DriverDataSource.java:137) ~[HikariCP-5.1.0.jar:na]
	at com.zaxxer.hikari.pool.PoolBase.newConnection(PoolBase.java:360) ~[HikariCP-5.1.0.jar:na]
	at com.zaxxer.hikari.pool.PoolBase.newPoolEntry(PoolBase.java:202) ~[HikariCP-5.1.0.jar:na]
	at com.zaxxer.hikari.pool.HikariPool.createPoolEntry(HikariPool.java:461) ~[HikariCP-5.1.0.jar:na]
	at com.zaxxer.hikari.pool.HikariPool.checkFailFast(HikariPool.java:550) ~[HikariCP-5.1.0.jar:na]
	at com.zaxxer.hikari.pool.HikariPool.<init>(HikariPool.java:98) ~[HikariCP-5.1.0.jar:na]
	at com.zaxxer.hikari.HikariDataSource.getConnection(HikariDataSource.java:111) ~[HikariCP-5.1.0.jar:na]
	at org.hibernate.engine.jdbc.connections.internal.DatasourceConnectionProviderImpl.getConnection(DatasourceConnectionProviderImpl.java:126) ~[hibernate-core-6.6.8.Final.jar:6.6.8.Final]
	at org.hibernate.engine.jdbc.env.internal.JdbcEnvironmentInitiator$ConnectionProviderJdbcConnectionAccess.obtainConnection(JdbcEnvironmentInitiator.java:467) ~[hibernate-core-6.6.8.Final.jar:6.6.8.Final]
	at org.hibernate.resource.transaction.backend.jdbc.internal.JdbcIsolationDelegate.delegateWork(JdbcIsolationDelegate.java:61) ~[hibernate-core-6.6.8.Final.jar:6.6.8.Final]
	... 115 common frames omitted

2026-03-09T13:03:30.657+01:00 ERROR 24624 --- [DeployFast] [           main] j.LocalContainerEntityManagerFactoryBean : Failed to initialize JPA EntityManagerFactory: Unable to create requested service [org.hibernate.engine.jdbc.env.spi.JdbcEnvironment] due to: Unable to determine Dialect without JDBC metadata (please set 'jakarta.persistence.jdbc.url' for common cases or 'hibernate.dialect' when a custom Dialect implementation must be provided)
2026-03-09T13:03:30.657+01:00  WARN 24624 --- [DeployFast] [           main] o.s.w.c.s.GenericWebApplicationContext   : Exception encountered during context initialization - cancelling refresh attempt: org.springframework.beans.factory.BeanCreationException: Error creating bean with name 'entityManagerFactory' defined in class path resource [org/springframework/boot/autoconfigure/orm/jpa/HibernateJpaConfiguration.class]: Unable to create requested service [org.hibernate.engine.jdbc.env.spi.JdbcEnvironment] due to: Unable to determine Dialect without JDBC metadata (please set 'jakarta.persistence.jdbc.url' for common cases or 'hibernate.dialect' when a custom Dialect implementation must be provided)



======================
======
CONDITIONS EVALUATION 
REPORT
======================
======


Positive matches:
-----------------

   
AopAutoConfiguration 
matched:
      - @ConditionalOn
Property (spring.aop.a
uto=true) matched 
(OnPropertyCondition)

   AopAutoConfiguratio
n.AspectJAutoProxyingC
onfiguration matched:
      - 
@ConditionalOnClass 
found required class '
org.aspectj.weaver.Adv
ice' 
(OnClassCondition)

   AopAutoConfiguratio
n.AspectJAutoProxyingC
onfiguration.CglibAuto
ProxyConfiguration 
matched:
      - @ConditionalOn
Property (spring.aop.p
roxy-target-class=true
) matched 
(OnPropertyCondition)

   ApplicationAvailabi
lityAutoConfiguration#
applicationAvailabilit
y matched:
      - @ConditionalOn
MissingBean (types: or
g.springframework.boot
.availability.Applicat
ionAvailability; 
SearchStrategy: all) 
did not find any 
beans 
(OnBeanCondition)

   DataSourceAutoConfi
guration matched:
      - 
@ConditionalOnClass 
found required 
classes 'javax.sql.Dat
aSource', 'org.springf
ramework.jdbc.datasour
ce.embedded.EmbeddedDa
tabaseType' 
(OnClassCondition)
      - @ConditionalOn
MissingBean (types: io
.r2dbc.spi.ConnectionF
actory; 
SearchStrategy: all) 
did not find any 
beans 
(OnBeanCondition)

   DataSourceAutoConfi
guration.PooledDataSou
rceConfiguration 
matched:
      - 
AnyNestedCondition 1 
matched 1 did not; 
NestedCondition on Dat
aSourceAutoConfigurati
on.PooledDataSourceCon
dition.PooledDataSourc
eAvailable 
PooledDataSource 
found supported 
DataSource; 
NestedCondition on Dat
aSourceAutoConfigurati
on.PooledDataSourceCon
dition.ExplicitType @C
onditionalOnProperty (
spring.datasource.type
) did not find 
property 'type' (DataS
ourceAutoConfiguration
.PooledDataSourceCondi
tion)
      - @ConditionalOn
MissingBean (types: ja
vax.sql.DataSource,jav
ax.sql.XADataSource; 
SearchStrategy: all) 
did not find any 
beans 
(OnBeanCondition)

   DataSourceAutoConfi
guration.PooledDataSou
rceConfiguration#jdbcC
onnectionDetails 
matched:
      - @ConditionalOn
MissingBean (types: or
g.springframework.boot
.autoconfigure.jdbc.Jd
bcConnectionDetails; 
SearchStrategy: all) 
did not find any 
beans 
(OnBeanCondition)

   DataSourceConfigura
tion.Hikari matched:
      - 
@ConditionalOnClass 
found required class '
com.zaxxer.hikari.Hika
riDataSource' 
(OnClassCondition)
      - @ConditionalOn
Property (spring.datas
ource.type=com.zaxxer.
hikari.HikariDataSourc
e) matched 
(OnPropertyCondition)
      - @ConditionalOn
MissingBean (types: 
javax.sql.DataSource; 
SearchStrategy: all) 
did not find any 
beans 
(OnBeanCondition)

   DataSourceInitializ
ationConfiguration 
matched:
      - 
@ConditionalOnClass 
found required class '
org.springframework.jd
bc.datasource.init.Dat
abasePopulator' 
(OnClassCondition)
      - @ConditionalOn
SingleCandidate 
(types: 
javax.sql.DataSource; 
SearchStrategy: all) 
found a single bean 
'dataSource'; @Conditi
onalOnMissingBean 
(types: org.springfram
ework.boot.autoconfigu
re.sql.init.SqlDataSou
rceScriptDatabaseIniti
alizer,org.springframe
work.boot.autoconfigur
e.sql.init.SqlR2dbcScr
iptDatabaseInitializer
; SearchStrategy: 
all) did not find any 
beans 
(OnBeanCondition)

   DataSourcePoolMetad
ataProvidersConfigurat
ion.HikariPoolDataSour
ceMetadataProviderConf
iguration matched:
      - 
@ConditionalOnClass 
found required class '
com.zaxxer.hikari.Hika
riDataSource' 
(OnClassCondition)

   DataSourceTransacti
onManagerAutoConfigura
tion matched:
      - 
@ConditionalOnClass 
found required 
classes 'javax.sql.Dat
aSource', 'org.springf
ramework.jdbc.core.Jdb
cTemplate', 'org.sprin
gframework.transaction
.TransactionManager' 
(OnClassCondition)

   DataSourceTransacti
onManagerAutoConfigura
tion.JdbcTransactionMa
nagerConfiguration 
matched:
      - @ConditionalOn
SingleCandidate 
(types: 
javax.sql.DataSource; 
SearchStrategy: all) 
found a single bean 
'dataSource' 
(OnBeanCondition)

   DispatcherServletAu
toConfiguration 
matched:
      - 
@ConditionalOnClass 
found required class '
org.springframework.we
b.servlet.DispatcherSe
rvlet' 
(OnClassCondition)
      - found 
'session' scope (OnWeb
ApplicationCondition)

   DispatcherServletAu
toConfiguration.Dispat
cherServletConfigurati
on matched:
      - 
@ConditionalOnClass 
found required class '
jakarta.servlet.Servle
tRegistration' 
(OnClassCondition)
      - Default 
DispatcherServlet did 
not find dispatcher 
servlet beans (Dispatc
herServletAutoConfigur
ation.DefaultDispatche
rServletCondition)

   DispatcherServletAu
toConfiguration.Dispat
cherServletRegistratio
nConfiguration 
matched:
      - 
@ConditionalOnClass 
found required class '
jakarta.servlet.Servle
tRegistration' 
(OnClassCondition)
      - 
DispatcherServlet 
Registration did not 
find servlet 
registration bean (Dis
patcherServletAutoConf
iguration.DispatcherSe
rvletRegistrationCondi
tion)

   DispatcherServletAu
toConfiguration.Dispat
cherServletRegistratio
nConfiguration#dispatc
herServletRegistration
 matched:
      - 
@ConditionalOnBean 
(names: 
dispatcherServlet 
types: org.springframe
work.web.servlet.Dispa
tcherServlet; 
SearchStrategy: all) 
found bean 
'dispatcherServlet' 
(OnBeanCondition)

   ErrorMvcAutoConfigu
ration matched:
      - 
@ConditionalOnClass 
found required 
classes 'jakarta.servl
et.Servlet', 'org.spri
ngframework.web.servle
t.DispatcherServlet' 
(OnClassCondition)
      - found 
'session' scope (OnWeb
ApplicationCondition)

   ErrorMvcAutoConfigu
ration#basicErrorContr
oller matched:
      - @ConditionalOn
MissingBean (types: or
g.springframework.boot
.web.servlet.error.Err
orController; 
SearchStrategy: 
current) did not find 
any beans 
(OnBeanCondition)

   ErrorMvcAutoConfigu
ration#errorAttributes
 matched:
      - @ConditionalOn
MissingBean (types: or
g.springframework.boot
.web.servlet.error.Err
orAttributes; 
SearchStrategy: 
current) did not find 
any beans 
(OnBeanCondition)

   ErrorMvcAutoConfigu
ration.DefaultErrorVie
wResolverConfiguration
#conventionErrorViewRe
solver matched:
      - 
@ConditionalOnBean 
(types: org.springfram
ework.web.servlet.Disp
atcherServlet; 
SearchStrategy: all) 
found bean 
'dispatcherServlet'; @
ConditionalOnMissingBe
an (types: org.springf
ramework.boot.autoconf
igure.web.servlet.erro
r.ErrorViewResolver; 
SearchStrategy: all) 
did not find any 
beans 
(OnBeanCondition)

   ErrorMvcAutoConfigu
ration.WhitelabelError
ViewConfiguration 
matched:
      - @ConditionalOn
Property (server.error
.whitelabel.enabled) 
matched 
(OnPropertyCondition)
      - ErrorTemplate 
Missing did not find 
error template view (E
rrorMvcAutoConfigurati
on.ErrorTemplateMissin
gCondition)

   ErrorMvcAutoConfigu
ration.WhitelabelError
ViewConfiguration#bean
NameViewResolver 
matched:
      - @ConditionalOn
MissingBean (types: or
g.springframework.web.
servlet.view.BeanNameV
iewResolver; 
SearchStrategy: all) 
did not find any 
beans 
(OnBeanCondition)

   ErrorMvcAutoConfigu
ration.WhitelabelError
ViewConfiguration#defa
ultErrorView matched:
      - @ConditionalOn
MissingBean (names: 
error; 
SearchStrategy: all) 
did not find any 
beans 
(OnBeanCondition)

   GenericCacheConfigu
ration matched:
      - Cache org.spri
ngframework.boot.autoc
onfigure.cache.Generic
CacheConfiguration 
automatic cache type 
(CacheCondition)

   HibernateJpaAutoCon
figuration matched:
      - 
@ConditionalOnClass 
found required 
classes 'org.springfra
mework.orm.jpa.LocalCo
ntainerEntityManagerFa
ctoryBean', 'jakarta.p
ersistence.EntityManag
er', 'org.hibernate.en
gine.spi.SessionImplem
entor' 
(OnClassCondition)

   HibernateJpaConfigu
ration matched:
      - @ConditionalOn
SingleCandidate 
(types: 
javax.sql.DataSource; 
SearchStrategy: all) 
found a single bean 
'dataSource' 
(OnBeanCondition)

   HttpClientAutoConfi
guration matched:
      - 
@ConditionalOnClass 
found required class '
org.springframework.ht
tp.client.ClientHttpRe
questFactory' 
(OnClassCondition)
      - 
NoneNestedConditions 
0 matched 1 did not; 
NestedCondition on Not
ReactiveWebApplication
Condition.ReactiveWebA
pplication did not 
find reactive web 
application classes (N
otReactiveWebApplicati
onCondition)

   HttpClientAutoConfi
guration#clientHttpReq
uestFactoryBuilder 
matched:
      - @ConditionalOn
MissingBean (types: or
g.springframework.boot
.http.client.ClientHtt
pRequestFactoryBuilder
; SearchStrategy: 
all) did not find any 
beans 
(OnBeanCondition)

   HttpClientAutoConfi
guration#clientHttpReq
uestFactorySettings 
matched:
      - @ConditionalOn
MissingBean (types: or
g.springframework.boot
.http.client.ClientHtt
pRequestFactorySetting
s; SearchStrategy: 
all) did not find any 
beans 
(OnBeanCondition)

   HttpEncodingAutoCon
figuration matched:
      - 
@ConditionalOnClass 
found required class '
org.springframework.we
b.filter.CharacterEnco
dingFilter' 
(OnClassCondition)
      - found 
'session' scope (OnWeb
ApplicationCondition)
      - @ConditionalOn
Property (server.servl
et.encoding.enabled) 
matched 
(OnPropertyCondition)

   HttpEncodingAutoCon
figuration#characterEn
codingFilter matched:
      - @ConditionalOn
MissingBean (types: or
g.springframework.web.
filter.CharacterEncodi
ngFilter; 
SearchStrategy: all) 
did not find any 
beans 
(OnBeanCondition)

   HttpMessageConverte
rsAutoConfiguration 
matched:
      - 
@ConditionalOnClass 
found required class '
org.springframework.ht
tp.converter.HttpMessa
geConverter' 
(OnClassCondition)
      - 
NoneNestedConditions 
0 matched 1 did not; 
NestedCondition on Htt
pMessageConvertersAuto
Configuration.NotReact
iveWebApplicationCondi
tion.ReactiveWebApplic
ation did not find 
reactive web 
application classes (H
ttpMessageConvertersAu
toConfiguration.NotRea
ctiveWebApplicationCon
dition)

   HttpMessageConverte
rsAutoConfiguration#me
ssageConverters 
matched:
      - @ConditionalOn
MissingBean (types: or
g.springframework.boot
.autoconfigure.http.Ht
tpMessageConverters; 
SearchStrategy: all) 
did not find any 
beans 
(OnBeanCondition)

   HttpMessageConverte
rsAutoConfiguration.St
ringHttpMessageConvert
erConfiguration 
matched:
      - 
@ConditionalOnClass 
found required class '
org.springframework.ht
tp.converter.StringHtt
pMessageConverter' 
(OnClassCondition)

   HttpMessageConverte
rsAutoConfiguration.St
ringHttpMessageConvert
erConfiguration#string
HttpMessageConverter 
matched:
      - @ConditionalOn
MissingBean (types: or
g.springframework.http
.converter.StringHttpM
essageConverter; 
SearchStrategy: all) 
did not find any 
beans 
(OnBeanCondition)

   JacksonAutoConfigur
ation matched:
      - 
@ConditionalOnClass 
found required class '
com.fasterxml.jackson.
databind.ObjectMapper'
 (OnClassCondition)

   JacksonAutoConfigur
ation.Jackson2ObjectMa
pperBuilderCustomizerC
onfiguration matched:
      - 
@ConditionalOnClass 
found required class '
org.springframework.ht
tp.converter.json.Jack
son2ObjectMapperBuilde
r' (OnClassCondition)

   JacksonAutoConfigur
ation.JacksonObjectMap
perBuilderConfiguratio
n matched:
      - 
@ConditionalOnClass 
found required class '
org.springframework.ht
tp.converter.json.Jack
son2ObjectMapperBuilde
r' (OnClassCondition)

   JacksonAutoConfigur
ation.JacksonObjectMap
perBuilderConfiguratio
n#jacksonObjectMapperB
uilder matched:
      - @ConditionalOn
MissingBean (types: or
g.springframework.http
.converter.json.Jackso
n2ObjectMapperBuilder;
 SearchStrategy: all) 
did not find any 
beans 
(OnBeanCondition)

   JacksonAutoConfigur
ation.JacksonObjectMap
perConfiguration 
matched:
      - 
@ConditionalOnClass 
found required class '
org.springframework.ht
tp.converter.json.Jack
son2ObjectMapperBuilde
r' (OnClassCondition)

   JacksonAutoConfigur
ation.JacksonObjectMap
perConfiguration#jacks
onObjectMapper 
matched:
      - @ConditionalOn
MissingBean (types: co
m.fasterxml.jackson.da
tabind.ObjectMapper; 
SearchStrategy: all) 
did not find any 
beans 
(OnBeanCondition)

   JacksonAutoConfigur
ation.ParameterNamesMo
duleConfiguration 
matched:
      - 
@ConditionalOnClass 
found required class '
com.fasterxml.jackson.
module.paramnames.Para
meterNamesModule' 
(OnClassCondition)

   JacksonAutoConfigur
ation.ParameterNamesMo
duleConfiguration#para
meterNamesModule 
matched:
      - @ConditionalOn
MissingBean (types: co
m.fasterxml.jackson.mo
dule.paramnames.Parame
terNamesModule; 
SearchStrategy: all) 
did not find any 
beans 
(OnBeanCondition)

   JacksonHttpMessageC
onvertersConfiguration
.MappingJackson2HttpMe
ssageConverterConfigur
ation matched:
      - 
@ConditionalOnClass 
found required class '
com.fasterxml.jackson.
databind.ObjectMapper'
 (OnClassCondition)
      - @ConditionalOn
Property (spring.mvc.c
onverters.preferred-js
on-mapper=jackson) 
matched 
(OnPropertyCondition)
      - 
@ConditionalOnBean 
(types: com.fasterxml.
jackson.databind.Objec
tMapper; 
SearchStrategy: all) 
found bean 
'jacksonObjectMapper' 
(OnBeanCondition)

   JacksonHttpMessageC
onvertersConfiguration
.MappingJackson2HttpMe
ssageConverterConfigur
ation#mappingJackson2H
ttpMessageConverter 
matched:
      - @ConditionalOn
MissingBean (types: or
g.springframework.http
.converter.json.Mappin
gJackson2HttpMessageCo
nverter ignored: org.s
pringframework.hateoas
.server.mvc.TypeConstr
ainedMappingJackson2Ht
tpMessageConverter,org
.springframework.data.
rest.webmvc.alps.AlpsJ
sonHttpMessageConverte
r; SearchStrategy: 
all) did not find any 
beans 
(OnBeanCondition)

   JdbcClientAutoConfi
guration matched:
      - @ConditionalOn
SingleCandidate 
(types: org.springfram
ework.jdbc.core.namedp
aram.NamedParameterJdb
cTemplate; 
SearchStrategy: all) 
found a single bean 'n
amedParameterJdbcTempl
ate'; @ConditionalOnMi
ssingBean (types: org.
springframework.jdbc.c
ore.simple.JdbcClient;
 SearchStrategy: all) 
did not find any 
beans 
(OnBeanCondition)

   JdbcTemplateAutoCon
figuration matched:
      - 
@ConditionalOnClass 
found required 
classes 'javax.sql.Dat
aSource', 'org.springf
ramework.jdbc.core.Jdb
cTemplate' 
(OnClassCondition)
      - @ConditionalOn
SingleCandidate 
(types: 
javax.sql.DataSource; 
SearchStrategy: all) 
found a single bean 
'dataSource' 
(OnBeanCondition)

   JdbcTemplateConfigu
ration matched:
      - @ConditionalOn
MissingBean (types: or
g.springframework.jdbc
.core.JdbcOperations; 
SearchStrategy: all) 
did not find any 
beans 
(OnBeanCondition)

   JpaBaseConfiguratio
n#entityManagerFactory
 matched:
      - @ConditionalOn
MissingBean (types: or
g.springframework.orm.
jpa.LocalContainerEnti
tyManagerFactoryBean,j
akarta.persistence.Ent
ityManagerFactory; 
SearchStrategy: all) 
did not find any 
beans 
(OnBeanCondition)

   JpaBaseConfiguratio
n#entityManagerFactory
Builder matched:
      - @ConditionalOn
MissingBean (types: or
g.springframework.boot
.orm.jpa.EntityManager
FactoryBuilder; 
SearchStrategy: all) 
did not find any 
beans 
(OnBeanCondition)

   JpaBaseConfiguratio
n#jpaVendorAdapter 
matched:
      - @ConditionalOn
MissingBean (types: or
g.springframework.orm.
jpa.JpaVendorAdapter; 
SearchStrategy: all) 
did not find any 
beans 
(OnBeanCondition)

   JpaBaseConfiguratio
n#transactionManager 
matched:
      - @ConditionalOn
MissingBean (types: or
g.springframework.tran
saction.TransactionMan
ager; SearchStrategy: 
all) did not find any 
beans 
(OnBeanCondition)

   JpaBaseConfiguratio
n.JpaWebConfiguration 
matched:
      - 
@ConditionalOnClass 
found required class '
org.springframework.we
b.servlet.config.annot
ation.WebMvcConfigurer
' (OnClassCondition)
      - found 
'session' scope (OnWeb
ApplicationCondition)
      - @ConditionalOn
Property (spring.jpa.o
pen-in-view=true) 
matched 
(OnPropertyCondition)
      - @ConditionalOn
MissingBean (types: or
g.springframework.orm.
jpa.support.OpenEntity
ManagerInViewIntercept
or,org.springframework
.orm.jpa.support.OpenE
ntityManagerInViewFilt
er; SearchStrategy: 
all) did not find any 
beans 
(OnBeanCondition)

   JpaBaseConfiguratio
n.PersistenceManagedTy
pesConfiguration 
matched:
      - @ConditionalOn
MissingBean (types: or
g.springframework.orm.
jpa.LocalContainerEnti
tyManagerFactoryBean,j
akarta.persistence.Ent
ityManagerFactory; 
SearchStrategy: all) 
did not find any 
beans 
(OnBeanCondition)

   JpaBaseConfiguratio
n.PersistenceManagedTy
pesConfiguration#persi
stenceManagedTypes 
matched:
      - @ConditionalOn
MissingBean (types: or
g.springframework.orm.
jpa.persistenceunit.Pe
rsistenceManagedTypes;
 SearchStrategy: all) 
did not find any 
beans 
(OnBeanCondition)

   JpaRepositoriesAuto
Configuration matched:
      - 
@ConditionalOnClass 
found required class '
org.springframework.da
ta.jpa.repository.JpaR
epository' 
(OnClassCondition)
      - @ConditionalOn
Property (spring.data.
jpa.repositories.enabl
ed=true) matched 
(OnPropertyCondition)
      - 
@ConditionalOnBean 
(types: 
javax.sql.DataSource; 
SearchStrategy: all) 
found bean 
'dataSource'; @Conditi
onalOnMissingBean 
(types: org.springfram
ework.data.jpa.reposit
ory.support.JpaReposit
oryFactoryBean,org.spr
ingframework.data.jpa.
repository.config.JpaR
epositoryConfigExtensi
on; SearchStrategy: 
all) did not find any 
beans 
(OnBeanCondition)

   
JtaAutoConfiguration 
matched:
      - 
@ConditionalOnClass 
found required class '
jakarta.transaction.Tr
ansaction' 
(OnClassCondition)
      - @ConditionalOn
Property 
(spring.jta.enabled) 
matched 
(OnPropertyCondition)

   LifecycleAutoConfig
uration#defaultLifecyc
leProcessor matched:
      - @ConditionalOn
MissingBean (names: 
lifecycleProcessor; 
SearchStrategy: 
current) did not find 
any beans 
(OnBeanCondition)

   MomentsAutoConfigur
ation matched:
      - @ConditionalOn
Property (spring.modul
ith.moments.enabled=tr
ue) matched 
(OnPropertyCondition)

   MomentsAutoConfigur
ation#moments matched:
      - @ConditionalOn
Property (spring.modul
ith.moments.enable-tim
e-machine=false) 
matched 
(OnPropertyCondition)

   MultipartAutoConfig
uration matched:
      - 
@ConditionalOnClass 
found required 
classes 'jakarta.servl
et.Servlet', 'org.spri
ngframework.web.multip
art.support.StandardSe
rvletMultipartResolver
', 'jakarta.servlet.Mu
ltipartConfigElement' 
(OnClassCondition)
      - found 
'session' scope (OnWeb
ApplicationCondition)
      - @ConditionalOn
Property (spring.servl
et.multipart.enabled) 
matched 
(OnPropertyCondition)

   MultipartAutoConfig
uration#multipartConfi
gElement matched:
      - @ConditionalOn
MissingBean (types: ja
karta.servlet.Multipar
tConfigElement; 
SearchStrategy: all) 
did not find any 
beans 
(OnBeanCondition)

   MultipartAutoConfig
uration#multipartResol
ver matched:
      - @ConditionalOn
MissingBean (types: or
g.springframework.web.
multipart.MultipartRes
olver; 
SearchStrategy: all) 
did not find any 
beans 
(OnBeanCondition)

   NamedParameterJdbcT
emplateConfiguration 
matched:
      - @ConditionalOn
SingleCandidate 
(types: org.springfram
ework.jdbc.core.JdbcTe
mplate; 
SearchStrategy: all) 
found a single bean 
'jdbcTemplate'; @Condi
tionalOnMissingBean 
(types: org.springfram
ework.jdbc.core.namedp
aram.NamedParameterJdb
cOperations; 
SearchStrategy: all) 
did not find any 
beans 
(OnBeanCondition)

   NoOpCacheConfigurat
ion matched:
      - Cache org.spri
ngframework.boot.autoc
onfigure.cache.NoOpCac
heConfiguration 
automatic cache type 
(CacheCondition)

   PersistenceExceptio
nTranslationAutoConfig
uration matched:
      - 
@ConditionalOnClass 
found required class '
org.springframework.da
o.annotation.Persisten
ceExceptionTranslation
PostProcessor' 
(OnClassCondition)

   PersistenceExceptio
nTranslationAutoConfig
uration#persistenceExc
eptionTranslationPostP
rocessor matched:
      - @ConditionalOn
Property (spring.dao.e
xceptiontranslation.en
abled) matched 
(OnPropertyCondition)
      - @ConditionalOn
MissingBean (types: or
g.springframework.dao.
annotation.Persistence
ExceptionTranslationPo
stProcessor; 
SearchStrategy: all) 
did not find any 
beans 
(OnBeanCondition)

   PropertyPlaceholder
AutoConfiguration#prop
ertySourcesPlaceholder
Configurer matched:
      - @ConditionalOn
MissingBean (types: or
g.springframework.cont
ext.support.PropertySo
urcesPlaceholderConfig
urer; SearchStrategy: 
current) did not find 
any beans 
(OnBeanCondition)

   RestClientAutoConfi
guration matched:
      - 
@ConditionalOnClass 
found required class '
org.springframework.we
b.client.RestClient' 
(OnClassCondition)
      - 
NoneNestedConditions 
0 matched 1 did not; 
NestedCondition on Not
ReactiveWebApplication
Condition.ReactiveWebA
pplication did not 
find reactive web 
application classes (N
otReactiveWebApplicati
onCondition)

   RestClientAutoConfi
guration#httpMessageCo
nvertersRestClientCust
omizer matched:
      - @ConditionalOn
MissingBean (types: or
g.springframework.boot
.autoconfigure.web.cli
ent.HttpMessageConvert
ersRestClientCustomize
r; SearchStrategy: 
all) did not find any 
beans 
(OnBeanCondition)

   RestClientAutoConfi
guration#restClientBui
lder matched:
      - @ConditionalOn
MissingBean (types: or
g.springframework.web.
client.RestClient$Buil
der; SearchStrategy: 
all) did not find any 
beans 
(OnBeanCondition)

   RestClientAutoConfi
guration#restClientBui
lderConfigurer 
matched:
      - @ConditionalOn
MissingBean (types: or
g.springframework.boot
.autoconfigure.web.cli
ent.RestClientBuilderC
onfigurer; 
SearchStrategy: all) 
did not find any 
beans 
(OnBeanCondition)

   RestClientAutoConfi
guration#restClientSsl
 matched:
      - 
@ConditionalOnBean 
(types: org.springfram
ework.boot.ssl.SslBund
les; SearchStrategy: 
all) found bean 
'sslBundleRegistry'; @
ConditionalOnMissingBe
an (types: org.springf
ramework.boot.autoconf
igure.web.client.RestC
lientSsl; 
SearchStrategy: all) 
did not find any 
beans 
(OnBeanCondition)

   RestTemplateAutoCon
figuration matched:
      - 
@ConditionalOnClass 
found required class '
org.springframework.we
b.client.RestTemplate'
 (OnClassCondition)
      - 
NoneNestedConditions 
0 matched 1 did not; 
NestedCondition on Not
ReactiveWebApplication
Condition.ReactiveWebA
pplication did not 
find reactive web 
application classes (N
otReactiveWebApplicati
onCondition)

   RestTemplateAutoCon
figuration#restTemplat
eBuilder matched:
      - @ConditionalOn
MissingBean (types: or
g.springframework.boot
.web.client.RestTempla
teBuilder; 
SearchStrategy: all) 
did not find any 
beans 
(OnBeanCondition)

   SecurityAutoConfigu
ration matched:
      - 
@ConditionalOnClass 
found required class '
org.springframework.se
curity.authentication.
DefaultAuthenticationE
ventPublisher' 
(OnClassCondition)

   SecurityAutoConfigu
ration#authenticationE
ventPublisher matched:
      - @ConditionalOn
MissingBean (types: or
g.springframework.secu
rity.authentication.Au
thenticationEventPubli
sher; SearchStrategy: 
all) did not find any 
beans 
(OnBeanCondition)

   SecurityFilterAutoC
onfiguration matched:
      - 
@ConditionalOnClass 
found required 
classes 'org.springfra
mework.security.web.co
ntext.AbstractSecurity
WebApplicationInitiali
zer', 'org.springframe
work.security.config.h
ttp.SessionCreationPol
icy' 
(OnClassCondition)
      - found 
'session' scope (OnWeb
ApplicationCondition)

   SecurityFilterAutoC
onfiguration#securityF
ilterChainRegistration
 matched:
      - 
@ConditionalOnBean 
(names: springSecurity
FilterChain; 
SearchStrategy: all) 
found bean 'springSecu
rityFilterChain' 
(OnBeanCondition)

   ServletWebServerFac
toryAutoConfiguration 
matched:
      - 
@ConditionalOnClass 
found required class '
jakarta.servlet.Servle
tRequest' 
(OnClassCondition)
      - found 
'session' scope (OnWeb
ApplicationCondition)

   ServletWebServerFac
toryAutoConfiguration#
tomcatServletWebServer
FactoryCustomizer 
matched:
      - 
@ConditionalOnClass 
found required class '
org.apache.catalina.st
artup.Tomcat' 
(OnClassCondition)

   ServletWebServerFac
toryConfiguration.Embe
ddedTomcat matched:
      - 
@ConditionalOnClass 
found required 
classes 'jakarta.servl
et.Servlet', 'org.apac
he.catalina.startup.To
mcat', 'org.apache.coy
ote.UpgradeProtocol' 
(OnClassCondition)
      - @ConditionalOn
MissingBean (types: or
g.springframework.boot
.web.servlet.server.Se
rvletWebServerFactory;
 SearchStrategy: 
current) did not find 
any beans 
(OnBeanCondition)

   SimpleCacheConfigur
ation matched:
      - Cache org.spri
ngframework.boot.autoc
onfigure.cache.SimpleC
acheConfiguration 
automatic cache type 
(CacheCondition)

   SpringBootWebSecuri
tyConfiguration 
matched:
      - found 
'session' scope (OnWeb
ApplicationCondition)

   SpringDataWebAutoCo
nfiguration matched:
      - 
@ConditionalOnClass 
found required 
classes 'org.springfra
mework.data.web.Pageab
leHandlerMethodArgumen
tResolver', 'org.sprin
gframework.web.servlet
.config.annotation.Web
MvcConfigurer' 
(OnClassCondition)
      - found 
'session' scope (OnWeb
ApplicationCondition)
      - @ConditionalOn
MissingBean (types: or
g.springframework.data
.web.PageableHandlerMe
thodArgumentResolver; 
SearchStrategy: all) 
did not find any 
beans 
(OnBeanCondition)

   SpringDataWebAutoCo
nfiguration#pageableCu
stomizer matched:
      - @ConditionalOn
MissingBean (types: or
g.springframework.data
.web.config.PageableHa
ndlerMethodArgumentRes
olverCustomizer; 
SearchStrategy: all) 
did not find any 
beans 
(OnBeanCondition)

   SpringDataWebAutoCo
nfiguration#sortCustom
izer matched:
      - @ConditionalOn
MissingBean (types: or
g.springframework.data
.web.config.SortHandle
rMethodArgumentResolve
rCustomizer; 
SearchStrategy: all) 
did not find any 
beans 
(OnBeanCondition)

   SpringDataWebAutoCo
nfiguration#springData
WebSettings matched:
      - @ConditionalOn
MissingBean (types: or
g.springframework.data
.web.config.SpringData
WebSettings; 
SearchStrategy: all) 
did not find any 
beans 
(OnBeanCondition)

   SqlInitializationAu
toConfiguration 
matched:
      - @ConditionalOn
Property (spring.sql.i
nit.enabled) matched 
(OnPropertyCondition)
      - 
NoneNestedConditions 
0 matched 1 did not; 
NestedCondition on Sql
InitializationAutoConf
iguration.SqlInitializ
ationModeCondition.Mod
eIsNever @ConditionalO
nProperty (spring.sql.
init.mode=never) did 
not find property 
'mode' (SqlInitializat
ionAutoConfiguration.S
qlInitializationModeCo
ndition)

   SslAutoConfiguratio
n#sslBundleRegistry 
matched:
      - @ConditionalOn
MissingBean (types: or
g.springframework.boot
.ssl.SslBundleRegistry
,org.springframework.b
oot.ssl.SslBundles; 
SearchStrategy: all) 
did not find any 
beans 
(OnBeanCondition)

   TaskExecutionAutoCo
nfiguration matched:
      - 
@ConditionalOnClass 
found required class '
org.springframework.sc
heduling.concurrent.Th
readPoolTaskExecutor' 
(OnClassCondition)

   TaskExecutorConfigu
rations.SimpleAsyncTas
kExecutorBuilderConfig
uration#simpleAsyncTas
kExecutorBuilder 
matched:
      - @ConditionalOn
MissingBean (types: or
g.springframework.boot
.task.SimpleAsyncTaskE
xecutorBuilder; 
SearchStrategy: all) 
did not find any 
beans 
(OnBeanCondition)
      - @ConditionalOn
Threading found 
PLATFORM 
(OnThreadingCondition)

   TaskExecutorConfigu
rations.TaskExecutorCo
nfiguration matched:
      - @ConditionalOn
MissingBean (types: ja
va.util.concurrent.Exe
cutor; 
SearchStrategy: all) 
did not find any 
beans 
(OnBeanCondition)

   TaskExecutorConfigu
rations.TaskExecutorCo
nfiguration#applicatio
nTaskExecutor matched:
      - @ConditionalOn
Threading found 
PLATFORM 
(OnThreadingCondition)

   TaskExecutorConfigu
rations.ThreadPoolTask
ExecutorBuilderConfigu
ration#threadPoolTaskE
xecutorBuilder 
matched:
      - @ConditionalOn
MissingBean (types: or
g.springframework.boot
.task.ThreadPoolTaskEx
ecutorBuilder; 
SearchStrategy: all) 
did not find any 
beans 
(OnBeanCondition)

   TaskSchedulingAutoC
onfiguration matched:
      - 
@ConditionalOnClass 
found required class '
org.springframework.sc
heduling.concurrent.Th
readPoolTaskScheduler'
 (OnClassCondition)

   TaskSchedulingConfi
gurations.SimpleAsyncT
askSchedulerBuilderCon
figuration#simpleAsync
TaskSchedulerBuilder 
matched:
      - @ConditionalOn
MissingBean (types: or
g.springframework.boot
.task.SimpleAsyncTaskS
chedulerBuilder; 
SearchStrategy: all) 
did not find any 
beans 
(OnBeanCondition)
      - @ConditionalOn
Threading found 
PLATFORM 
(OnThreadingCondition)

   TaskSchedulingConfi
gurations.ThreadPoolTa
skSchedulerBuilderConf
iguration#threadPoolTa
skSchedulerBuilder 
matched:
      - @ConditionalOn
MissingBean (types: or
g.springframework.boot
.task.ThreadPoolTaskSc
hedulerBuilder; 
SearchStrategy: all) 
did not find any 
beans 
(OnBeanCondition)

   TransactionAutoConf
iguration matched:
      - 
@ConditionalOnClass 
found required class '
org.springframework.tr
ansaction.PlatformTran
sactionManager' 
(OnClassCondition)

   TransactionAutoConf
iguration.EnableTransa
ctionManagementConfigu
ration matched:
      - 
@ConditionalOnBean 
(types: org.springfram
ework.transaction.Tran
sactionManager; 
SearchStrategy: all) 
found bean 
'transactionManager'; 
@ConditionalOnMissingB
ean (types: org.spring
framework.transaction.
annotation.AbstractTra
nsactionManagementConf
iguration; 
SearchStrategy: all) 
did not find any 
beans 
(OnBeanCondition)

   TransactionAutoConf
iguration.EnableTransa
ctionManagementConfigu
ration.CglibAutoProxyC
onfiguration matched:
      - @ConditionalOn
Property (spring.aop.p
roxy-target-class=true
) matched 
(OnPropertyCondition)

   TransactionAutoConf
iguration.TransactionT
emplateConfiguration 
matched:
      - @ConditionalOn
SingleCandidate 
(types: org.springfram
ework.transaction.Plat
formTransactionManager
; SearchStrategy: 
all) found a single 
bean 
'transactionManager' 
(OnBeanCondition)

   TransactionAutoConf
iguration.TransactionT
emplateConfiguration#t
ransactionTemplate 
matched:
      - @ConditionalOn
MissingBean (types: or
g.springframework.tran
saction.support.Transa
ctionOperations; 
SearchStrategy: all) 
did not find any 
beans 
(OnBeanCondition)

   TransactionManagerC
ustomizationAutoConfig
uration matched:
      - 
@ConditionalOnClass 
found required class '
org.springframework.tr
ansaction.PlatformTran
sactionManager' 
(OnClassCondition)

   TransactionManagerC
ustomizationAutoConfig
uration#platformTransa
ctionManagerCustomizer
s matched:
      - @ConditionalOn
MissingBean (types: or
g.springframework.boot
.autoconfigure.transac
tion.TransactionManage
rCustomizers; 
SearchStrategy: all) 
did not find any 
beans 
(OnBeanCondition)

   ValidationAutoConfi
guration matched:
      - 
@ConditionalOnClass 
found required class '
jakarta.validation.exe
cutable.ExecutableVali
dator' 
(OnClassCondition)
      - @ConditionalOn
Resource found 
location classpath:MET
A-INF/services/jakarta
.validation.spi.Valida
tionProvider 
(OnResourceCondition)

   ValidationAutoConfi
guration#defaultValida
tor matched:
      - @ConditionalOn
MissingBean (types: ja
karta.validation.Valid
ator; SearchStrategy: 
all) did not find any 
beans 
(OnBeanCondition)

   ValidationAutoConfi
guration#methodValidat
ionPostProcessor 
matched:
      - @ConditionalOn
MissingBean (types: or
g.springframework.vali
dation.beanvalidation.
MethodValidationPostPr
ocessor; 
SearchStrategy: 
current) did not find 
any beans 
(OnBeanCondition)

   WebMvcAutoConfigura
tion matched:
      - 
@ConditionalOnClass 
found required 
classes 'jakarta.servl
et.Servlet', 'org.spri
ngframework.web.servle
t.DispatcherServlet', 
'org.springframework.w
eb.servlet.config.anno
tation.WebMvcConfigure
r' (OnClassCondition)
      - found 
'session' scope (OnWeb
ApplicationCondition)
      - @ConditionalOn
MissingBean (types: or
g.springframework.web.
servlet.config.annotat
ion.WebMvcConfiguratio
nSupport; 
SearchStrategy: all) 
did not find any 
beans 
(OnBeanCondition)

   WebMvcAutoConfigura
tion#formContentFilter
 matched:
      - @ConditionalOn
Property (spring.mvc.f
ormcontent.filter.enab
led) matched 
(OnPropertyCondition)
      - @ConditionalOn
MissingBean (types: or
g.springframework.web.
filter.FormContentFilt
er; SearchStrategy: 
all) did not find any 
beans 
(OnBeanCondition)

   WebMvcAutoConfigura
tion.EnableWebMvcConfi
guration#flashMapManag
er matched:
      - @ConditionalOn
MissingBean (names: 
flashMapManager; 
SearchStrategy: all) 
did not find any 
beans 
(OnBeanCondition)

   WebMvcAutoConfigura
tion.EnableWebMvcConfi
guration#localeResolve
r matched:
      - @ConditionalOn
MissingBean (names: 
localeResolver; 
SearchStrategy: all) 
did not find any 
beans 
(OnBeanCondition)

   WebMvcAutoConfigura
tion.EnableWebMvcConfi
guration#themeResolver
 matched:
      - @ConditionalOn
MissingBean (names: 
themeResolver; 
SearchStrategy: all) 
did not find any 
beans 
(OnBeanCondition)

   WebMvcAutoConfigura
tion.EnableWebMvcConfi
guration#viewNameTrans
lator matched:
      - @ConditionalOn
MissingBean (names: 
viewNameTranslator; 
SearchStrategy: all) 
did not find any 
beans 
(OnBeanCondition)

   WebMvcAutoConfigura
tion.WebMvcAutoConfigu
rationAdapter#defaultV
iewResolver matched:
      - @ConditionalOn
MissingBean (types: or
g.springframework.web.
servlet.view.InternalR
esourceViewResolver; 
SearchStrategy: all) 
did not find any 
beans 
(OnBeanCondition)

   WebMvcAutoConfigura
tion.WebMvcAutoConfigu
rationAdapter#requestC
ontextFilter matched:
      - @ConditionalOn
MissingBean (types: or
g.springframework.web.
context.request.Reques
tContextListener,org.s
pringframework.web.fil
ter.RequestContextFilt
er; SearchStrategy: 
all) did not find any 
beans 
(OnBeanCondition)

   WebMvcAutoConfigura
tion.WebMvcAutoConfigu
rationAdapter#viewReso
lver matched:
      - 
@ConditionalOnBean 
(types: org.springfram
ework.web.servlet.View
Resolver; 
SearchStrategy: all) 
found beans 'defaultVi
ewResolver', 'beanName
ViewResolver', 
'mvcViewResolver'; @Co
nditionalOnMissingBean
 (names: viewResolver 
types: org.springframe
work.web.servlet.view.
ContentNegotiatingView
Resolver; 
SearchStrategy: all) 
did not find any 
beans 
(OnBeanCondition)

   WebSocketServletAut
oConfiguration 
matched:
      - 
@ConditionalOnClass 
found required 
classes 'jakarta.servl
et.Servlet', 'jakarta.
websocket.server.Serve
rContainer' 
(OnClassCondition)
      - found 
'session' scope (OnWeb
ApplicationCondition)

   WebSocketServletAut
oConfiguration.TomcatW
ebSocketConfiguration 
matched:
      - 
@ConditionalOnClass 
found required 
classes 'org.apache.ca
talina.startup.Tomcat'
, 'org.apache.tomcat.w
ebsocket.server.WsSci'
 (OnClassCondition)

   WebSocketServletAut
oConfiguration.TomcatW
ebSocketConfiguration#
websocketServletWebSer
verCustomizer matched:
      - @ConditionalOn
MissingBean (names: we
bsocketServletWebServe
rCustomizer; 
SearchStrategy: all) 
did not find any 
beans 
(OnBeanCondition)


Negative matches:
-----------------

   ActiveMQAutoConfigu
ration:
      Did not match:
         - 
@ConditionalOnClass 
did not find required 
class 'jakarta.jms.Con
nectionFactory' 
(OnClassCondition)

   AopAutoConfiguratio
n.AspectJAutoProxyingC
onfiguration.JdkDynami
cAutoProxyConfiguratio
n:
      Did not match:
         - @Conditiona
lOnProperty (spring.ao
p.proxy-target-class=f
alse) did not find 
property 
'proxy-target-class' 
(OnPropertyCondition)

   AopAutoConfiguratio
n.ClassProxyingConfigu
ration:
      Did not match:
         - @Conditiona
lOnMissingClass found 
unwanted class 'org.as
pectj.weaver.Advice' 
(OnClassCondition)

   ArtemisAutoConfigur
ation:
      Did not match:
         - 
@ConditionalOnClass 
did not find required 
class 'jakarta.jms.Con
nectionFactory' 
(OnClassCondition)

   BatchAutoConfigurat
ion:
      Did not match:
         - 
@ConditionalOnClass 
did not find required 
class 'org.springframe
work.batch.core.launch
.JobLauncher' 
(OnClassCondition)

   Cache2kCacheConfigu
ration:
      Did not match:
         - 
@ConditionalOnClass 
did not find required 
class 'org.cache2k.Cac
he2kBuilder' 
(OnClassCondition)

   CacheAutoConfigurat
ion:
      Did not match:
         - 
@ConditionalOnBean 
(types: org.springfram
ework.cache.intercepto
r.CacheAspectSupport; 
SearchStrategy: all) 
did not find any 
beans of type org.spri
ngframework.cache.inte
rceptor.CacheAspectSup
port (OnBeanCondition)
      Matched:
         - 
@ConditionalOnClass 
found required class '
org.springframework.ca
che.CacheManager' 
(OnClassCondition)

   CacheAutoConfigurat
ion.CacheManagerEntity
ManagerFactoryDependsO
nPostProcessor:
      Did not match:
         - Ancestor or
g.springframework.boot
.autoconfigure.cache.C
acheAutoConfiguration 
did not match (Conditi
onEvaluationReport.Anc
estorsMatchedCondition
)
      Matched:
         - 
@ConditionalOnClass 
found required class '
org.springframework.or
m.jpa.LocalContainerEn
tityManagerFactoryBean
' (OnClassCondition)

   CaffeineCacheConfig
uration:
      Did not match:
         - 
@ConditionalOnClass 
did not find required 
class 'com.github.benm
anes.caffeine.cache.Ca
ffeine' 
(OnClassCondition)

   CassandraAutoConfig
uration:
      Did not match:
         - 
@ConditionalOnClass 
did not find required 
class 'com.datastax.os
s.driver.api.core.CqlS
ession' 
(OnClassCondition)

   CassandraDataAutoCo
nfiguration:
      Did not match:
         - 
@ConditionalOnClass 
did not find required 
class 'com.datastax.os
s.driver.api.core.CqlS
ession' 
(OnClassCondition)

   CassandraReactiveDa
taAutoConfiguration:
      Did not match:
         - 
@ConditionalOnClass 
did not find required 
class 'com.datastax.os
s.driver.api.core.CqlS
ession' 
(OnClassCondition)

   CassandraReactiveRe
positoriesAutoConfigur
ation:
      Did not match:
         - 
@ConditionalOnClass 
did not find required 
class 'org.springframe
work.data.cassandra.Re
activeSession' 
(OnClassCondition)

   CassandraRepositori
esAutoConfiguration:
      Did not match:
         - 
@ConditionalOnClass 
did not find required 
class 'com.datastax.os
s.driver.api.core.CqlS
ession' 
(OnClassCondition)

   ClientHttpConnector
AutoConfiguration:
      Did not match:
         - 
@ConditionalOnClass 
did not find required 
class 'org.springframe
work.web.reactive.func
tion.client.WebClient'
 (OnClassCondition)

   CodecsAutoConfigura
tion:
      Did not match:
         - 
@ConditionalOnClass 
did not find required 
class 'org.springframe
work.web.reactive.func
tion.client.WebClient'
 (OnClassCondition)

   CouchbaseAutoConfig
uration:
      Did not match:
         - 
@ConditionalOnClass 
did not find required 
class 'com.couchbase.c
lient.java.Cluster' 
(OnClassCondition)

   CouchbaseCacheConfi
guration:
      Did not match:
         - 
@ConditionalOnClass 
did not find required 
class 'com.couchbase.c
lient.java.Cluster' 
(OnClassCondition)

   CouchbaseDataAutoCo
nfiguration:
      Did not match:
         - 
@ConditionalOnClass 
did not find required 
class 'com.couchbase.c
lient.java.Bucket' 
(OnClassCondition)

   CouchbaseReactiveDa
taAutoConfiguration:
      Did not match:
         - 
@ConditionalOnClass 
did not find required 
class 'com.couchbase.c
lient.java.Cluster' 
(OnClassCondition)

   CouchbaseReactiveRe
positoriesAutoConfigur
ation:
      Did not match:
         - 
@ConditionalOnClass 
did not find required 
class 'com.couchbase.c
lient.java.Cluster' 
(OnClassCondition)

   CouchbaseRepositori
esAutoConfiguration:
      Did not match:
         - 
@ConditionalOnClass 
did not find required 
class 'com.couchbase.c
lient.java.Bucket' 
(OnClassCondition)

   DataSourceAutoConfi
guration.EmbeddedDatab
aseConfiguration:
      Did not match:
         - 
EmbeddedDataSource 
spring.datasource.url 
is set (DataSourceAuto
Configuration.Embedded
DatabaseCondition)

   DataSourceCheckpoin
tRestoreConfiguration:
      Did not match:
         - 
@ConditionalOnClass 
did not find required 
class 
'org.crac.Resource' 
(OnClassCondition)

   DataSourceConfigura
tion.Dbcp2:
      Did not match:
         - 
@ConditionalOnClass 
did not find required 
class 'org.apache.comm
ons.dbcp2.BasicDataSou
rce' 
(OnClassCondition)

   DataSourceConfigura
tion.Generic:
      Did not match:
         - @Conditiona
lOnProperty (spring.da
tasource.type) did 
not find property 'spr
ing.datasource.type' 
(OnPropertyCondition)

   DataSourceConfigura
tion.OracleUcp:
      Did not match:
         - 
@ConditionalOnClass 
did not find required 
classes 'oracle.ucp.jd
bc.PoolDataSourceImpl'
, 'oracle.jdbc.OracleC
onnection' 
(OnClassCondition)

   DataSourceConfigura
tion.Tomcat:
      Did not match:
         - 
@ConditionalOnClass 
did not find required 
class 'org.apache.tomc
at.jdbc.pool.DataSourc
e' (OnClassCondition)

   DataSourceJmxConfig
uration:
      Did not match:
         - @Conditiona
lOnProperty (spring.jm
x.enabled=true) found 
different value in 
property 'enabled' 
(OnPropertyCondition)

   DataSourcePoolMetad
ataProvidersConfigurat
ion.CommonsDbcp2PoolDa
taSourceMetadataProvid
erConfiguration:
      Did not match:
         - 
@ConditionalOnClass 
did not find required 
class 'org.apache.comm
ons.dbcp2.BasicDataSou
rce' 
(OnClassCondition)

   DataSourcePoolMetad
ataProvidersConfigurat
ion.OracleUcpPoolDataS
ourceMetadataProviderC
onfiguration:
      Did not match:
         - 
@ConditionalOnClass 
did not find required 
classes 'oracle.ucp.jd
bc.PoolDataSource', 'o
racle.jdbc.OracleConne
ction' 
(OnClassCondition)

   DataSourcePoolMetad
ataProvidersConfigurat
ion.TomcatDataSourcePo
olMetadataProviderConf
iguration:
      Did not match:
         - 
@ConditionalOnClass 
did not find required 
class 'org.apache.tomc
at.jdbc.pool.DataSourc
e' (OnClassCondition)

   DataSourceTransacti
onManagerAutoConfigura
tion.JdbcTransactionMa
nagerConfiguration#tra
nsactionManager:
      Did not match:
         - @Conditiona
lOnMissingBean 
(types: org.springfram
ework.transaction.Tran
sactionManager; 
SearchStrategy: all) 
found beans of type 'o
rg.springframework.tra
nsaction.TransactionMa
nager' 
transactionManager 
(OnBeanCondition)

   DevToolsDataSourceA
utoConfiguration:
      Did not match:
         - Devtools 
devtools is disabled 
for current context. (
OnEnabledDevToolsCondi
tion)
      Matched:
         - 
@ConditionalOnClass 
found required class '
javax.sql.DataSource' 
(OnClassCondition)

   DevToolsR2dbcAutoCo
nfiguration:
      Did not match:
         - 
@ConditionalOnClass 
did not find required 
class 'io.r2dbc.spi.Co
nnectionFactory' 
(OnClassCondition)

   DispatcherServletAu
toConfiguration.Dispat
cherServletConfigurati
on#multipartResolver:
      Did not match:
         - 
@ConditionalOnBean 
(types: org.springfram
ework.web.multipart.Mu
ltipartResolver; 
SearchStrategy: all) 
did not find any 
beans of type org.spri
ngframework.web.multip
art.MultipartResolver 
(OnBeanCondition)

   ElasticsearchClient
AutoConfiguration:
      Did not match:
         - 
@ConditionalOnClass 
did not find required 
class 'co.elastic.clie
nts.elasticsearch.Elas
ticsearchClient' 
(OnClassCondition)

   ElasticsearchDataAu
toConfiguration:
      Did not match:
         - 
@ConditionalOnClass 
did not find required 
class 'org.springframe
work.data.elasticsearc
h.client.elc.Elasticse
archTemplate' 
(OnClassCondition)

   ElasticsearchReposi
toriesAutoConfiguratio
n:
      Did not match:
         - 
@ConditionalOnClass 
did not find required 
class 'org.springframe
work.data.elasticsearc
h.repository.Elasticse
archRepository' 
(OnClassCondition)

   ElasticsearchRestCl
ientAutoConfiguration:
      Did not match:
         - 
@ConditionalOnClass 
did not find required 
class 'org.elasticsear
ch.client.RestClientBu
ilder' 
(OnClassCondition)

   EmbeddedLdapAutoCon
figuration:
      Did not match:
         - 
@ConditionalOnClass 
did not find required 
class 'com.unboundid.l
dap.listener.InMemoryD
irectoryServer' 
(OnClassCondition)

   EmbeddedWebServerFa
ctoryCustomizerAutoCon
figuration:
      Did not match:
         - 
Application is 
deployed as a WAR 
file. (OnWarDeployment
Condition)
      Matched:
         - @Conditiona
lOnWebApplication 
(required) found 
'session' scope (OnWeb
ApplicationCondition)

   ErrorWebFluxAutoCon
figuration:
      Did not match:
         - 
@ConditionalOnClass 
did not find required 
class 'org.springframe
work.web.reactive.conf
ig.WebFluxConfigurer' 
(OnClassCondition)

   FlywayAutoConfigura
tion:
      Did not match:
         - 
@ConditionalOnClass 
did not find required 
class 'org.flywaydb.co
re.Flyway' 
(OnClassCondition)

   FreeMarkerAutoConfi
guration:
      Did not match:
         - 
@ConditionalOnClass 
did not find required 
class 'freemarker.temp
late.Configuration' 
(OnClassCondition)

   GraphQlAutoConfigur
ation:
      Did not match:
         - 
@ConditionalOnClass 
did not find required 
class 
'graphql.GraphQL' 
(OnClassCondition)

   GraphQlQueryByExamp
leAutoConfiguration:
      Did not match:
         - 
@ConditionalOnClass 
did not find required 
class 
'graphql.GraphQL' 
(OnClassCondition)

   GraphQlQuerydslAuto
Configuration:
      Did not match:
         - 
@ConditionalOnClass 
did not find required 
class 'com.querydsl.co
re.Query' 
(OnClassCondition)

   GraphQlRSocketAutoC
onfiguration:
      Did not match:
         - 
@ConditionalOnClass 
did not find required 
class 
'graphql.GraphQL' 
(OnClassCondition)

   GraphQlReactiveQuer
yByExampleAutoConfigur
ation:
      Did not match:
         - 
@ConditionalOnClass 
did not find required 
class 
'graphql.GraphQL' 
(OnClassCondition)

   GraphQlReactiveQuer
ydslAutoConfiguration:
      Did not match:
         - 
@ConditionalOnClass 
did not find required 
class 'com.querydsl.co
re.Query' 
(OnClassCondition)

   GraphQlWebFluxAutoC
onfiguration:
      Did not match:
         - 
@ConditionalOnClass 
did not find required 
class 
'graphql.GraphQL' 
(OnClassCondition)

   GraphQlWebFluxSecur
ityAutoConfiguration:
      Did not match:
         - 
@ConditionalOnClass 
did not find required 
class 
'graphql.GraphQL' 
(OnClassCondition)

   GraphQlWebMvcAutoCo
nfiguration:
      Did not match:
         - 
@ConditionalOnClass 
did not find required 
class 
'graphql.GraphQL' 
(OnClassCondition)

   GraphQlWebMvcSecuri
tyAutoConfiguration:
      Did not match:
         - 
@ConditionalOnClass 
did not find required 
class 
'graphql.GraphQL' 
(OnClassCondition)

   GroovyTemplateAutoC
onfiguration:
      Did not match:
         - 
@ConditionalOnClass 
did not find required 
class 'groovy.text.mar
kup.MarkupTemplateEngi
ne' (OnClassCondition)

   
GsonAutoConfiguration:
      Did not match:
         - 
@ConditionalOnClass 
did not find required 
class 'com.google.gson
.Gson' 
(OnClassCondition)

   GsonHttpMessageConv
ertersConfiguration:
      Did not match:
         - 
@ConditionalOnClass 
did not find required 
class 'com.google.gson
.Gson' 
(OnClassCondition)

   H2ConsoleAutoConfig
uration:
      Did not match:
         - 
@ConditionalOnClass 
did not find required 
class 'org.h2.server.w
eb.JakartaWebServlet' 
(OnClassCondition)

   HazelcastAutoConfig
uration:
      Did not match:
         - 
@ConditionalOnClass 
did not find required 
class 'com.hazelcast.c
ore.HazelcastInstance'
 (OnClassCondition)

   HazelcastCacheConfi
guration:
      Did not match:
         - 
@ConditionalOnClass 
did not find required 
class 'com.hazelcast.c
ore.HazelcastInstance'
 (OnClassCondition)

   HazelcastJpaDepende
ncyAutoConfiguration:
      Did not match:
         - 
@ConditionalOnClass 
did not find required 
class 'com.hazelcast.c
ore.HazelcastInstance'
 (OnClassCondition)

   HttpHandlerAutoConf
iguration:
      Did not match:
         - 
@ConditionalOnClass 
did not find required 
class 'org.springframe
work.web.reactive.Disp
atcherHandler' 
(OnClassCondition)

   HypermediaAutoConfi
guration:
      Did not match:
         - 
@ConditionalOnClass 
did not find required 
class 'org.springframe
work.hateoas.EntityMod
el' (OnClassCondition)

   InfinispanCacheConf
iguration:
      Did not match:
         - 
@ConditionalOnClass 
did not find required 
class 'org.infinispan.
spring.embedded.provid
er.SpringEmbeddedCache
Manager' 
(OnClassCondition)

   IntegrationAutoConf
iguration:
      Did not match:
         - 
@ConditionalOnClass 
did not find required 
class 'org.springframe
work.integration.confi
g.EnableIntegration' 
(OnClassCondition)

   JCacheCacheConfigur
ation:
      Did not match:
         - 
@ConditionalOnClass 
did not find required 
class 
'javax.cache.Caching' 
(OnClassCondition)

   JacksonHttpMessageC
onvertersConfiguration
.MappingJackson2XmlHtt
pMessageConverterConfi
guration:
      Did not match:
         - 
@ConditionalOnClass 
did not find required 
class 'com.fasterxml.j
ackson.dataformat.xml.
XmlMapper' 
(OnClassCondition)

   JdbcRepositoriesAut
oConfiguration:
      Did not match:
         - 
@ConditionalOnClass 
did not find required 
class 'org.springframe
work.data.jdbc.reposit
ory.config.AbstractJdb
cConfiguration' 
(OnClassCondition)

   JerseyAutoConfigura
tion:
      Did not match:
         - 
@ConditionalOnClass 
did not find required 
class 'org.glassfish.j
ersey.server.spring.Sp
ringComponentProvider'
 (OnClassCondition)

   
JmsAutoConfiguration:
      Did not match:
         - 
@ConditionalOnClass 
did not find required 
class 
'jakarta.jms.Message' 
(OnClassCondition)

   
JmxAutoConfiguration:
      Did not match:
         - @Conditiona
lOnProperty (spring.jm
x.enabled=true) found 
different value in 
property 'enabled' 
(OnPropertyCondition)
      Matched:
         - 
@ConditionalOnClass 
found required class '
org.springframework.jm
x.export.MBeanExporter
' (OnClassCondition)

   JndiConnectionFacto
ryAutoConfiguration:
      Did not match:
         - 
@ConditionalOnClass 
did not find required 
class 'org.springframe
work.jms.core.JmsTempl
ate' 
(OnClassCondition)

   JndiDataSourceAutoC
onfiguration:
      Did not match:
         - @Conditiona
lOnProperty (spring.da
tasource.jndi-name) 
did not find property 
'jndi-name' 
(OnPropertyCondition)
      Matched:
         - 
@ConditionalOnClass 
found required 
classes 'javax.sql.Dat
aSource', 'org.springf
ramework.jdbc.datasour
ce.embedded.EmbeddedDa
tabaseType' 
(OnClassCondition)

   
JndiJtaConfiguration:
      Did not match:
         - 
@ConditionalOnJndi 
JNDI environment is 
not available 
(OnJndiCondition)
      Matched:
         - 
@ConditionalOnClass 
found required class '
org.springframework.tr
ansaction.jta.JtaTrans
actionManager' 
(OnClassCondition)

   
JooqAutoConfiguration:
      Did not match:
         - 
@ConditionalOnClass 
did not find required 
class 
'org.jooq.DSLContext' 
(OnClassCondition)

   JpaRepositoriesAuto
Configuration#entityMa
nagerFactoryBootstrapE
xecutorCustomizer:
      Did not match:
         - 
AnyNestedCondition 0 
matched 2 did not; 
NestedCondition on Jpa
RepositoriesAutoConfig
uration.BootstrapExecu
torCondition.LazyBoots
trapMode @ConditionalO
nProperty (spring.data
.jpa.repositories.boot
strap-mode=lazy) did 
not find property 
'bootstrap-mode'; 
NestedCondition on Jpa
RepositoriesAutoConfig
uration.BootstrapExecu
torCondition.DeferredB
ootstrapMode @Conditio
nalOnProperty (spring.
data.jpa.repositories.
bootstrap-mode=deferre
d) did not find 
property 
'bootstrap-mode' (JpaR
epositoriesAutoConfigu
ration.BootstrapExecut
orCondition)

   JsonbAutoConfigurat
ion:
      Did not match:
         - 
@ConditionalOnClass 
did not find required 
class 'jakarta.json.bi
nd.Jsonb' 
(OnClassCondition)

   JsonbHttpMessageCon
vertersConfiguration:
      Did not match:
         - 
@ConditionalOnClass 
did not find required 
class 'jakarta.json.bi
nd.Jsonb' 
(OnClassCondition)

   KafkaAutoConfigurat
ion:
      Did not match:
         - 
@ConditionalOnClass 
did not find required 
class 'org.springframe
work.kafka.core.KafkaT
emplate' 
(OnClassCondition)

   
LdapAutoConfiguration:
      Did not match:
         - 
@ConditionalOnClass 
did not find required 
class 'org.springframe
work.ldap.core.Context
Source' 
(OnClassCondition)

   LdapRepositoriesAut
oConfiguration:
      Did not match:
         - 
@ConditionalOnClass 
did not find required 
class 'org.springframe
work.data.ldap.reposit
ory.LdapRepository' 
(OnClassCondition)

   LiquibaseAutoConfig
uration:
      Did not match:
         - 
@ConditionalOnClass 
did not find required 
class 'liquibase.chang
e.DatabaseChange' 
(OnClassCondition)

   LocalDevToolsAutoCo
nfiguration:
      Did not match:
         - 
Initialized Restarter 
Condition initialized 
without URLs (OnInitia
lizedRestarterConditio
n)

   MailSenderAutoConfi
guration:
      Did not match:
         - 
@ConditionalOnClass 
did not find required 
class 'jakarta.mail.in
ternet.MimeMessage' 
(OnClassCondition)

   MailSenderValidator
AutoConfiguration:
      Did not match:
         - @Conditiona
lOnSingleCandidate 
did not find required 
type 'org.springframew
ork.mail.javamail.Java
MailSenderImpl' 
(OnBeanCondition)

   MessageSourceAutoCo
nfiguration:
      Did not match:
         - 
ResourceBundle did 
not find bundle with 
basename messages (Mes
sageSourceAutoConfigur
ation.ResourceBundleCo
ndition)

   MomentsAutoConfigur
ation#timeMachine:
      Did not match:
         - @Conditiona
lOnProperty (spring.mo
dulith.moments.enable-
time-machine=true) 
did not find property 
'spring.modulith.momen
ts.enable-time-machine
' 
(OnPropertyCondition)

   MongoAutoConfigurat
ion:
      Did not match:
         - 
@ConditionalOnClass 
did not find required 
class 'com.mongodb.cli
ent.MongoClient' 
(OnClassCondition)

   MongoDataAutoConfig
uration:
      Did not match:
         - 
@ConditionalOnClass 
did not find required 
class 'com.mongodb.cli
ent.MongoClient' 
(OnClassCondition)

   MongoReactiveAutoCo
nfiguration:
      Did not match:
         - 
@ConditionalOnClass 
did not find required 
class 'com.mongodb.rea
ctivestreams.client.Mo
ngoClient' 
(OnClassCondition)

   MongoReactiveDataAu
toConfiguration:
      Did not match:
         - 
@ConditionalOnClass 
did not find required 
class 'com.mongodb.rea
ctivestreams.client.Mo
ngoClient' 
(OnClassCondition)

   MongoReactiveReposi
toriesAutoConfiguratio
n:
      Did not match:
         - 
@ConditionalOnClass 
did not find required 
class 'com.mongodb.rea
ctivestreams.client.Mo
ngoClient' 
(OnClassCondition)

   MongoRepositoriesAu
toConfiguration:
      Did not match:
         - 
@ConditionalOnClass 
did not find required 
class 'com.mongodb.cli
ent.MongoClient' 
(OnClassCondition)

   MustacheAutoConfigu
ration:
      Did not match:
         - 
@ConditionalOnClass 
did not find required 
class 'com.samskivert.
mustache.Mustache' 
(OnClassCondition)

   Neo4jAutoConfigurat
ion:
      Did not match:
         - 
@ConditionalOnClass 
did not find required 
class 'org.neo4j.drive
r.Driver' 
(OnClassCondition)

   Neo4jDataAutoConfig
uration:
      Did not match:
         - 
@ConditionalOnClass 
did not find required 
class 'org.neo4j.drive
r.Driver' 
(OnClassCondition)

   Neo4jReactiveDataAu
toConfiguration:
      Did not match:
         - 
@ConditionalOnClass 
did not find required 
class 'org.neo4j.drive
r.Driver' 
(OnClassCondition)

   Neo4jReactiveReposi
toriesAutoConfiguratio
n:
      Did not match:
         - 
@ConditionalOnClass 
did not find required 
class 'org.neo4j.drive
r.Driver' 
(OnClassCondition)

   Neo4jRepositoriesAu
toConfiguration:
      Did not match:
         - 
@ConditionalOnClass 
did not find required 
class 'org.neo4j.drive
r.Driver' 
(OnClassCondition)

   NettyAutoConfigurat
ion:
      Did not match:
         - 
@ConditionalOnClass 
did not find required 
class 'io.netty.util.N
ettyRuntime' 
(OnClassCondition)

   OAuth2Authorization
ServerAutoConfiguratio
n:
      Did not match:
         - 
@ConditionalOnClass 
did not find required 
class 'org.springframe
work.security.oauth2.s
erver.authorization.OA
uth2Authorization' 
(OnClassCondition)

   OAuth2Authorization
ServerJwtAutoConfigura
tion:
      Did not match:
         - 
@ConditionalOnClass 
did not find required 
class 'org.springframe
work.security.oauth2.s
erver.authorization.OA
uth2Authorization' 
(OnClassCondition)

   OAuth2ClientAutoCon
figuration:
      Did not match:
         - 
@ConditionalOnClass 
did not find required 
class 'org.springframe
work.security.oauth2.c
lient.registration.Cli
entRegistration' 
(OnClassCondition)

   OAuth2ResourceServe
rAutoConfiguration:
      Did not match:
         - 
@ConditionalOnClass 
did not find required 
class 'org.springframe
work.security.oauth2.s
erver.resource.authent
ication.BearerTokenAut
henticationToken' 
(OnClassCondition)

   ProjectInfoAutoConf
iguration#buildPropert
ies:
      Did not match:
         - @Conditiona
lOnResource did not 
find resource '${sprin
g.info.build.location:
classpath:META-INF/bui
ld-info.properties}' 
(OnResourceCondition)

   ProjectInfoAutoConf
iguration#gitPropertie
s:
      Did not match:
         - 
GitResource did not 
find git info at class
path:git.properties (P
rojectInfoAutoConfigur
ation.GitResourceAvail
ableCondition)

   PulsarAutoConfigura
tion:
      Did not match:
         - 
@ConditionalOnClass 
did not find required 
class 'org.apache.puls
ar.client.api.PulsarCl
ient' 
(OnClassCondition)

   PulsarReactiveAutoC
onfiguration:
      Did not match:
         - 
@ConditionalOnClass 
did not find required 
class 'org.apache.puls
ar.client.api.PulsarCl
ient' 
(OnClassCondition)

   QuartzAutoConfigura
tion:
      Did not match:
         - 
@ConditionalOnClass 
did not find required 
class 'org.quartz.Sche
duler' 
(OnClassCondition)

   R2dbcAutoConfigurat
ion:
      Did not match:
         - 
@ConditionalOnClass 
did not find required 
class 'io.r2dbc.spi.Co
nnectionFactory' 
(OnClassCondition)

   R2dbcDataAutoConfig
uration:
      Did not match:
         - 
@ConditionalOnClass 
did not find required 
class 'org.springframe
work.data.r2dbc.core.R
2dbcEntityTemplate' 
(OnClassCondition)

   R2dbcInitialization
Configuration:
      Did not match:
         - 
@ConditionalOnClass 
did not find required 
classes 'io.r2dbc.spi.
ConnectionFactory', 'o
rg.springframework.r2d
bc.connection.init.Dat
abasePopulator' 
(OnClassCondition)

   R2dbcProxyAutoConfi
guration:
      Did not match:
         - 
@ConditionalOnClass 
did not find required 
class 'io.r2dbc.proxy.
ProxyConnectionFactory
' (OnClassCondition)

   R2dbcRepositoriesAu
toConfiguration:
      Did not match:
         - 
@ConditionalOnClass 
did not find required 
class 'io.r2dbc.spi.Co
nnectionFactory' 
(OnClassCondition)

   R2dbcTransactionMan
agerAutoConfiguration:
      Did not match:
         - 
@ConditionalOnClass 
did not find required 
class 'org.springframe
work.r2dbc.connection.
R2dbcTransactionManage
r' (OnClassCondition)

   RSocketGraphQlClien
tAutoConfiguration:
      Did not match:
         - 
@ConditionalOnClass 
did not find required 
class 
'graphql.GraphQL' 
(OnClassCondition)

   RSocketMessagingAut
oConfiguration:
      Did not match:
         - 
@ConditionalOnClass 
did not find required 
class 
'io.rsocket.RSocket' 
(OnClassCondition)

   RSocketRequesterAut
oConfiguration:
      Did not match:
         - 
@ConditionalOnClass 
did not find required 
class 
'io.rsocket.RSocket' 
(OnClassCondition)

   RSocketSecurityAuto
Configuration:
      Did not match:
         - 
@ConditionalOnClass 
did not find required 
class 'org.springframe
work.security.rsocket.
core.SecuritySocketAcc
eptorInterceptor' 
(OnClassCondition)

   RSocketServerAutoCo
nfiguration:
      Did not match:
         - 
@ConditionalOnClass 
did not find required 
class 'io.rsocket.core
.RSocketServer' 
(OnClassCondition)

   RSocketStrategiesAu
toConfiguration:
      Did not match:
         - 
@ConditionalOnClass 
did not find required 
class 'io.netty.buffer
.PooledByteBufAllocato
r' (OnClassCondition)

   RabbitAutoConfigura
tion:
      Did not match:
         - 
@ConditionalOnClass 
did not find required 
class 'com.rabbitmq.cl
ient.Channel' 
(OnClassCondition)

   ReactiveElasticsear
chClientAutoConfigurat
ion:
      Did not match:
         - 
@ConditionalOnClass 
did not find required 
class 'co.elastic.clie
nts.transport.Elastics
earchTransport' 
(OnClassCondition)

   ReactiveElasticsear
chRepositoriesAutoConf
iguration:
      Did not match:
         - 
@ConditionalOnClass 
did not find required 
class 'reactor.core.pu
blisher.Mono' 
(OnClassCondition)

   ReactiveMultipartAu
toConfiguration:
      Did not match:
         - 
@ConditionalOnClass 
did not find required 
class 'org.springframe
work.web.reactive.conf
ig.WebFluxConfigurer' 
(OnClassCondition)

   ReactiveOAuth2Clien
tAutoConfiguration:
      Did not match:
         - 
@ConditionalOnClass 
did not find required 
class 'reactor.core.pu
blisher.Flux' 
(OnClassCondition)

   ReactiveOAuth2Resou
rceServerAutoConfigura
tion:
      Did not match:
         - @Conditiona
lOnWebApplication did 
not find reactive web 
application classes (O
nWebApplicationConditi
on)

   ReactiveSecurityAut
oConfiguration:
      Did not match:
         - 
@ConditionalOnClass 
did not find required 
class 'reactor.core.pu
blisher.Flux' 
(OnClassCondition)

   ReactiveUserDetails
ServiceAutoConfigurati
on:
      Did not match:
         - 
AnyNestedCondition 0 
matched 2 did not; 
NestedCondition on Rea
ctiveUserDetailsServic
eAutoConfiguration.RSo
cketEnabledOrReactiveW
ebApplication.Reactive
WebApplicationConditio
n did not find 
reactive web 
application classes; 
NestedCondition on Rea
ctiveUserDetailsServic
eAutoConfiguration.RSo
cketEnabledOrReactiveW
ebApplication.RSocketS
ecurityEnabledConditio
n @ConditionalOnBean 
(types: org.springfram
ework.messaging.rsocke
t.annotation.support.R
SocketMessageHandler; 
SearchStrategy: all) 
did not find any 
beans of type org.spri
ngframework.messaging.
rsocket.annotation.sup
port.RSocketMessageHan
dler (ReactiveUserDeta
ilsServiceAutoConfigur
ation.RSocketEnabledOr
ReactiveWebApplication
)
      Matched:
         - 
@ConditionalOnClass 
found required class '
org.springframework.se
curity.authentication.
ReactiveAuthentication
Manager' 
(OnClassCondition)
         - 
AnyNestedCondition 1 
matched 2 did not; 
NestedCondition on Rea
ctiveUserDetailsServic
eAutoConfiguration.Mis
singAlternativeOrUserP
ropertiesConfigured.Pa
sswordConfigured @Cond
itionalOnProperty (spr
ing.security.user.pass
word) did not find 
property 'password'; 
NestedCondition on Rea
ctiveUserDetailsServic
eAutoConfiguration.Mis
singAlternativeOrUserP
ropertiesConfigured.Na
meConfigured @Conditio
nalOnProperty (spring.
security.user.name) 
did not find property 
'name'; 
NestedCondition on Rea
ctiveUserDetailsServic
eAutoConfiguration.Mis
singAlternativeOrUserP
ropertiesConfigured.Mi
ssingAlternative @Cond
itionalOnMissingClass 
did not find unwanted 
classes 'org.springfra
mework.security.oauth2
.client.registration.C
lientRegistrationRepos
itory', 'org.springfra
mework.security.oauth2
.server.resource.intro
spection.ReactiveOpaqu
eTokenIntrospector' (R
eactiveUserDetailsServ
iceAutoConfiguration.M
issingAlternativeOrUse
rPropertiesConfigured)

   ReactiveWebServerFa
ctoryAutoConfiguration
:
      Did not match:
         - @Conditiona
lOnWebApplication did 
not find reactive web 
application classes (O
nWebApplicationConditi
on)

   ReactorAutoConfigur
ation:
      Did not match:
         - 
@ConditionalOnClass 
did not find required 
class 'reactor.core.pu
blisher.Hooks' 
(OnClassCondition)

   RedisAutoConfigurat
ion:
      Did not match:
         - 
@ConditionalOnClass 
did not find required 
class 'org.springframe
work.data.redis.core.R
edisOperations' 
(OnClassCondition)

   RedisCacheConfigura
tion:
      Did not match:
         - 
@ConditionalOnClass 
did not find required 
class 'org.springframe
work.data.redis.connec
tion.RedisConnectionFa
ctory' 
(OnClassCondition)

   RedisReactiveAutoCo
nfiguration:
      Did not match:
         - 
@ConditionalOnClass 
did not find required 
class 'reactor.core.pu
blisher.Flux' 
(OnClassCondition)

   RedisRepositoriesAu
toConfiguration:
      Did not match:
         - 
@ConditionalOnClass 
did not find required 
class 'org.springframe
work.data.redis.reposi
tory.configuration.Ena
bleRedisRepositories' 
(OnClassCondition)

   RemoteDevToolsAutoC
onfiguration:
      Did not match:
         - @Conditiona
lOnProperty (spring.de
vtools.remote.secret) 
did not find property 
'secret' 
(OnPropertyCondition)
      Matched:
         - 
@ConditionalOnClass 
found required 
classes 'jakarta.servl
et.Filter', 'org.sprin
gframework.http.server
.ServerHttpRequest' 
(OnClassCondition)

   RepositoryRestMvcAu
toConfiguration:
      Did not match:
         - 
@ConditionalOnClass 
did not find required 
class 'org.springframe
work.data.rest.webmvc.
config.RepositoryRestM
vcConfiguration' 
(OnClassCondition)

   Saml2RelyingPartyAu
toConfiguration:
      Did not match:
         - 
@ConditionalOnClass 
did not find required 
class 'org.springframe
work.security.saml2.pr
ovider.service.registr
ation.RelyingPartyRegi
strationRepository' 
(OnClassCondition)

   SecurityDataConfigu
ration:
      Did not match:
         - 
@ConditionalOnClass 
did not find required 
class 'org.springframe
work.security.data.rep
ository.query.Security
EvaluationContextExten
sion' 
(OnClassCondition)

   SendGridAutoConfigu
ration:
      Did not match:
         - 
@ConditionalOnClass 
did not find required 
class 'com.sendgrid.Se
ndGrid' 
(OnClassCondition)

   ServletWebServerFac
toryAutoConfiguration.
ForwardedHeaderFilterC
onfiguration:
      Did not match:
         - @Conditiona
lOnProperty (server.fo
rward-headers-strategy
=framework) did not 
find property 'server.
forward-headers-strate
gy' 
(OnPropertyCondition)

   ServletWebServerFac
toryConfiguration.Embe
ddedJetty:
      Did not match:
         - 
@ConditionalOnClass 
did not find required 
classes 'org.eclipse.j
etty.server.Server', '
org.eclipse.jetty.util
.Loader', 'org.eclipse
.jetty.ee10.webapp.Web
AppContext' 
(OnClassCondition)

   ServletWebServerFac
toryConfiguration.Embe
ddedUndertow:
      Did not match:
         - 
@ConditionalOnClass 
did not find required 
classes 'io.undertow.U
ndertow', 'org.xnio.Ss
lClientAuthMode' 
(OnClassCondition)

   SessionAutoConfigur
ation:
      Did not match:
         - 
@ConditionalOnClass 
did not find required 
class 'org.springframe
work.session.Session' 
(OnClassCondition)

   SpringApplicationAd
minJmxAutoConfiguratio
n:
      Did not match:
         - @Conditiona
lOnProperty (spring.ap
plication.admin.enable
d=true) did not find 
property 'enabled' 
(OnPropertyCondition)

   SpringBootWebSecuri
tyConfiguration.Securi
tyFilterChainConfigura
tion:
      Did not match:
         - 
AllNestedConditions 1 
matched 1 did not; 
NestedCondition on Def
aultWebSecurityConditi
on.Beans @ConditionalO
nMissingBean (types: o
rg.springframework.sec
urity.web.SecurityFilt
erChain; 
SearchStrategy: all) 
found beans of type 'o
rg.springframework.sec
urity.web.SecurityFilt
erChain' 
securityFilterChain; 
NestedCondition on Def
aultWebSecurityConditi
on.Classes 
@ConditionalOnClass 
found required 
classes 'org.springfra
mework.security.web.Se
curityFilterChain', 'o
rg.springframework.sec
urity.config.annotatio
n.web.builders.HttpSec
urity' (DefaultWebSecu
rityCondition)

   SpringBootWebSecuri
tyConfiguration.WebSec
urityEnablerConfigurat
ion:
      Did not match:
         - @Conditiona
lOnMissingBean 
(names: springSecurity
FilterChain; 
SearchStrategy: all) 
found beans named spri
ngSecurityFilterChain 
(OnBeanCondition)
      Matched:
         - 
@ConditionalOnClass 
found required class '
org.springframework.se
curity.config.annotati
on.web.configuration.E
nableWebSecurity' 
(OnClassCondition)

   TaskExecutorConfigu
rations.SimpleAsyncTas
kExecutorBuilderConfig
uration#simpleAsyncTas
kExecutorBuilderVirtua
lThreads:
      Did not match:
         - @Conditiona
lOnMissingBean 
(types: org.springfram
ework.boot.task.Simple
AsyncTaskExecutorBuild
er; SearchStrategy: 
all) found beans of 
type 'org.springframew
ork.boot.task.SimpleAs
yncTaskExecutorBuilder
' simpleAsyncTaskExecu
torBuilder 
(OnBeanCondition)

   TaskExecutorConfigu
rations.TaskExecutorCo
nfiguration#applicatio
nTaskExecutorVirtualTh
reads:
      Did not match:
         - @Conditiona
lOnThreading did not 
find VIRTUAL 
(OnThreadingCondition)

   TaskSchedulingAutoC
onfiguration#scheduled
BeanLazyInitialization
ExcludeFilter:
      Did not match:
         - 
@ConditionalOnBean 
(names: org.springfram
ework.context.annotati
on.internalScheduledAn
notationProcessor; 
SearchStrategy: all) 
did not find any 
beans named org.spring
framework.context.anno
tation.internalSchedul
edAnnotationProcessor 
(OnBeanCondition)

   TaskSchedulingConfi
gurations.SimpleAsyncT
askSchedulerBuilderCon
figuration#simpleAsync
TaskSchedulerBuilderVi
rtualThreads:
      Did not match:
         - @Conditiona
lOnMissingBean 
(types: org.springfram
ework.boot.task.Simple
AsyncTaskSchedulerBuil
der; SearchStrategy: 
all) found beans of 
type 'org.springframew
ork.boot.task.SimpleAs
yncTaskSchedulerBuilde
r' simpleAsyncTaskSche
dulerBuilder 
(OnBeanCondition)

   TaskSchedulingConfi
gurations.TaskSchedule
rConfiguration:
      Did not match:
         - 
@ConditionalOnBean 
(names: org.springfram
ework.context.annotati
on.internalScheduledAn
notationProcessor; 
SearchStrategy: all) 
did not find any 
beans named org.spring
framework.context.anno
tation.internalSchedul
edAnnotationProcessor 
(OnBeanCondition)

   ThymeleafAutoConfig
uration:
      Did not match:
         - 
@ConditionalOnClass 
did not find required 
class 'org.thymeleaf.s
pring6.SpringTemplateE
ngine' 
(OnClassCondition)

   TransactionAutoConf
iguration#transactiona
lOperator:
      Did not match:
         - @Conditiona
lOnSingleCandidate 
(types: org.springfram
ework.transaction.Reac
tiveTransactionManager
; SearchStrategy: 
all) did not find any 
beans 
(OnBeanCondition)

   TransactionAutoConf
iguration.AspectJTrans
actionManagementConfig
uration:
      Did not match:
         - 
@ConditionalOnBean 
(types: org.springfram
ework.transaction.aspe
ctj.AbstractTransactio
nAspect; 
SearchStrategy: all) 
did not find any 
beans of type org.spri
ngframework.transactio
n.aspectj.AbstractTran
sactionAspect 
(OnBeanCondition)

   TransactionAutoConf
iguration.EnableTransa
ctionManagementConfigu
ration.JdkDynamicAutoP
roxyConfiguration:
      Did not match:
         - @Conditiona
lOnProperty (spring.ao
p.proxy-target-class=f
alse) did not find 
property 
'proxy-target-class' 
(OnPropertyCondition)

   UserDetailsServiceA
utoConfiguration:
      Did not match:
         - @Conditiona
lOnMissingBean 
(types: org.springfram
ework.security.authent
ication.Authentication
Manager,org.springfram
ework.security.authent
ication.Authentication
Provider,org.springfra
mework.security.core.u
serdetails.UserDetails
Service,org.springfram
ework.security.authent
ication.Authentication
ManagerResolver,org.sp
ringframework.security
.oauth2.jwt.JwtDecoder
; SearchStrategy: 
all) found beans of 
type 'org.springframew
ork.security.authentic
ation.AuthenticationMa
nager' 
authenticationManager 
and found beans of 
type 'org.springframew
ork.security.core.user
details.UserDetailsSer
vice' customUserDetail
sService 
(OnBeanCondition)
      Matched:
         - 
@ConditionalOnClass 
found required class '
org.springframework.se
curity.authentication.
AuthenticationManager'
 (OnClassCondition)
         - found 
'session' scope (OnWeb
ApplicationCondition)
         - 
AnyNestedCondition 1 
matched 2 did not; 
NestedCondition on Use
rDetailsServiceAutoCon
figuration.MissingAlte
rnativeOrUserPropertie
sConfigured.PasswordCo
nfigured @ConditionalO
nProperty (spring.secu
rity.user.password) 
did not find property 
'password'; 
NestedCondition on Use
rDetailsServiceAutoCon
figuration.MissingAlte
rnativeOrUserPropertie
sConfigured.NameConfig
ured @ConditionalOnPro
perty (spring.security
.user.name) did not 
find property 'name'; 
NestedCondition on Use
rDetailsServiceAutoCon
figuration.MissingAlte
rnativeOrUserPropertie
sConfigured.MissingAlt
ernative @ConditionalO
nMissingClass did not 
find unwanted classes 
'org.springframework.s
ecurity.oauth2.client.
registration.ClientReg
istrationRepository', 
'org.springframework.s
ecurity.oauth2.server.
resource.introspection
.OpaqueTokenIntrospect
or', 'org.springframew
ork.security.saml2.pro
vider.service.registra
tion.RelyingPartyRegis
trationRepository' (Us
erDetailsServiceAutoCo
nfiguration.MissingAlt
ernativeOrUserProperti
esConfigured)

   WebClientAutoConfig
uration:
      Did not match:
         - 
@ConditionalOnClass 
did not find required 
class 'org.springframe
work.web.reactive.func
tion.client.WebClient'
 (OnClassCondition)

   WebFluxAutoConfigur
ation:
      Did not match:
         - 
@ConditionalOnClass 
did not find required 
class 'org.springframe
work.web.reactive.conf
ig.WebFluxConfigurer' 
(OnClassCondition)

   WebMvcAutoConfigura
tion#hiddenHttpMethodF
ilter:
      Did not match:
         - @Conditiona
lOnProperty (spring.mv
c.hiddenmethod.filter.
enabled) did not find 
property 'enabled' 
(OnPropertyCondition)

   WebMvcAutoConfigura
tion.ProblemDetailsErr
orHandlingConfiguratio
n:
      Did not match:
         - @Conditiona
lOnProperty (spring.mv
c.problemdetails.enabl
ed=true) did not find 
property 'enabled' 
(OnPropertyCondition)

   WebMvcAutoConfigura
tion.ResourceChainCust
omizerConfiguration:
      Did not match:
         - @Conditiona
lOnEnabledResourceChai
n did not find class o
rg.webjars.WebJarVersi
onLocator (OnEnabledRe
sourceChainCondition)

   WebMvcAutoConfigura
tion.WebMvcAutoConfigu
rationAdapter#beanName
ViewResolver:
      Did not match:
         - @Conditiona
lOnMissingBean 
(types: org.springfram
ework.web.servlet.view
.BeanNameViewResolver;
 SearchStrategy: all) 
found beans of type 'o
rg.springframework.web
.servlet.view.BeanName
ViewResolver' 
beanNameViewResolver 
(OnBeanCondition)

   WebServiceTemplateA
utoConfiguration:
      Did not match:
         - 
@ConditionalOnClass 
did not find required 
class 'org.springframe
work.oxm.Marshaller' 
(OnClassCondition)

2026-03-09T13:03:30.766+01:00  INFO 24624 --- [DeployFast] [           main] .s.b.a.l.ConditionEvaluationReportLogger : 

Error starting ApplicationContext. To display the condition evaluation report re-run your application with 'debug' enabled.
2026-03-09T13:03:30.779+01:00 ERROR 24624 --- [DeployFast] [           main] o.s.boot.SpringApplication               : Application run failed

org.springframework.beans.factory.BeanCreationException: Error creating bean with name 'entityManagerFactory' defined in class path resource [org/springframework/boot/autoconfigure/orm/jpa/HibernateJpaConfiguration.class]: Unable to create requested service [org.hibernate.engine.jdbc.env.spi.JdbcEnvironment] due to: Unable to determine Dialect without JDBC metadata (please set 'jakarta.persistence.jdbc.url' for common cases or 'hibernate.dialect' when a custom Dialect implementation must be provided)
	at org.springframework.beans.factory.support.AbstractAutowireCapableBeanFactory.initializeBean(AbstractAutowireCapableBeanFactory.java:1812) ~[spring-beans-6.2.3.jar:6.2.3]
	at org.springframework.beans.factory.support.AbstractAutowireCapableBeanFactory.doCreateBean(AbstractAutowireCapableBeanFactory.java:601) ~[spring-beans-6.2.3.jar:6.2.3]
	at org.springframework.beans.factory.support.AbstractAutowireCapableBeanFactory.createBean(AbstractAutowireCapableBeanFactory.java:523) ~[spring-beans-6.2.3.jar:6.2.3]
	at org.springframework.beans.factory.support.AbstractBeanFactory.lambda$doGetBean$0(AbstractBeanFactory.java:339) ~[spring-beans-6.2.3.jar:6.2.3]
	at org.springframework.beans.factory.support.DefaultSingletonBeanRegistry.getSingleton(DefaultSingletonBeanRegistry.java:346) ~[spring-beans-6.2.3.jar:6.2.3]
	at org.springframework.beans.factory.support.AbstractBeanFactory.doGetBean(AbstractBeanFactory.java:337) ~[spring-beans-6.2.3.jar:6.2.3]
	at org.springframework.beans.factory.support.AbstractBeanFactory.getBean(AbstractBeanFactory.java:207) ~[spring-beans-6.2.3.jar:6.2.3]
	at org.springframework.context.support.AbstractApplicationContext.finishBeanFactoryInitialization(AbstractApplicationContext.java:970) ~[spring-context-6.2.3.jar:6.2.3]
	at org.springframework.context.support.AbstractApplicationContext.refresh(AbstractApplicationContext.java:627) ~[spring-context-6.2.3.jar:6.2.3]
	at org.springframework.boot.SpringApplication.refresh(SpringApplication.java:752) ~[spring-boot-3.4.3.jar:3.4.3]
	at org.springframework.boot.SpringApplication.refreshContext(SpringApplication.java:439) ~[spring-boot-3.4.3.jar:3.4.3]
	at org.springframework.boot.SpringApplication.run(SpringApplication.java:318) ~[spring-boot-3.4.3.jar:3.4.3]
	at org.springframework.boot.test.context.SpringBootContextLoader.lambda$loadContext$3(SpringBootContextLoader.java:137) ~[spring-boot-test-3.4.3.jar:3.4.3]
	at org.springframework.util.function.ThrowingSupplier.get(ThrowingSupplier.java:58) ~[spring-core-6.2.3.jar:6.2.3]
	at org.springframework.util.function.ThrowingSupplier.get(ThrowingSupplier.java:46) ~[spring-core-6.2.3.jar:6.2.3]
	at org.springframework.boot.SpringApplication.withHook(SpringApplication.java:1461) ~[spring-boot-3.4.3.jar:3.4.3]
	at org.springframework.boot.test.context.SpringBootContextLoader$ContextLoaderHook.run(SpringBootContextLoader.java:553) ~[spring-boot-test-3.4.3.jar:3.4.3]
	at org.springframework.boot.test.context.SpringBootContextLoader.loadContext(SpringBootContextLoader.java:137) ~[spring-boot-test-3.4.3.jar:3.4.3]
	at org.springframework.boot.test.context.SpringBootContextLoader.loadContext(SpringBootContextLoader.java:108) ~[spring-boot-test-3.4.3.jar:3.4.3]
	at org.springframework.test.context.cache.DefaultCacheAwareContextLoaderDelegate.loadContextInternal(DefaultCacheAwareContextLoaderDelegate.java:225) ~[spring-test-6.2.3.jar:6.2.3]
	at org.springframework.test.context.cache.DefaultCacheAwareContextLoaderDelegate.loadContext(DefaultCacheAwareContextLoaderDelegate.java:152) ~[spring-test-6.2.3.jar:6.2.3]
	at org.springframework.test.context.support.DefaultTestContext.getApplicationContext(DefaultTestContext.java:130) ~[spring-test-6.2.3.jar:6.2.3]
	at org.springframework.test.context.web.ServletTestExecutionListener.setUpRequestContextIfNecessary(ServletTestExecutionListener.java:200) ~[spring-test-6.2.3.jar:6.2.3]
	at org.springframework.test.context.web.ServletTestExecutionListener.prepareTestInstance(ServletTestExecutionListener.java:139) ~[spring-test-6.2.3.jar:6.2.3]
	at org.springframework.test.context.TestContextManager.prepareTestInstance(TestContextManager.java:260) ~[spring-test-6.2.3.jar:6.2.3]
	at org.springframework.test.context.junit.jupiter.SpringExtension.postProcessTestInstance(SpringExtension.java:160) ~[spring-test-6.2.3.jar:6.2.3]
	at org.junit.jupiter.engine.descriptor.ClassBasedTestDescriptor.lambda$invokeTestInstancePostProcessors$11(ClassBasedTestDescriptor.java:378) ~[junit-jupiter-engine-5.11.4.jar:5.11.4]
	at org.junit.jupiter.engine.descriptor.ClassBasedTestDescriptor.executeAndMaskThrowable(ClassBasedTestDescriptor.java:383) ~[junit-jupiter-engine-5.11.4.jar:5.11.4]
	at org.junit.jupiter.engine.descriptor.ClassBasedTestDescriptor.lambda$invokeTestInstancePostProcessors$12(ClassBasedTestDescriptor.java:378) ~[junit-jupiter-engine-5.11.4.jar:5.11.4]
	at java.base/java.util.stream.ForEachOps$ForEachOp$OfRef.accept(ForEachOps.java:184) ~[na:na]
	at java.base/java.util.stream.ReferencePipeline$3$1.accept(ReferencePipeline.java:197) ~[na:na]
	at java.base/java.util.stream.ReferencePipeline$2$1.accept(ReferencePipeline.java:179) ~[na:na]
	at java.base/java.util.stream.ReferencePipeline$3$1.accept(ReferencePipeline.java:197) ~[na:na]
	at java.base/java.util.ArrayList$ArrayListSpliterator.forEachRemaining(ArrayList.java:1708) ~[na:na]
	at java.base/java.util.stream.AbstractPipeline.copyInto(AbstractPipeline.java:509) ~[na:na]
	at java.base/java.util.stream.AbstractPipeline.wrapAndCopyInto(AbstractPipeline.java:499) ~[na:na]
	at java.base/java.util.stream.ForEachOps$ForEachOp.evaluateSequential(ForEachOps.java:151) ~[na:na]
	at java.base/java.util.stream.ForEachOps$ForEachOp$OfRef.evaluateSequential(ForEachOps.java:174) ~[na:na]
	at java.base/java.util.stream.AbstractPipeline.evaluate(AbstractPipeline.java:234) ~[na:na]
	at java.base/java.util.stream.ReferencePipeline.forEach(ReferencePipeline.java:596) ~[na:na]
	at org.junit.jupiter.engine.descriptor.ClassBasedTestDescriptor.invokeTestInstancePostProcessors(ClassBasedTestDescriptor.java:377) ~[junit-jupiter-engine-5.11.4.jar:5.11.4]
	at org.junit.jupiter.engine.descriptor.ClassBasedTestDescriptor.lambda$instantiateAndPostProcessTestInstance$7(ClassBasedTestDescriptor.java:290) ~[junit-jupiter-engine-5.11.4.jar:5.11.4]
	at org.junit.platform.engine.support.hierarchical.ThrowableCollector.execute(ThrowableCollector.java:73) ~[junit-platform-engine-1.11.4.jar:1.11.4]
	at org.junit.jupiter.engine.descriptor.ClassBasedTestDescriptor.instantiateAndPostProcessTestInstance(ClassBasedTestDescriptor.java:289) ~[junit-jupiter-engine-5.11.4.jar:5.11.4]
	at org.junit.jupiter.engine.descriptor.ClassBasedTestDescriptor.lambda$testInstancesProvider$5(ClassBasedTestDescriptor.java:279) ~[junit-jupiter-engine-5.11.4.jar:5.11.4]
	at java.base/java.util.Optional.orElseGet(Optional.java:364) ~[na:na]
	at org.junit.jupiter.engine.descriptor.ClassBasedTestDescriptor.lambda$testInstancesProvider$6(ClassBasedTestDescriptor.java:278) ~[junit-jupiter-engine-5.11.4.jar:5.11.4]
	at org.junit.jupiter.engine.execution.TestInstancesProvider.getTestInstances(TestInstancesProvider.java:31) ~[junit-jupiter-engine-5.11.4.jar:5.11.4]
	at org.junit.jupiter.engine.descriptor.TestMethodTestDescriptor.lambda$prepare$1(TestMethodTestDescriptor.java:105) ~[junit-jupiter-engine-5.11.4.jar:5.11.4]
	at org.junit.platform.engine.support.hierarchical.ThrowableCollector.execute(ThrowableCollector.java:73) ~[junit-platform-engine-1.11.4.jar:1.11.4]
	at org.junit.jupiter.engine.descriptor.TestMethodTestDescriptor.prepare(TestMethodTestDescriptor.java:104) ~[junit-jupiter-engine-5.11.4.jar:5.11.4]
	at org.junit.jupiter.engine.descriptor.TestMethodTestDescriptor.prepare(TestMethodTestDescriptor.java:68) ~[junit-jupiter-engine-5.11.4.jar:5.11.4]
	at org.junit.platform.engine.support.hierarchical.NodeTestTask.lambda$prepare$2(NodeTestTask.java:128) ~[junit-platform-engine-1.11.4.jar:1.11.4]
	at org.junit.platform.engine.support.hierarchical.ThrowableCollector.execute(ThrowableCollector.java:73) ~[junit-platform-engine-1.11.4.jar:1.11.4]
	at org.junit.platform.engine.support.hierarchical.NodeTestTask.prepare(NodeTestTask.java:128) ~[junit-platform-engine-1.11.4.jar:1.11.4]
	at org.junit.platform.engine.support.hierarchical.NodeTestTask.execute(NodeTestTask.java:95) ~[junit-platform-engine-1.11.4.jar:1.11.4]
	at java.base/java.util.ArrayList.forEach(ArrayList.java:1596) ~[na:na]
	at org.junit.platform.engine.support.hierarchical.SameThreadHierarchicalTestExecutorService.invokeAll(SameThreadHierarchicalTestExecutorService.java:41) ~[junit-platform-engine-1.11.4.jar:1.11.4]
	at org.junit.platform.engine.support.hierarchical.NodeTestTask.lambda$executeRecursively$6(NodeTestTask.java:160) ~[junit-platform-engine-1.11.4.jar:1.11.4]
	at org.junit.platform.engine.support.hierarchical.ThrowableCollector.execute(ThrowableCollector.java:73) ~[junit-platform-engine-1.11.4.jar:1.11.4]
	at org.junit.platform.engine.support.hierarchical.NodeTestTask.lambda$executeRecursively$8(NodeTestTask.java:146) ~[junit-platform-engine-1.11.4.jar:1.11.4]
	at org.junit.platform.engine.support.hierarchical.Node.around(Node.java:137) ~[junit-platform-engine-1.11.4.jar:1.11.4]
	at org.junit.platform.engine.support.hierarchical.NodeTestTask.lambda$executeRecursively$9(NodeTestTask.java:144) ~[junit-platform-engine-1.11.4.jar:1.11.4]
	at org.junit.platform.engine.support.hierarchical.ThrowableCollector.execute(ThrowableCollector.java:73) ~[junit-platform-engine-1.11.4.jar:1.11.4]
	at org.junit.platform.engine.support.hierarchical.NodeTestTask.executeRecursively(NodeTestTask.java:143) ~[junit-platform-engine-1.11.4.jar:1.11.4]
	at org.junit.platform.engine.support.hierarchical.NodeTestTask.execute(NodeTestTask.java:100) ~[junit-platform-engine-1.11.4.jar:1.11.4]
	at java.base/java.util.ArrayList.forEach(ArrayList.java:1596) ~[na:na]
	at org.junit.platform.engine.support.hierarchical.SameThreadHierarchicalTestExecutorService.invokeAll(SameThreadHierarchicalTestExecutorService.java:41) ~[junit-platform-engine-1.11.4.jar:1.11.4]
	at org.junit.platform.engine.support.hierarchical.NodeTestTask.lambda$executeRecursively$6(NodeTestTask.java:160) ~[junit-platform-engine-1.11.4.jar:1.11.4]
	at org.junit.platform.engine.support.hierarchical.ThrowableCollector.execute(ThrowableCollector.java:73) ~[junit-platform-engine-1.11.4.jar:1.11.4]
   WebServicesAutoConf
iguration:
      Did not match:
         - 
@ConditionalOnClass 
did not find required 
class 'org.springframe
work.ws.transport.http
.MessageDispatcherServ
let' 
(OnClassCondition)

   WebSessionIdResolve
rAutoConfiguration:
      Did not match:
         - 
@ConditionalOnClass 
did not find required 
class 'reactor.core.pu
blisher.Mono' 
(OnClassCondition)

   WebSocketMessagingA
utoConfiguration:
      Did not match:
         - 
@ConditionalOnClass 
did not find required 
class 'org.springframe
work.web.socket.config
.annotation.WebSocketM
essageBrokerConfigurer
' (OnClassCondition)

   WebSocketReactiveAu
toConfiguration:
      Did not match:
         - @Conditiona
lOnWebApplication did 
not find reactive web 
application classes (O
nWebApplicationConditi
on)

   WebSocketServletAut
oConfiguration.JettyWe
bSocketConfiguration:
      Did not match:
         - 
@ConditionalOnClass 
did not find required 
class 'org.eclipse.jet
ty.ee10.websocket.jaka
rta.server.config.Jaka
rtaWebSocketServletCon
tainerInitializer' 
(OnClassCondition)

   WebSocketServletAut
oConfiguration.Underto
wWebSocketConfiguratio
n:
      Did not match:
         - 
@ConditionalOnClass 
did not find required 
class 'io.undertow.web
sockets.jsr.Bootstrap'
 (OnClassCondition)

   XADataSourceAutoCon
figuration:
      Did not match:
	at org.junit.platform.engine.support.hierarchical.NodeTestTask.lambda$executeRecursively$8(NodeTestTask.java:146) ~[junit-platform-engine-1.11.4.jar:1.11.4]
	at org.junit.platform.engine.support.hierarchical.Node.around(Node.java:137) ~[junit-platform-engine-1.11.4.jar:1.11.4]
	at org.junit.platform.engine.support.hierarchical.NodeTestTask.lambda$executeRecursively$9(NodeTestTask.java:144) ~[junit-platform-engine-1.11.4.jar:1.11.4]
	at org.junit.platform.engine.support.hierarchical.ThrowableCollector.execute(ThrowableCollector.java:73) ~[junit-platform-engine-1.11.4.jar:1.11.4]
	at org.junit.platform.engine.support.hierarchical.NodeTestTask.executeRecursively(NodeTestTask.java:143) ~[junit-platform-engine-1.11.4.jar:1.11.4]
	at org.junit.platform.engine.support.hierarchical.NodeTestTask.execute(NodeTestTask.java:100) ~[junit-platform-engine-1.11.4.jar:1.11.4]
	at org.junit.platform.engine.support.hierarchical.SameThreadHierarchicalTestExecutorService.submit(SameThreadHierarchicalTestExecutorService.java:35) ~[junit-platform-engine-1.11.4.jar:1.11.4]
	at org.junit.platform.engine.support.hierarchical.HierarchicalTestExecutor.execute(HierarchicalTestExecutor.java:57) ~[junit-platform-engine-1.11.4.jar:1.11.4]
	at org.junit.platform.engine.support.hierarchical.HierarchicalTestEngine.execute(HierarchicalTestEngine.java:54) ~[junit-platform-engine-1.11.4.jar:1.11.4]
	at org.junit.platform.launcher.core.EngineExecutionOrchestrator.execute(EngineExecutionOrchestrator.java:198) ~[junit-platform-launcher-1.11.4.jar:1.11.4]
	at org.junit.platform.launcher.core.EngineExecutionOrchestrator.execute(EngineExecutionOrchestrator.java:169) ~[junit-platform-launcher-1.11.4.jar:1.11.4]
	at org.junit.platform.launcher.core.EngineExecutionOrchestrator.execute(EngineExecutionOrchestrator.java:93) ~[junit-platform-launcher-1.11.4.jar:1.11.4]
	at org.junit.platform.launcher.core.EngineExecutionOrchestrator.lambda$execute$0(EngineExecutionOrchestrator.java:58) ~[junit-platform-launcher-1.11.4.jar:1.11.4]
	at org.junit.platform.launcher.core.EngineExecutionOrchestrator.withInterceptedStreams(EngineExecutionOrchestrator.java:141) ~[junit-platform-launcher-1.11.4.jar:1.11.4]
	at org.junit.platform.launcher.core.EngineExecutionOrchestrator.execute(EngineExecutionOrchestrator.java:57) ~[junit-platform-launcher-1.11.4.jar:1.11.4]
	at org.junit.platform.launcher.core.DefaultLauncher.execute(DefaultLauncher.java:103) ~[junit-platform-launcher-1.11.4.jar:1.11.4]
	at org.junit.platform.launcher.core.DefaultLauncher.execute(DefaultLauncher.java:85) ~[junit-platform-launcher-1.11.4.jar:1.11.4]
	at org.junit.platform.launcher.core.DelegatingLauncher.execute(DelegatingLauncher.java:47) ~[junit-platform-launcher-1.11.4.jar:1.11.4]
	at org.apache.maven.surefire.junitplatform.LazyLauncher.execute(LazyLauncher.java:56) ~[surefire-junit-platform-3.5.2.jar:3.5.2]
	at org.apache.maven.surefire.junitplatform.JUnitPlatformProvider.execute(JUnitPlatformProvider.java:184) ~[surefire-junit-platform-3.5.2.jar:3.5.2]
	at org.apache.maven.surefire.junitplatform.JUnitPlatformProvider.invokeAllTests(JUnitPlatformProvider.java:148) ~[surefire-junit-platform-3.5.2.jar:3.5.2]
	at org.apache.maven.surefire.junitplatform.JUnitPlatformProvider.invoke(JUnitPlatformProvider.java:122) ~[surefire-junit-platform-3.5.2.jar:3.5.2]
	at org.apache.maven.surefire.booter.ForkedBooter.runSuitesInProcess(ForkedBooter.java:385) ~[surefire-booter-3.5.2.jar:3.5.2]
	at org.apache.maven.surefire.booter.ForkedBooter.execute(ForkedBooter.java:162) ~[surefire-booter-3.5.2.jar:3.5.2]
	at org.apache.maven.surefire.booter.ForkedBooter.run(ForkedBooter.java:507) ~[surefire-booter-3.5.2.jar:3.5.2]
	at org.apache.maven.surefire.booter.ForkedBooter.main(ForkedBooter.java:495) ~[surefire-booter-3.5.2.jar:3.5.2]
Caused by: org.hibernate.service.spi.ServiceException: Unable to create requested service [org.hibernate.engine.jdbc.env.spi.JdbcEnvironment] due to: Unable to determine Dialect without JDBC metadata (please set 'jakarta.persistence.jdbc.url' for common cases or 'hibernate.dialect' when a custom Dialect implementation must be provided)
	at org.hibernate.service.internal.AbstractServiceRegistryImpl.createService(AbstractServiceRegistryImpl.java:276) ~[hibernate-core-6.6.8.Final.jar:6.6.8.Final]
	at org.hibernate.service.internal.AbstractServiceRegistryImpl.initializeService(AbstractServiceRegistryImpl.java:238) ~[hibernate-core-6.6.8.Final.jar:6.6.8.Final]
	at org.hibernate.service.internal.AbstractServiceRegistryImpl.getService(AbstractServiceRegistryImpl.java:215) ~[hibernate-core-6.6.8.Final.jar:6.6.8.Final]
	at org.hibernate.boot.model.relational.Database.<init>(Database.java:45) ~[hibernate-core-6.6.8.Final.jar:6.6.8.Final]
	at org.hibernate.boot.internal.InFlightMetadataCollectorImpl.getDatabase(InFlightMetadataCollectorImpl.java:226) ~[hibernate-core-6.6.8.Final.jar:6.6.8.Final]
	at org.hibernate.boot.internal.InFlightMetadataCollectorImpl.<init>(InFlightMetadataCollectorImpl.java:194) ~[hibernate-core-6.6.8.Final.jar:6.6.8.Final]
	at org.hibernate.boot.model.process.spi.MetadataBuildingProcess.complete(MetadataBuildingProcess.java:171) ~[hibernate-core-6.6.8.Final.jar:6.6.8.Final]
	at org.hibernate.jpa.boot.internal.EntityManagerFactoryBuilderImpl.metadata(EntityManagerFactoryBuilderImpl.java:1442) ~[hibernate-core-6.6.8.Final.jar:6.6.8.Final]
	at org.hibernate.jpa.boot.internal.EntityManagerFactoryBuilderImpl.build(EntityManagerFactoryBuilderImpl.java:1513) ~[hibernate-core-6.6.8.Final.jar:6.6.8.Final]
	at org.springframework.orm.jpa.vendor.SpringHibernateJpaPersistenceProvider.createContainerEntityManagerFactory(SpringHibernateJpaPersistenceProvider.java:66) ~[spring-orm-6.2.3.jar:6.2.3]
	at org.springframework.orm.jpa.LocalContainerEntityManagerFactoryBean.createNativeEntityManagerFactory(LocalContainerEntityManagerFactoryBean.java:390) ~[spring-orm-6.2.3.jar:6.2.3]
	at org.springframework.orm.jpa.AbstractEntityManagerFactoryBean.buildNativeEntityManagerFactory(AbstractEntityManagerFactoryBean.java:419) ~[spring-orm-6.2.3.jar:6.2.3]
	at org.springframework.orm.jpa.AbstractEntityManagerFactoryBean.afterPropertiesSet(AbstractEntityManagerFactoryBean.java:400) ~[spring-orm-6.2.3.jar:6.2.3]
	at org.springframework.orm.jpa.LocalContainerEntityManagerFactoryBean.afterPropertiesSet(LocalContainerEntityManagerFactoryBean.java:366) ~[spring-orm-6.2.3.jar:6.2.3]
	at org.springframework.beans.factory.support.AbstractAutowireCapableBeanFactory.invokeInitMethods(AbstractAutowireCapableBeanFactory.java:1859) ~[spring-beans-6.2.3.jar:6.2.3]
	at org.springframework.beans.factory.support.AbstractAutowireCapableBeanFactory.initializeBean(AbstractAutowireCapableBeanFactory.java:1808) ~[spring-beans-6.2.3.jar:6.2.3]
	... 95 common frames omitted
Caused by: org.hibernate.HibernateException: Unable to determine Dialect without JDBC metadata (please set 'jakarta.persistence.jdbc.url' for common cases or 'hibernate.dialect' when a custom Dialect implementation must be provided)
	at org.hibernate.engine.jdbc.dialect.internal.DialectFactoryImpl.determineDialect(DialectFactoryImpl.java:191) ~[hibernate-core-6.6.8.Final.jar:6.6.8.Final]
	at org.hibernate.engine.jdbc.dialect.internal.DialectFactoryImpl.buildDialect(DialectFactoryImpl.java:87) ~[hibernate-core-6.6.8.Final.jar:6.6.8.Final]
	at org.hibernate.engine.jdbc.env.internal.JdbcEnvironmentInitiator.getJdbcEnvironmentWithDefaults(JdbcEnvironmentInitiator.java:181) ~[hibernate-core-6.6.8.Final.jar:6.6.8.Final]
	at org.hibernate.engine.jdbc.env.internal.JdbcEnvironmentInitiator.getJdbcEnvironmentUsingJdbcMetadata(JdbcEnvironmentInitiator.java:392) ~[hibernate-core-6.6.8.Final.jar:6.6.8.Final]
	at org.hibernate.engine.jdbc.env.internal.JdbcEnvironmentInitiator.initiateService(JdbcEnvironmentInitiator.java:129) ~[hibernate-core-6.6.8.Final.jar:6.6.8.Final]
	at org.hibernate.engine.jdbc.env.internal.JdbcEnvironmentInitiator.initiateService(JdbcEnvironmentInitiator.java:81) ~[hibernate-core-6.6.8.Final.jar:6.6.8.Final]
	at org.hibernate.boot.registry.internal.StandardServiceRegistryImpl.initiateService(StandardServiceRegistryImpl.java:130) ~[hibernate-core-6.6.8.Final.jar:6.6.8.Final]
	at org.hibernate.service.internal.AbstractServiceRegistryImpl.createService(AbstractServiceRegistryImpl.java:263) ~[hibernate-core-6.6.8.Final.jar:6.6.8.Final]
	... 110 common frames omitted

2026-03-09T13:03:30.793+01:00  WARN 24624 --- [DeployFast] [           main] o.s.test.context.TestContextManager      : Caught exception while allowing TestExecutionListener [org.springframework.test.context.web.ServletTestExecutionListener] to prepare test instance [com.example.deployfast.DeployFastApplicationTests@5d9cd8b7]

java.lang.IllegalStateException: Failed to load ApplicationContext for [WebMergedContextConfiguration@53ce41e7 testClass = com.example.deployfast.DeployFastApplicationTests, locations = [], classes = [com.example.deployfast.DeployFastApplication], contextInitializerClasses = [], activeProfiles = [], propertySourceDescriptors = [], propertySourceProperties = ["org.springframework.boot.test.context.SpringBootTestContextBootstrapper=true"], contextCustomizers = [org.springframework.boot.test.context.filter.ExcludeFilterContextCustomizer@3a022576, org.springframework.boot.test.json.DuplicateJsonObjectContextCustomizerFactory$DuplicateJsonObjectContextCustomizer@748fe51d, org.springframework.boot.test.mock.mockito.MockitoContextCustomizer@0, org.springframework.boot.test.web.client.TestRestTemplateContextCustomizer@293cde83, org.springframework.boot.test.web.reactor.netty.DisableReactorResourceFactoryGlobalResourcesContextCustomizerFactory$DisableReactorResourceFactoryGlobalResourcesContextCustomizerCustomizer@65bb9029, org.springframework.boot.test.autoconfigure.OnFailureConditionReportContextCustomizerFactory$OnFailureConditionReportContextCustomizer@49601f82, org.springframework.boot.test.autoconfigure.actuate.observability.ObservabilityContextCustomizerFactory$DisableObservabilityContextCustomizer@1f, org.springframework.boot.test.autoconfigure.properties.PropertyMappingContextCustomizer@0, org.springframework.boot.test.autoconfigure.web.servlet.WebDriverContextCustomizer@320494b6, org.springframework.test.context.support.DynamicPropertiesContextCustomizer@0, org.springframework.boot.test.context.SpringBootTestAnnotation@50506eb8], resourceBasePath = "src/main/webapp", contextLoader = org.springframework.boot.test.context.SpringBootContextLoader, parent = null]
	at org.springframework.test.context.cache.DefaultCacheAwareContextLoaderDelegate.loadContext(DefaultCacheAwareContextLoaderDelegate.java:180) ~[spring-test-6.2.3.jar:6.2.3]
	at org.springframework.test.context.support.DefaultTestContext.getApplicationContext(DefaultTestContext.java:130) ~[spring-test-6.2.3.jar:6.2.3]
	at org.springframework.test.context.web.ServletTestExecutionListener.setUpRequestContextIfNecessary(ServletTestExecutionListener.java:200) ~[spring-test-6.2.3.jar:6.2.3]
	at org.springframework.test.context.web.ServletTestExecutionListener.prepareTestInstance(ServletTestExecutionListener.java:139) ~[spring-test-6.2.3.jar:6.2.3]
	at org.springframework.test.context.TestContextManager.prepareTestInstance(TestContextManager.java:260) ~[spring-test-6.2.3.jar:6.2.3]
	at org.springframework.test.context.junit.jupiter.SpringExtension.postProcessTestInstance(SpringExtension.java:160) ~[spring-test-6.2.3.jar:6.2.3]
	at org.junit.jupiter.engine.descriptor.ClassBasedTestDescriptor.lambda$invokeTestInstancePostProcessors$11(ClassBasedTestDescriptor.java:378) ~[junit-jupiter-engine-5.11.4.jar:5.11.4]
	at org.junit.jupiter.engine.descriptor.ClassBasedTestDescriptor.executeAndMaskThrowable(ClassBasedTestDescriptor.java:383) ~[junit-jupiter-engine-5.11.4.jar:5.11.4]
	at org.junit.jupiter.engine.descriptor.ClassBasedTestDescriptor.lambda$invokeTestInstancePostProcessors$12(ClassBasedTestDescriptor.java:378) ~[junit-jupiter-engine-5.11.4.jar:5.11.4]
	at java.base/java.util.stream.ForEachOps$ForEachOp$OfRef.accept(ForEachOps.java:184) ~[na:na]
	at java.base/java.util.stream.ReferencePipeline$3$1.accept(ReferencePipeline.java:197) ~[na:na]
	at java.base/java.util.stream.ReferencePipeline$2$1.accept(ReferencePipeline.java:179) ~[na:na]
	at java.base/java.util.stream.ReferencePipeline$3$1.accept(ReferencePipeline.java:197) ~[na:na]
	at java.base/java.util.ArrayList$ArrayListSpliterator.forEachRemaining(ArrayList.java:1708) ~[na:na]
         - 
@ConditionalOnBean 
(types: org.springfram
ework.boot.jdbc.XAData
SourceWrapper; 
SearchStrategy: all) 
did not find any 
beans of type org.spri
ngframework.boot.jdbc.
XADataSourceWrapper 
(OnBeanCondition)
	at java.base/java.util.stream.AbstractPipeline.copyInto(AbstractPipeline.java:509) ~[na:na]
	at java.base/java.util.stream.AbstractPipeline.wrapAndCopyInto(AbstractPipeline.java:499) ~[na:na]
	at java.base/java.util.stream.ForEachOps$ForEachOp.evaluateSequential(ForEachOps.java:151) ~[na:na]
	at java.base/java.util.stream.ForEachOps$ForEachOp$OfRef.evaluateSequential(ForEachOps.java:174) ~[na:na]
	at java.base/java.util.stream.AbstractPipeline.evaluate(AbstractPipeline.java:234) ~[na:na]
	at java.base/java.util.stream.ReferencePipeline.forEach(ReferencePipeline.java:596) ~[na:na]
	at org.junit.jupiter.engine.descriptor.ClassBasedTestDescriptor.invokeTestInstancePostProcessors(ClassBasedTestDescriptor.java:377) ~[junit-jupiter-engine-5.11.4.jar:5.11.4]
	at org.junit.jupiter.engine.descriptor.ClassBasedTestDescriptor.lambda$instantiateAndPostProcessTestInstance$7(ClassBasedTestDescriptor.java:290) ~[junit-jupiter-engine-5.11.4.jar:5.11.4]
	at org.junit.platform.engine.support.hierarchical.ThrowableCollector.execute(ThrowableCollector.java:73) ~[junit-platform-engine-1.11.4.jar:1.11.4]
	at org.junit.jupiter.engine.descriptor.ClassBasedTestDescriptor.instantiateAndPostProcessTestInstance(ClassBasedTestDescriptor.java:289) ~[junit-jupiter-engine-5.11.4.jar:5.11.4]
      Matched:
         - 
@ConditionalOnClass 
found required 
classes 'javax.sql.Dat
aSource', 'jakarta.tra
nsaction.TransactionMa
nager', 'org.springfra
mework.jdbc.datasource
.embedded.EmbeddedData
baseType' 
(OnClassCondition)


Exclusions:
-----------

    None


Unconditional classes:
----------------------

    org.springframewor
k.boot.autoconfigure.c
ontext.ConfigurationPr
opertiesAutoConfigurat
ion

    org.springframewor
k.boot.autoconfigure.s
sl.SslAutoConfiguratio
n

    org.springframewor
k.boot.autoconfigure.c
ontext.PropertyPlaceho
lderAutoConfiguration

    org.springframewor
k.boot.autoconfigure.c
ontext.LifecycleAutoCo
nfiguration

    org.springframewor
k.modulith.core.config
.ApplicationModuleInit
ializerRuntimeVerifica
tion

    org.springframewor
k.boot.autoconfigure.a
vailability.Applicatio
nAvailabilityAutoConfi
guration

    org.springframewor
k.boot.autoconfigure.i
nfo.ProjectInfoAutoCon
figuration



	at org.junit.jupiter.engine.descriptor.ClassBasedTestDescriptor.lambda$testInstancesProvider$5(ClassBasedTestDescriptor.java:279) ~[junit-jupiter-engine-5.11.4.jar:5.11.4]
	at java.base/java.util.Optional.orElseGet(Optional.java:364) ~[na:na]
	at org.junit.jupiter.engine.descriptor.ClassBasedTestDescriptor.lambda$testInstancesProvider$6(ClassBasedTestDescriptor.java:278) ~[junit-jupiter-engine-5.11.4.jar:5.11.4]
	at org.junit.jupiter.engine.execution.TestInstancesProvider.getTestInstances(TestInstancesProvider.java:31) ~[junit-jupiter-engine-5.11.4.jar:5.11.4]
	at org.junit.jupiter.engine.descriptor.TestMethodTestDescriptor.lambda$prepare$1(TestMethodTestDescriptor.java:105) ~[junit-jupiter-engine-5.11.4.jar:5.11.4]
	at org.junit.platform.engine.support.hierarchical.ThrowableCollector.execute(ThrowableCollector.java:73) ~[junit-platform-engine-1.11.4.jar:1.11.4]
	at org.junit.jupiter.engine.descriptor.TestMethodTestDescriptor.prepare(TestMethodTestDescriptor.java:104) ~[junit-jupiter-engine-5.11.4.jar:5.11.4]
	at org.junit.jupiter.engine.descriptor.TestMethodTestDescriptor.prepare(TestMethodTestDescriptor.java:68) ~[junit-jupiter-engine-5.11.4.jar:5.11.4]
	at org.junit.platform.engine.support.hierarchical.NodeTestTask.lambda$prepare$2(NodeTestTask.java:128) ~[junit-platform-engine-1.11.4.jar:1.11.4]
	at org.junit.platform.engine.support.hierarchical.ThrowableCollector.execute(ThrowableCollector.java:73) ~[junit-platform-engine-1.11.4.jar:1.11.4]
	at org.junit.platform.engine.support.hierarchical.NodeTestTask.prepare(NodeTestTask.java:128) ~[junit-platform-engine-1.11.4.jar:1.11.4]
	at org.junit.platform.engine.support.hierarchical.NodeTestTask.execute(NodeTestTask.java:95) ~[junit-platform-engine-1.11.4.jar:1.11.4]
	at java.base/java.util.ArrayList.forEach(ArrayList.java:1596) ~[na:na]
	at org.junit.platform.engine.support.hierarchical.SameThreadHierarchicalTestExecutorService.invokeAll(SameThreadHierarchicalTestExecutorService.java:41) ~[junit-platform-engine-1.11.4.jar:1.11.4]
	at org.junit.platform.engine.support.hierarchical.NodeTestTask.lambda$executeRecursively$6(NodeTestTask.java:160) ~[junit-platform-engine-1.11.4.jar:1.11.4]
	at org.junit.platform.engine.support.hierarchical.ThrowableCollector.execute(ThrowableCollector.java:73) ~[junit-platform-engine-1.11.4.jar:1.11.4]
	at org.junit.platform.engine.support.hierarchical.NodeTestTask.lambda$executeRecursively$8(NodeTestTask.java:146) ~[junit-platform-engine-1.11.4.jar:1.11.4]
	at org.junit.platform.engine.support.hierarchical.Node.around(Node.java:137) ~[junit-platform-engine-1.11.4.jar:1.11.4]
	at org.junit.platform.engine.support.hierarchical.NodeTestTask.lambda$executeRecursively$9(NodeTestTask.java:144) ~[junit-platform-engine-1.11.4.jar:1.11.4]
	at org.junit.platform.engine.support.hierarchical.ThrowableCollector.execute(ThrowableCollector.java:73) ~[junit-platform-engine-1.11.4.jar:1.11.4]
	at org.junit.platform.engine.support.hierarchical.NodeTestTask.executeRecursively(NodeTestTask.java:143) ~[junit-platform-engine-1.11.4.jar:1.11.4]
	at org.junit.platform.engine.support.hierarchical.NodeTestTask.execute(NodeTestTask.java:100) ~[junit-platform-engine-1.11.4.jar:1.11.4]
	at java.base/java.util.ArrayList.forEach(ArrayList.java:1596) ~[na:na]
	at org.junit.platform.engine.support.hierarchical.SameThreadHierarchicalTestExecutorService.invokeAll(SameThreadHierarchicalTestExecutorService.java:41) ~[junit-platform-engine-1.11.4.jar:1.11.4]
	at org.junit.platform.engine.support.hierarchical.NodeTestTask.lambda$executeRecursively$6(NodeTestTask.java:160) ~[junit-platform-engine-1.11.4.jar:1.11.4]
	at org.junit.platform.engine.support.hierarchical.ThrowableCollector.execute(ThrowableCollector.java:73) ~[junit-platform-engine-1.11.4.jar:1.11.4]
	at org.junit.platform.engine.support.hierarchical.NodeTestTask.lambda$executeRecursively$8(NodeTestTask.java:146) ~[junit-platform-engine-1.11.4.jar:1.11.4]
	at org.junit.platform.engine.support.hierarchical.Node.around(Node.java:137) ~[junit-platform-engine-1.11.4.jar:1.11.4]
	at org.junit.platform.engine.support.hierarchical.NodeTestTask.lambda$executeRecursively$9(NodeTestTask.java:144) ~[junit-platform-engine-1.11.4.jar:1.11.4]
	at org.junit.platform.engine.support.hierarchical.ThrowableCollector.execute(ThrowableCollector.java:73) ~[junit-platform-engine-1.11.4.jar:1.11.4]
	at org.junit.platform.engine.support.hierarchical.NodeTestTask.executeRecursively(NodeTestTask.java:143) ~[junit-platform-engine-1.11.4.jar:1.11.4]
	at org.junit.platform.engine.support.hierarchical.NodeTestTask.execute(NodeTestTask.java:100) ~[junit-platform-engine-1.11.4.jar:1.11.4]
	at org.junit.platform.engine.support.hierarchical.SameThreadHierarchicalTestExecutorService.submit(SameThreadHierarchicalTestExecutorService.java:35) ~[junit-platform-engine-1.11.4.jar:1.11.4]
	at org.junit.platform.engine.support.hierarchical.HierarchicalTestExecutor.execute(HierarchicalTestExecutor.java:57) ~[junit-platform-engine-1.11.4.jar:1.11.4]
	at org.junit.platform.engine.support.hierarchical.HierarchicalTestEngine.execute(HierarchicalTestEngine.java:54) ~[junit-platform-engine-1.11.4.jar:1.11.4]
	at org.junit.platform.launcher.core.EngineExecutionOrchestrator.execute(EngineExecutionOrchestrator.java:198) ~[junit-platform-launcher-1.11.4.jar:1.11.4]
	at org.junit.platform.launcher.core.EngineExecutionOrchestrator.execute(EngineExecutionOrchestrator.java:169) ~[junit-platform-launcher-1.11.4.jar:1.11.4]
	at org.junit.platform.launcher.core.EngineExecutionOrchestrator.execute(EngineExecutionOrchestrator.java:93) ~[junit-platform-launcher-1.11.4.jar:1.11.4]
	at org.junit.platform.launcher.core.EngineExecutionOrchestrator.lambda$execute$0(EngineExecutionOrchestrator.java:58) ~[junit-platform-launcher-1.11.4.jar:1.11.4]
	at org.junit.platform.launcher.core.EngineExecutionOrchestrator.withInterceptedStreams(EngineExecutionOrchestrator.java:141) ~[junit-platform-launcher-1.11.4.jar:1.11.4]
	at org.junit.platform.launcher.core.EngineExecutionOrchestrator.execute(EngineExecutionOrchestrator.java:57) ~[junit-platform-launcher-1.11.4.jar:1.11.4]
	at org.junit.platform.launcher.core.DefaultLauncher.execute(DefaultLauncher.java:103) ~[junit-platform-launcher-1.11.4.jar:1.11.4]
	at org.junit.platform.launcher.core.DefaultLauncher.execute(DefaultLauncher.java:85) ~[junit-platform-launcher-1.11.4.jar:1.11.4]
	at org.junit.platform.launcher.core.DelegatingLauncher.execute(DelegatingLauncher.java:47) ~[junit-platform-launcher-1.11.4.jar:1.11.4]
	at org.apache.maven.surefire.junitplatform.LazyLauncher.execute(LazyLauncher.java:56) ~[surefire-junit-platform-3.5.2.jar:3.5.2]
	at org.apache.maven.surefire.junitplatform.JUnitPlatformProvider.execute(JUnitPlatformProvider.java:184) ~[surefire-junit-platform-3.5.2.jar:3.5.2]
	at org.apache.maven.surefire.junitplatform.JUnitPlatformProvider.invokeAllTests(JUnitPlatformProvider.java:148) ~[surefire-junit-platform-3.5.2.jar:3.5.2]
	at org.apache.maven.surefire.junitplatform.JUnitPlatformProvider.invoke(JUnitPlatformProvider.java:122) ~[surefire-junit-platform-3.5.2.jar:3.5.2]
	at org.apache.maven.surefire.booter.ForkedBooter.runSuitesInProcess(ForkedBooter.java:385) ~[surefire-booter-3.5.2.jar:3.5.2]
	at org.apache.maven.surefire.booter.ForkedBooter.execute(ForkedBooter.java:162) ~[surefire-booter-3.5.2.jar:3.5.2]
	at org.apache.maven.surefire.booter.ForkedBooter.run(ForkedBooter.java:507) ~[surefire-booter-3.5.2.jar:3.5.2]
	at org.apache.maven.surefire.booter.ForkedBooter.main(ForkedBooter.java:495) ~[surefire-booter-3.5.2.jar:3.5.2]
Caused by: org.springframework.beans.factory.BeanCreationException: Error creating bean with name 'entityManagerFactory' defined in class path resource [org/springframework/boot/autoconfigure/orm/jpa/HibernateJpaConfiguration.class]: Unable to create requested service [org.hibernate.engine.jdbc.env.spi.JdbcEnvironment] due to: Unable to determine Dialect without JDBC metadata (please set 'jakarta.persistence.jdbc.url' for common cases or 'hibernate.dialect' when a custom Dialect implementation must be provided)
	at org.springframework.beans.factory.support.AbstractAutowireCapableBeanFactory.initializeBean(AbstractAutowireCapableBeanFactory.java:1812) ~[spring-beans-6.2.3.jar:6.2.3]
	at org.springframework.beans.factory.support.AbstractAutowireCapableBeanFactory.doCreateBean(AbstractAutowireCapableBeanFactory.java:601) ~[spring-beans-6.2.3.jar:6.2.3]
	at org.springframework.beans.factory.support.AbstractAutowireCapableBeanFactory.createBean(AbstractAutowireCapableBeanFactory.java:523) ~[spring-beans-6.2.3.jar:6.2.3]
	at org.springframework.beans.factory.support.AbstractBeanFactory.lambda$doGetBean$0(AbstractBeanFactory.java:339) ~[spring-beans-6.2.3.jar:6.2.3]
	at org.springframework.beans.factory.support.DefaultSingletonBeanRegistry.getSingleton(DefaultSingletonBeanRegistry.java:346) ~[spring-beans-6.2.3.jar:6.2.3]
	at org.springframework.beans.factory.support.AbstractBeanFactory.doGetBean(AbstractBeanFactory.java:337) ~[spring-beans-6.2.3.jar:6.2.3]
	at org.springframework.beans.factory.support.AbstractBeanFactory.getBean(AbstractBeanFactory.java:207) ~[spring-beans-6.2.3.jar:6.2.3]
	at org.springframework.context.support.AbstractApplicationContext.finishBeanFactoryInitialization(AbstractApplicationContext.java:970) ~[spring-context-6.2.3.jar:6.2.3]
	at org.springframework.context.support.AbstractApplicationContext.refresh(AbstractApplicationContext.java:627) ~[spring-context-6.2.3.jar:6.2.3]
	at org.springframework.boot.SpringApplication.refresh(SpringApplication.java:752) ~[spring-boot-3.4.3.jar:3.4.3]
	at org.springframework.boot.SpringApplication.refreshContext(SpringApplication.java:439) ~[spring-boot-3.4.3.jar:3.4.3]
	at org.springframework.boot.SpringApplication.run(SpringApplication.java:318) ~[spring-boot-3.4.3.jar:3.4.3]
	at org.springframework.boot.test.context.SpringBootContextLoader.lambda$loadContext$3(SpringBootContextLoader.java:137) ~[spring-boot-test-3.4.3.jar:3.4.3]
	at org.springframework.util.function.ThrowingSupplier.get(ThrowingSupplier.java:58) ~[spring-core-6.2.3.jar:6.2.3]
	at org.springframework.util.function.ThrowingSupplier.get(ThrowingSupplier.java:46) ~[spring-core-6.2.3.jar:6.2.3]
	at org.springframework.boot.SpringApplication.withHook(SpringApplication.java:1461) ~[spring-boot-3.4.3.jar:3.4.3]
	at org.springframework.boot.test.context.SpringBootContextLoader$ContextLoaderHook.run(SpringBootContextLoader.java:553) ~[spring-boot-test-3.4.3.jar:3.4.3]
	at org.springframework.boot.test.context.SpringBootContextLoader.loadContext(SpringBootContextLoader.java:137) ~[spring-boot-test-3.4.3.jar:3.4.3]
	at org.springframework.boot.test.context.SpringBootContextLoader.loadContext(SpringBootContextLoader.java:108) ~[spring-boot-test-3.4.3.jar:3.4.3]
	at org.springframework.test.context.cache.DefaultCacheAwareContextLoaderDelegate.loadContextInternal(DefaultCacheAwareContextLoaderDelegate.java:225) ~[spring-test-6.2.3.jar:6.2.3]
	at org.springframework.test.context.cache.DefaultCacheAwareContextLoaderDelegate.loadContext(DefaultCacheAwareContextLoaderDelegate.java:152) ~[spring-test-6.2.3.jar:6.2.3]
	... 75 common frames omitted
Caused by: org.hibernate.service.spi.ServiceException: Unable to create requested service [org.hibernate.engine.jdbc.env.spi.JdbcEnvironment] due to: Unable to determine Dialect without JDBC metadata (please set 'jakarta.persistence.jdbc.url' for common cases or 'hibernate.dialect' when a custom Dialect implementation must be provided)
	at org.hibernate.service.internal.AbstractServiceRegistryImpl.createService(AbstractServiceRegistryImpl.java:276) ~[hibernate-core-6.6.8.Final.jar:6.6.8.Final]
	at org.hibernate.service.internal.AbstractServiceRegistryImpl.initializeService(AbstractServiceRegistryImpl.java:238) ~[hibernate-core-6.6.8.Final.jar:6.6.8.Final]
	at org.hibernate.service.internal.AbstractServiceRegistryImpl.getService(AbstractServiceRegistryImpl.java:215) ~[hibernate-core-6.6.8.Final.jar:6.6.8.Final]
	at org.hibernate.boot.model.relational.Database.<init>(Database.java:45) ~[hibernate-core-6.6.8.Final.jar:6.6.8.Final]
	at org.hibernate.boot.internal.InFlightMetadataCollectorImpl.getDatabase(InFlightMetadataCollectorImpl.java:226) ~[hibernate-core-6.6.8.Final.jar:6.6.8.Final]
	at org.hibernate.boot.internal.InFlightMetadataCollectorImpl.<init>(InFlightMetadataCollectorImpl.java:194) ~[hibernate-core-6.6.8.Final.jar:6.6.8.Final]
	at org.hibernate.boot.model.process.spi.MetadataBuildingProcess.complete(MetadataBuildingProcess.java:171) ~[hibernate-core-6.6.8.Final.jar:6.6.8.Final]
	at org.hibernate.jpa.boot.internal.EntityManagerFactoryBuilderImpl.metadata(EntityManagerFactoryBuilderImpl.java:1442) ~[hibernate-core-6.6.8.Final.jar:6.6.8.Final]
	at org.hibernate.jpa.boot.internal.EntityManagerFactoryBuilderImpl.build(EntityManagerFactoryBuilderImpl.java:1513) ~[hibernate-core-6.6.8.Final.jar:6.6.8.Final]
	at org.springframework.orm.jpa.vendor.SpringHibernateJpaPersistenceProvider.createContainerEntityManagerFactory(SpringHibernateJpaPersistenceProvider.java:66) ~[spring-orm-6.2.3.jar:6.2.3]
	at org.springframework.orm.jpa.LocalContainerEntityManagerFactoryBean.createNativeEntityManagerFactory(LocalContainerEntityManagerFactoryBean.java:390) ~[spring-orm-6.2.3.jar:6.2.3]
	at org.springframework.orm.jpa.AbstractEntityManagerFactoryBean.buildNativeEntityManagerFactory(AbstractEntityManagerFactoryBean.java:419) ~[spring-orm-6.2.3.jar:6.2.3]
	at org.springframework.orm.jpa.AbstractEntityManagerFactoryBean.afterPropertiesSet(AbstractEntityManagerFactoryBean.java:400) ~[spring-orm-6.2.3.jar:6.2.3]
	at org.springframework.orm.jpa.LocalContainerEntityManagerFactoryBean.afterPropertiesSet(LocalContainerEntityManagerFactoryBean.java:366) ~[spring-orm-6.2.3.jar:6.2.3]
	at org.springframework.beans.factory.support.AbstractAutowireCapableBeanFactory.invokeInitMethods(AbstractAutowireCapableBeanFactory.java:1859) ~[spring-beans-6.2.3.jar:6.2.3]
	at org.springframework.beans.factory.support.AbstractAutowireCapableBeanFactory.initializeBean(AbstractAutowireCapableBeanFactory.java:1808) ~[spring-beans-6.2.3.jar:6.2.3]
	... 95 common frames omitted
Caused by: org.hibernate.HibernateException: Unable to determine Dialect without JDBC metadata (please set 'jakarta.persistence.jdbc.url' for common cases or 'hibernate.dialect' when a custom Dialect implementation must be provided)
	at org.hibernate.engine.jdbc.dialect.internal.DialectFactoryImpl.determineDialect(DialectFactoryImpl.java:191) ~[hibernate-core-6.6.8.Final.jar:6.6.8.Final]
	at org.hibernate.engine.jdbc.dialect.internal.DialectFactoryImpl.buildDialect(DialectFactoryImpl.java:87) ~[hibernate-core-6.6.8.Final.jar:6.6.8.Final]
	at org.hibernate.engine.jdbc.env.internal.JdbcEnvironmentInitiator.getJdbcEnvironmentWithDefaults(JdbcEnvironmentInitiator.java:181) ~[hibernate-core-6.6.8.Final.jar:6.6.8.Final]
	at org.hibernate.engine.jdbc.env.internal.JdbcEnvironmentInitiator.getJdbcEnvironmentUsingJdbcMetadata(JdbcEnvironmentInitiator.java:392) ~[hibernate-core-6.6.8.Final.jar:6.6.8.Final]
	at org.hibernate.engine.jdbc.env.internal.JdbcEnvironmentInitiator.initiateService(JdbcEnvironmentInitiator.java:129) ~[hibernate-core-6.6.8.Final.jar:6.6.8.Final]
	at org.hibernate.engine.jdbc.env.internal.JdbcEnvironmentInitiator.initiateService(JdbcEnvironmentInitiator.java:81) ~[hibernate-core-6.6.8.Final.jar:6.6.8.Final]
	at org.hibernate.boot.registry.internal.StandardServiceRegistryImpl.initiateService(StandardServiceRegistryImpl.java:130) ~[hibernate-core-6.6.8.Final.jar:6.6.8.Final]
	at org.hibernate.service.internal.AbstractServiceRegistryImpl.createService(AbstractServiceRegistryImpl.java:263) ~[hibernate-core-6.6.8.Final.jar:6.6.8.Final]
	... 110 common frames omitted

[ERROR] Tests run: 1, Failures: 0, Errors: 1, Skipped: 0, Time elapsed: 5.560 s <<< FAILURE! -- in com.example.deployfast.DeployFastApplicationTests
[ERROR] com.example.deployfast.DeployFastApplicationTests.contextLoads -- Time elapsed: 0.026 s <<< ERROR!
java.lang.IllegalStateException: Failed to load ApplicationContext for [WebMergedContextConfiguration@53ce41e7 testClass = com.example.deployfast.DeployFastApplicationTests, locations = [], classes = [com.example.deployfast.DeployFastApplication], contextInitializerClasses = [], activeProfiles = [], propertySourceDescriptors = [], propertySourceProperties = ["org.springframework.boot.test.context.SpringBootTestContextBootstrapper=true"], contextCustomizers = [org.springframework.boot.test.context.filter.ExcludeFilterContextCustomizer@3a022576, org.springframework.boot.test.json.DuplicateJsonObjectContextCustomizerFactory$DuplicateJsonObjectContextCustomizer@748fe51d, org.springframework.boot.test.mock.mockito.MockitoContextCustomizer@0, org.springframework.boot.test.web.client.TestRestTemplateContextCustomizer@293cde83, org.springframework.boot.test.web.reactor.netty.DisableReactorResourceFactoryGlobalResourcesContextCustomizerFactory$DisableReactorResourceFactoryGlobalResourcesContextCustomizerCustomizer@65bb9029, org.springframework.boot.test.autoconfigure.OnFailureConditionReportContextCustomizerFactory$OnFailureConditionReportContextCustomizer@49601f82, org.springframework.boot.test.autoconfigure.actuate.observability.ObservabilityContextCustomizerFactory$DisableObservabilityContextCustomizer@1f, org.springframework.boot.test.autoconfigure.properties.PropertyMappingContextCustomizer@0, org.springframework.boot.test.autoconfigure.web.servlet.WebDriverContextCustomizer@320494b6, org.springframework.test.context.support.DynamicPropertiesContextCustomizer@0, org.springframework.boot.test.context.SpringBootTestAnnotation@50506eb8], resourceBasePath = "src/main/webapp", contextLoader = org.springframework.boot.test.context.SpringBootContextLoader, parent = null]
	at org.springframework.test.context.cache.DefaultCacheAwareContextLoaderDelegate.loadContext(DefaultCacheAwareContextLoaderDelegate.java:180)
	at org.springframework.test.context.support.DefaultTestContext.getApplicationContext(DefaultTestContext.java:130)
	at org.springframework.test.context.web.ServletTestExecutionListener.setUpRequestContextIfNecessary(ServletTestExecutionListener.java:200)
	at org.springframework.test.context.web.ServletTestExecutionListener.prepareTestInstance(ServletTestExecutionListener.java:139)
	at org.springframework.test.context.TestContextManager.prepareTestInstance(TestContextManager.java:260)
	at org.springframework.test.context.junit.jupiter.SpringExtension.postProcessTestInstance(SpringExtension.java:160)
	at java.base/java.util.stream.ForEachOps$ForEachOp$OfRef.accept(ForEachOps.java:184)
	at java.base/java.util.stream.ReferencePipeline$3$1.accept(ReferencePipeline.java:197)
	at java.base/java.util.stream.ReferencePipeline$2$1.accept(ReferencePipeline.java:179)
	at java.base/java.util.stream.ReferencePipeline$3$1.accept(ReferencePipeline.java:197)
	at java.base/java.util.ArrayList$ArrayListSpliterator.forEachRemaining(ArrayList.java:1708)
	at java.base/java.util.stream.AbstractPipeline.copyInto(AbstractPipeline.java:509)
	at java.base/java.util.stream.AbstractPipeline.wrapAndCopyInto(AbstractPipeline.java:499)
	at java.base/java.util.stream.ForEachOps$ForEachOp.evaluateSequential(ForEachOps.java:151)
	at java.base/java.util.stream.ForEachOps$ForEachOp$OfRef.evaluateSequential(ForEachOps.java:174)
	at java.base/java.util.stream.AbstractPipeline.evaluate(AbstractPipeline.java:234)
	at java.base/java.util.stream.ReferencePipeline.forEach(ReferencePipeline.java:596)
	at java.base/java.util.Optional.orElseGet(Optional.java:364)
	at java.base/java.util.ArrayList.forEach(ArrayList.java:1596)
	at java.base/java.util.ArrayList.forEach(ArrayList.java:1596)
Caused by: org.springframework.beans.factory.BeanCreationException: Error creating bean with name 'entityManagerFactory' defined in class path resource [org/springframework/boot/autoconfigure/orm/jpa/HibernateJpaConfiguration.class]: Unable to create requested service [org.hibernate.engine.jdbc.env.spi.JdbcEnvironment] due to: Unable to determine Dialect without JDBC metadata (please set 'jakarta.persistence.jdbc.url' for common cases or 'hibernate.dialect' when a custom Dialect implementation must be provided)
	at org.springframework.beans.factory.support.AbstractAutowireCapableBeanFactory.initializeBean(AbstractAutowireCapableBeanFactory.java:1812)
	at org.springframework.beans.factory.support.AbstractAutowireCapableBeanFactory.doCreateBean(AbstractAutowireCapableBeanFactory.java:601)
	at org.springframework.beans.factory.support.AbstractAutowireCapableBeanFactory.createBean(AbstractAutowireCapableBeanFactory.java:523)
	at org.springframework.beans.factory.support.AbstractBeanFactory.lambda$doGetBean$0(AbstractBeanFactory.java:339)
	at org.springframework.beans.factory.support.DefaultSingletonBeanRegistry.getSingleton(DefaultSingletonBeanRegistry.java:346)
	at org.springframework.beans.factory.support.AbstractBeanFactory.doGetBean(AbstractBeanFactory.java:337)
	at org.springframework.beans.factory.support.AbstractBeanFactory.getBean(AbstractBeanFactory.java:207)
	at org.springframework.context.support.AbstractApplicationContext.finishBeanFactoryInitialization(AbstractApplicationContext.java:970)
	at org.springframework.context.support.AbstractApplicationContext.refresh(AbstractApplicationContext.java:627)
	at org.springframework.boot.SpringApplication.refresh(SpringApplication.java:752)
	at org.springframework.boot.SpringApplication.refreshContext(SpringApplication.java:439)
	at org.springframework.boot.SpringApplication.run(SpringApplication.java:318)
	at org.springframework.boot.test.context.SpringBootContextLoader.lambda$loadContext$3(SpringBootContextLoader.java:137)
	at org.springframework.util.function.ThrowingSupplier.get(ThrowingSupplier.java:58)
	at org.springframework.util.function.ThrowingSupplier.get(ThrowingSupplier.java:46)
	at org.springframework.boot.SpringApplication.withHook(SpringApplication.java:1461)
	at org.springframework.boot.test.context.SpringBootContextLoader$ContextLoaderHook.run(SpringBootContextLoader.java:553)
	at org.springframework.boot.test.context.SpringBootContextLoader.loadContext(SpringBootContextLoader.java:137)
	at org.springframework.boot.test.context.SpringBootContextLoader.loadContext(SpringBootContextLoader.java:108)
	at org.springframework.test.context.cache.DefaultCacheAwareContextLoaderDelegate.loadContextInternal(DefaultCacheAwareContextLoaderDelegate.java:225)
	at org.springframework.test.context.cache.DefaultCacheAwareContextLoaderDelegate.loadContext(DefaultCacheAwareContextLoaderDelegate.java:152)
	... 19 more
Caused by: org.hibernate.service.spi.ServiceException: Unable to create requested service [org.hibernate.engine.jdbc.env.spi.JdbcEnvironment] due to: Unable to determine Dialect without JDBC metadata (please set 'jakarta.persistence.jdbc.url' for common cases or 'hibernate.dialect' when a custom Dialect implementation must be provided)
	at org.hibernate.service.internal.AbstractServiceRegistryImpl.createService(AbstractServiceRegistryImpl.java:276)
	at org.hibernate.service.internal.AbstractServiceRegistryImpl.initializeService(AbstractServiceRegistryImpl.java:238)
	at org.hibernate.service.internal.AbstractServiceRegistryImpl.getService(AbstractServiceRegistryImpl.java:215)
	at org.hibernate.boot.model.relational.Database.<init>(Database.java:45)
	at org.hibernate.boot.internal.InFlightMetadataCollectorImpl.getDatabase(InFlightMetadataCollectorImpl.java:226)
	at org.hibernate.boot.internal.InFlightMetadataCollectorImpl.<init>(InFlightMetadataCollectorImpl.java:194)
	at org.hibernate.boot.model.process.spi.MetadataBuildingProcess.complete(MetadataBuildingProcess.java:171)
	at org.hibernate.jpa.boot.internal.EntityManagerFactoryBuilderImpl.metadata(EntityManagerFactoryBuilderImpl.java:1442)
	at org.hibernate.jpa.boot.internal.EntityManagerFactoryBuilderImpl.build(EntityManagerFactoryBuilderImpl.java:1513)
	at org.springframework.orm.jpa.vendor.SpringHibernateJpaPersistenceProvider.createContainerEntityManagerFactory(SpringHibernateJpaPersistenceProvider.java:66)
	at org.springframework.orm.jpa.LocalContainerEntityManagerFactoryBean.createNativeEntityManagerFactory(LocalContainerEntityManagerFactoryBean.java:390)
	at org.springframework.orm.jpa.AbstractEntityManagerFactoryBean.buildNativeEntityManagerFactory(AbstractEntityManagerFactoryBean.java:419)
	at org.springframework.orm.jpa.AbstractEntityManagerFactoryBean.afterPropertiesSet(AbstractEntityManagerFactoryBean.java:400)
	at org.springframework.orm.jpa.LocalContainerEntityManagerFactoryBean.afterPropertiesSet(LocalContainerEntityManagerFactoryBean.java:366)
	at org.springframework.beans.factory.support.AbstractAutowireCapableBeanFactory.invokeInitMethods(AbstractAutowireCapableBeanFactory.java:1859)
	at org.springframework.beans.factory.support.AbstractAutowireCapableBeanFactory.initializeBean(AbstractAutowireCapableBeanFactory.java:1808)
	... 39 more
Caused by: org.hibernate.HibernateException: Unable to determine Dialect without JDBC metadata (please set 'jakarta.persistence.jdbc.url' for common cases or 'hibernate.dialect' when a custom Dialect implementation must be provided)
	at org.hibernate.engine.jdbc.dialect.internal.DialectFactoryImpl.determineDialect(DialectFactoryImpl.java:191)
	at org.hibernate.engine.jdbc.dialect.internal.DialectFactoryImpl.buildDialect(DialectFactoryImpl.java:87)
	at org.hibernate.engine.jdbc.env.internal.JdbcEnvironmentInitiator.getJdbcEnvironmentWithDefaults(JdbcEnvironmentInitiator.java:181)
	at org.hibernate.engine.jdbc.env.internal.JdbcEnvironmentInitiator.getJdbcEnvironmentUsingJdbcMetadata(JdbcEnvironmentInitiator.java:392)
	at org.hibernate.engine.jdbc.env.internal.JdbcEnvironmentInitiator.initiateService(JdbcEnvironmentInitiator.java:129)
	at org.hibernate.engine.jdbc.env.internal.JdbcEnvironmentInitiator.initiateService(JdbcEnvironmentInitiator.java:81)
	at org.hibernate.boot.registry.internal.StandardServiceRegistryImpl.initiateService(StandardServiceRegistryImpl.java:130)
	at org.hibernate.service.internal.AbstractServiceRegistryImpl.createService(AbstractServiceRegistryImpl.java:263)
	... 54 more

[INFO] 
[INFO] Results:
[INFO] 
[ERROR] Errors: 
[ERROR]   AuthAndTaskIntegrationTest.testAuthAndTaskFlow ╗ IllegalState Failed to load ApplicationContext for [WebMergedContextConfiguration@56c75b4f testClass = com.example.deployfast.AuthAndTaskIntegrationTest, locations = [], classes = [com.example.deployfast.DeployFastApplication], contextInitializerClasses = [], activeProfiles = [], propertySourceDescriptors = [], propertySourceProperties = ["org.springframework.boot.test.context.SpringBootTestContextBootstrapper=true"], contextCustomizers = [[ImportsContextCustomizer@1cd25514 key = [org.springframework.boot.test.autoconfigure.web.servlet.MockMvcWebDriverAutoConfiguration, org.springframework.boot.test.autoconfigure.web.servlet.MockMvcAutoConfiguration, org.springframework.boot.autoconfigure.security.oauth2.client.servlet.OAuth2ClientAutoConfiguration, org.springframework.boot.autoconfigure.security.servlet.SecurityAutoConfiguration, org.springframework.boot.autoconfigure.security.servlet.SecurityFilterAutoConfiguration, org.springframework.boot.autoconfigure.security.servlet.UserDetailsServiceAutoConfiguration, org.springframework.boot.autoconfigure.security.oauth2.resource.servlet.OAuth2ResourceServerAutoConfiguration, org.springframework.boot.test.autoconfigure.web.servlet.MockMvcSecurityConfiguration, org.springframework.boot.test.autoconfigure.web.servlet.MockMvcWebClientAutoConfiguration, org.springframework.boot.test.autoconfigure.web.reactive.WebTestClientAutoConfiguration]], org.springframework.boot.test.context.filter.ExcludeFilterContextCustomizer@3a022576, org.springframework.boot.test.json.DuplicateJsonObjectContextCustomizerFactory$DuplicateJsonObjectContextCustomizer@748fe51d, org.springframework.boot.test.mock.mockito.MockitoContextCustomizer@0, org.springframework.boot.test.web.client.TestRestTemplateContextCustomizer@293cde83, org.springframework.boot.test.web.reactor.netty.DisableReactorResourceFactoryGlobalResourcesContextCustomizerFactory$DisableReactorResourceFactoryGlobalResourcesContextCustomizerCustomizer@65bb9029, org.springframework.boot.test.autoconfigure.OnFailureConditionReportContextCustomizerFactory$OnFailureConditionReportContextCustomizer@49601f82, org.springframework.boot.test.autoconfigure.actuate.observability.ObservabilityContextCustomizerFactory$DisableObservabilityContextCustomizer@1f, org.springframework.boot.test.autoconfigure.properties.PropertyMappingContextCustomizer@4b3fa0b3, org.springframework.boot.test.autoconfigure.web.servlet.WebDriverContextCustomizer@320494b6, org.springframework.test.context.support.DynamicPropertiesContextCustomizer@0, org.springframework.boot.test.context.SpringBootTestAnnotation@50506eb8], resourceBasePath = "src/main/webapp", contextLoader = org.springframework.boot.test.context.SpringBootContextLoader, parent = null]
[ERROR]   DeployFastApplicationTests.contextLoads ╗ IllegalState Failed to load ApplicationContext for [WebMergedContextConfiguration@53ce41e7 testClass = com.example.deployfast.DeployFastApplicationTests, locations = [], classes = [com.example.deployfast.DeployFastApplication], contextInitializerClasses = [], activeProfiles = [], propertySourceDescriptors = [], propertySourceProperties = ["org.springframework.boot.test.context.SpringBootTestContextBootstrapper=true"], contextCustomizers = [org.springframework.boot.test.context.filter.ExcludeFilterContextCustomizer@3a022576, org.springframework.boot.test.json.DuplicateJsonObjectContextCustomizerFactory$DuplicateJsonObjectContextCustomizer@748fe51d, org.springframework.boot.test.mock.mockito.MockitoContextCustomizer@0, org.springframework.boot.test.web.client.TestRestTemplateContextCustomizer@293cde83, org.springframework.boot.test.web.reactor.netty.DisableReactorResourceFactoryGlobalResourcesContextCustomizerFactory$DisableReactorResourceFactoryGlobalResourcesContextCustomizerCustomizer@65bb9029, org.springframework.boot.test.autoconfigure.OnFailureConditionReportContextCustomizerFactory$OnFailureConditionReportContextCustomizer@49601f82, org.springframework.boot.test.autoconfigure.actuate.observability.ObservabilityContextCustomizerFactory$DisableObservabilityContextCustomizer@1f, org.springframework.boot.test.autoconfigure.properties.PropertyMappingContextCustomizer@0, org.springframework.boot.test.autoconfigure.web.servlet.WebDriverContextCustomizer@320494b6, org.springframework.test.context.support.DynamicPropertiesContextCustomizer@0, org.springframework.boot.test.context.SpringBootTestAnnotation@50506eb8], resourceBasePath = "src/main/webapp", contextLoader = org.springframework.boot.test.context.SpringBootContextLoader, parent = null]
[INFO] 
[ERROR] Tests run: 2, Failures: 0, Errors: 2, Skipped: 0
[INFO] 
[INFO] ------------------------------------------------------------------------
[INFO] BUILD FAILURE
[INFO] ------------------------------------------------------------------------
[INFO] Total time:  01:06 min
[INFO] Finished at: 2026-03-09T13:03:33+01:00
[INFO] ------------------------------------------------------------------------
[ERROR] Failed to execute goal org.apache.maven.plugins:maven-surefire-plugin:3.5.2:test (default-test) on project DeployFast: 
[ERROR] 
[ERROR] See C:\Users\FLORINDA KEVINE\Desktop\Audrey\DeployFast\target\surefire-reports for the individual test results.
[ERROR] See dump files (if any exist) [date].dump, [date]-jvmRun[N].dump and [date].dumpstream.
[ERROR] -> [Help 1]
[ERROR] 
[ERROR] To see the full stack trace of the errors, re-run Maven with the -e switch.
[ERROR] Re-run Maven using the -X switch to enable full debug logging.
[ERROR] 
[ERROR] For more information about the errors and possible solutions, please read the following articles:
[ERROR] [Help 1] http://cwiki.apache.org/confluence/display/MAVEN/MojoFailureException
